Archive member included to satisfy reference by file (symbol)

c:/users/38164/onedrive/desktop/gnu mcu/arm-none-eabi-gcc-9.3.1-1.1/bin/../lib/gcc/arm-none-eabi/9.3.1/../../../../arm-none-eabi/lib/thumb/v7-m/nofp\libc_nano.a(lib_a-exit.o)
                              c:/users/38164/onedrive/desktop/gnu mcu/arm-none-eabi-gcc-9.3.1-1.1/bin/../lib/gcc/arm-none-eabi/9.3.1/../../../../arm-none-eabi/lib/thumb/v7-m/nofp/crt0.o (exit)
c:/users/38164/onedrive/desktop/gnu mcu/arm-none-eabi-gcc-9.3.1-1.1/bin/../lib/gcc/arm-none-eabi/9.3.1/../../../../arm-none-eabi/lib/thumb/v7-m/nofp\libc_nano.a(lib_a-impure.o)
                              c:/users/38164/onedrive/desktop/gnu mcu/arm-none-eabi-gcc-9.3.1-1.1/bin/../lib/gcc/arm-none-eabi/9.3.1/../../../../arm-none-eabi/lib/thumb/v7-m/nofp\libc_nano.a(lib_a-exit.o) (_global_impure_ptr)
c:/users/38164/onedrive/desktop/gnu mcu/arm-none-eabi-gcc-9.3.1-1.1/bin/../lib/gcc/arm-none-eabi/9.3.1/../../../../arm-none-eabi/lib/thumb/v7-m/nofp\libc_nano.a(lib_a-init.o)
                              c:/users/38164/onedrive/desktop/gnu mcu/arm-none-eabi-gcc-9.3.1-1.1/bin/../lib/gcc/arm-none-eabi/9.3.1/../../../../arm-none-eabi/lib/thumb/v7-m/nofp/crt0.o (__libc_init_array)
c:/users/38164/onedrive/desktop/gnu mcu/arm-none-eabi-gcc-9.3.1-1.1/bin/../lib/gcc/arm-none-eabi/9.3.1/../../../../arm-none-eabi/lib/thumb/v7-m/nofp\libc_nano.a(lib_a-memcpy-stub.o)
                              build/queue.o (memcpy)
c:/users/38164/onedrive/desktop/gnu mcu/arm-none-eabi-gcc-9.3.1-1.1/bin/../lib/gcc/arm-none-eabi/9.3.1/../../../../arm-none-eabi/lib/thumb/v7-m/nofp\libc_nano.a(lib_a-memset.o)
                              c:/users/38164/onedrive/desktop/gnu mcu/arm-none-eabi-gcc-9.3.1-1.1/bin/../lib/gcc/arm-none-eabi/9.3.1/../../../../arm-none-eabi/lib/thumb/v7-m/nofp/crt0.o (memset)
c:/users/38164/onedrive/desktop/gnu mcu/arm-none-eabi-gcc-9.3.1-1.1/bin/../lib/gcc/arm-none-eabi/9.3.1/../../../../arm-none-eabi/lib/thumb/v7-m/nofp\libc_nano.a(lib_a-strlen.o)
                              build/work.o (strlen)
c:/users/38164/onedrive/desktop/gnu mcu/arm-none-eabi-gcc-9.3.1-1.1/bin/../lib/gcc/arm-none-eabi/9.3.1/../../../../arm-none-eabi/lib/thumb/v7-m/nofp\libnosys.a(_exit.o)
                              c:/users/38164/onedrive/desktop/gnu mcu/arm-none-eabi-gcc-9.3.1-1.1/bin/../lib/gcc/arm-none-eabi/9.3.1/../../../../arm-none-eabi/lib/thumb/v7-m/nofp\libc_nano.a(lib_a-exit.o) (_exit)

Allocating common symbols
Common symbol       size              file

defaultTaskHandle   0x4               build/freertos.o
task_handle_send_to_terminal_from_MCU_one
                    0x4               build/mcu_one.o
task_handle_send_to_MCU_two_from_MCU_one
                    0x4               build/mcu_one.o
mutex_handle_receive_from_terminal_on_MCU_one
                    0x4               build/mcu_one.o
uwTick              0x4               build/stm32f1xx_hal.o
xQueueRegistry      0x40              build/queue.o
pFlash              0x20              build/stm32f1xx_hal_flash.o
queue_handle_receive_from_MCU_two_on_MCU_one
                    0x4               build/mcu_one.o
task_handle_receive_from_MCU_two_on_MCU_one
                    0x4               build/mcu_one.o
huart1              0x40              build/usart.o
task_handle_receive_from_terminal_on_MCU_one
                    0x4               build/mcu_one.o
htim1               0x48              build/stm32f1xx_hal_timebase_tim.o
mutex_handle_send_to_MCU_two_from_MCU_one
                    0x4               build/mcu_one.o
queue_handle_send_to_terminal_from_MCU_one
                    0x4               build/mcu_one.o
mutex_handle_receive_from_MCU_two_on_MCU_one
                    0x4               build/mcu_one.o
huart2              0x40              build/usart.o
queue_handle_receive_from_terminal_on_MCU_one
                    0x4               build/mcu_one.o
queue_handle_send_to_MCU_two_from_MCU_one
                    0x4               build/mcu_one.o
mutex_handle_send_to_terminal_from_MCU_one
                    0x4               build/mcu_one.o

Discarded input sections

 .text          0x0000000000000000        0x0 c:/users/38164/onedrive/desktop/gnu mcu/arm-none-eabi-gcc-9.3.1-1.1/bin/../lib/gcc/arm-none-eabi/9.3.1/thumb/v7-m/nofp/crti.o
 .data          0x0000000000000000        0x0 c:/users/38164/onedrive/desktop/gnu mcu/arm-none-eabi-gcc-9.3.1-1.1/bin/../lib/gcc/arm-none-eabi/9.3.1/thumb/v7-m/nofp/crti.o
 .bss           0x0000000000000000        0x0 c:/users/38164/onedrive/desktop/gnu mcu/arm-none-eabi-gcc-9.3.1-1.1/bin/../lib/gcc/arm-none-eabi/9.3.1/thumb/v7-m/nofp/crti.o
 .text          0x0000000000000000        0x0 c:/users/38164/onedrive/desktop/gnu mcu/arm-none-eabi-gcc-9.3.1-1.1/bin/../lib/gcc/arm-none-eabi/9.3.1/thumb/v7-m/nofp/crtbegin.o
 .data          0x0000000000000000        0x0 c:/users/38164/onedrive/desktop/gnu mcu/arm-none-eabi-gcc-9.3.1-1.1/bin/../lib/gcc/arm-none-eabi/9.3.1/thumb/v7-m/nofp/crtbegin.o
[...]
Memory Configuration

Name             Origin             Length             Attributes
RAM              0x0000000020000000 0x0000000000002800 xrw
FLASH            0x0000000008000000 0x0000000000008000 xr
*default*        0x0000000000000000 0xffffffffffffffff

Linker script and memory map

LOAD c:/users/38164/onedrive/desktop/gnu mcu/arm-none-eabi-gcc-9.3.1-1.1/bin/../lib/gcc/arm-none-eabi/9.3.1/thumb/v7-m/nofp/crti.o
LOAD c:/users/38164/onedrive/desktop/gnu mcu/arm-none-eabi-gcc-9.3.1-1.1/bin/../lib/gcc/arm-none-eabi/9.3.1/thumb/v7-m/nofp/crtbegin.o
LOAD c:/users/38164/onedrive/desktop/gnu mcu/arm-none-eabi-gcc-9.3.1-1.1/bin/../lib/gcc/arm-none-eabi/9.3.1/../../../../arm-none-eabi/lib/thumb/v7-m/nofp/crt0.o
LOAD build/main.o
LOAD build/work.o
LOAD build/mcu_one.o
LOAD build/gpio.o
LOAD build/freertos.o
LOAD build/usart.o
LOAD build/stm32f1xx_it.o
LOAD build/stm32f1xx_hal_msp.o
LOAD build/stm32f1xx_hal_timebase_tim.o
LOAD build/stm32f1xx_hal_gpio_ex.o
LOAD build/stm32f1xx_hal.o
LOAD build/stm32f1xx_hal_rcc.o
LOAD build/stm32f1xx_hal_rcc_ex.o
LOAD build/stm32f1xx_hal_gpio.o
LOAD build/stm32f1xx_hal_dma.o
LOAD build/stm32f1xx_hal_cortex.o
LOAD build/stm32f1xx_hal_pwr.o
LOAD build/stm32f1xx_hal_flash.o
LOAD build/stm32f1xx_hal_flash_ex.o
LOAD build/stm32f1xx_hal_exti.o
LOAD build/stm32f1xx_hal_tim.o
LOAD build/stm32f1xx_hal_tim_ex.o
LOAD build/stm32f1xx_hal_uart.o
LOAD build/system_stm32f1xx.o
LOAD build/croutine.o
LOAD build/event_groups.o
LOAD build/list.o
LOAD build/queue.o
LOAD build/stream_buffer.o
LOAD build/tasks.o
LOAD build/timers.o
LOAD build/cmsis_os2.o
LOAD build/heap_4.o
LOAD build/port.o
LOAD build/startup_stm32f103x6.o
LOAD c:/users/38164/onedrive/desktop/gnu mcu/arm-none-eabi-gcc-9.3.1-1.1/bin/../lib/gcc/arm-none-eabi/9.3.1/../../../../arm-none-eabi/lib/thumb/v7-m/nofp\libc_nano.a
LOAD c:/users/38164/onedrive/desktop/gnu mcu/arm-none-eabi-gcc-9.3.1-1.1/bin/../lib/gcc/arm-none-eabi/9.3.1/../../../../arm-none-eabi/lib/thumb/v7-m/nofp\libm.a
LOAD c:/users/38164/onedrive/desktop/gnu mcu/arm-none-eabi-gcc-9.3.1-1.1/bin/../lib/gcc/arm-none-eabi/9.3.1/../../../../arm-none-eabi/lib/thumb/v7-m/nofp\libnosys.a
START GROUP
LOAD c:/users/38164/onedrive/desktop/gnu mcu/arm-none-eabi-gcc-9.3.1-1.1/bin/../lib/gcc/arm-none-eabi/9.3.1/thumb/v7-m/nofp\libgcc.a
LOAD c:/users/38164/onedrive/desktop/gnu mcu/arm-none-eabi-gcc-9.3.1-1.1/bin/../lib/gcc/arm-none-eabi/9.3.1/../../../../arm-none-eabi/lib/thumb/v7-m/nofp\libc_nano.a
END GROUP
START GROUP
LOAD c:/users/38164/onedrive/desktop/gnu mcu/arm-none-eabi-gcc-9.3.1-1.1/bin/../lib/gcc/arm-none-eabi/9.3.1/thumb/v7-m/nofp\libgcc.a
LOAD c:/users/38164/onedrive/desktop/gnu mcu/arm-none-eabi-gcc-9.3.1-1.1/bin/../lib/gcc/arm-none-eabi/9.3.1/../../../../arm-none-eabi/lib/thumb/v7-m/nofp\libc_nano.a
END GROUP
LOAD c:/users/38164/onedrive/desktop/gnu mcu/arm-none-eabi-gcc-9.3.1-1.1/bin/../lib/gcc/arm-none-eabi/9.3.1/thumb/v7-m/nofp/crtend.o
LOAD c:/users/38164/onedrive/desktop/gnu mcu/arm-none-eabi-gcc-9.3.1-1.1/bin/../lib/gcc/arm-none-eabi/9.3.1/thumb/v7-m/nofp/crtn.o
                0x0000000020002800                _estack = 0x20002800
                0x0000000000000200                _Min_Heap_Size = 0x200
                0x0000000000000400                _Min_Stack_Size = 0x400

.isr_vector     0x0000000008000000      0x10c
                0x0000000008000000                . = ALIGN (0x4)
 *(.isr_vector)
 .isr_vector    0x0000000008000000      0x10c build/startup_stm32f103x6.o
                0x0000000008000000                g_pfnVectors
                0x000000000800010c                . = ALIGN (0x4)

.text           0x0000000008000110     0x3f10
                0x0000000008000110                . = ALIGN (0x4)
 *(.text)
 .text          0x0000000008000110       0x10 c:/users/38164/onedrive/desktop/gnu mcu/arm-none-eabi-gcc-9.3.1-1.1/bin/../lib/gcc/arm-none-eabi/9.3.1/../../../../arm-none-eabi/lib/thumb/v7-m/nofp\libc_nano.a(lib_a-strlen.o)
                0x0000000008000110                strlen
 *(.text*)
 .text.__do_global_dtors_aux
                0x0000000008000120       0x24 c:/users/38164/onedrive/desktop/gnu mcu/arm-none-eabi-gcc-9.3.1-1.1/bin/../lib/gcc/arm-none-eabi/9.3.1/thumb/v7-m/nofp/crtbegin.o
 .text.frame_dummy
                0x0000000008000144       0x1c c:/users/38164/onedrive/desktop/gnu mcu/arm-none-eabi-gcc-9.3.1-1.1/bin/../lib/gcc/arm-none-eabi/9.3.1/thumb/v7-m/nofp/crtbegin.o
 .text.HAL_TIM_PeriodElapsedCallback
                0x0000000008000160       0x1c build/main.o
                0x0000000008000160                HAL_TIM_PeriodElapsedCallback
 .text.Error_Handler
                0x000000000800017c        0x4 build/main.o
                0x000000000800017c                Error_Handler
 .text.SystemClock_Config
                0x0000000008000180       0x64 build/main.o
                0x0000000008000180                SystemClock_Config
 .text.main     0x00000000080001e4       0x4c build/main.o
                0x00000000080001e4                main
 .text.task_work_function
                0x0000000008000230       0xb0 build/work.o
                0x0000000008000230                task_work_function
 .text.init_Work
                0x00000000080002e0       0x30 build/work.o
                0x00000000080002e0                init_Work
 .text.task_function_send_to_terminal
                0x0000000008000310       0x40 build/mcu_one.o
                0x0000000008000310                task_function_send_to_terminal
 .text.task_function_send_to_MCU_two
                0x0000000008000350       0x40 build/mcu_one.o
                0x0000000008000350                task_function_send_to_MCU_two
 .text.task_function_receive_from_terminal
                0x0000000008000390       0x44 build/mcu_one.o
                0x0000000008000390                task_function_receive_from_terminal
 .text.init_MCU_one
                0x00000000080003d4      0x108 build/mcu_one.o
                0x00000000080003d4                init_MCU_one
 .text.HAL_UART_TxCpltCallback
                0x00000000080004dc       0x68 build/mcu_one.o
                0x00000000080004dc                HAL_UART_TxCpltCallback
 .text.HAL_UART_RxCpltCallback
                0x0000000008000544       0x68 build/mcu_one.o
                0x0000000008000544                HAL_UART_RxCpltCallback
 .text.send_string_to_terminal
                0x00000000080005ac       0x58 build/mcu_one.o
                0x00000000080005ac                send_string_to_terminal
 .text.receive_string_from_terminal
                0x0000000008000604       0x78 build/mcu_one.o
                0x0000000008000604                receive_string_from_terminal
 .text.send_motor_command_to_MCU_two
                0x000000000800067c       0x50 build/mcu_one.o
                0x000000000800067c                send_motor_command_to_MCU_two
 .text.modify_velocities
                0x00000000080006cc       0x40 build/mcu_one.o
                0x00000000080006cc                modify_velocities
 .text.task_function_receive_from_MCU_two
                0x000000000800070c       0x44 build/mcu_one.o
                0x000000000800070c                task_function_receive_from_MCU_two
 .text.MX_GPIO_Init
                0x0000000008000750       0x20 build/gpio.o
                0x0000000008000750                MX_GPIO_Init
 .text.StartDefaultTask
                0x0000000008000770       0x10 build/freertos.o
                0x0000000008000770                StartDefaultTask
 .text.MX_FREERTOS_Init
                0x0000000008000780       0x24 build/freertos.o
                0x0000000008000780                MX_FREERTOS_Init
 .text.MX_USART1_UART_Init
                0x00000000080007a4       0x40 build/usart.o
                0x00000000080007a4                MX_USART1_UART_Init
 .text.MX_USART2_UART_Init
                0x00000000080007e4       0x44 build/usart.o
                0x00000000080007e4                MX_USART2_UART_Init
 .text.HAL_UART_MspInit
                0x0000000008000828       0xfc build/usart.o
                0x0000000008000828                HAL_UART_MspInit
 .text.NMI_Handler
                0x0000000008000924        0x2 build/stm32f1xx_it.o
                0x0000000008000924                NMI_Handler
 .text.HardFault_Handler
                0x0000000008000926        0x2 build/stm32f1xx_it.o
                0x0000000008000926                HardFault_Handler
 .text.MemManage_Handler
                0x0000000008000928        0x2 build/stm32f1xx_it.o
                0x0000000008000928                MemManage_Handler
 .text.BusFault_Handler
                0x000000000800092a        0x2 build/stm32f1xx_it.o
                0x000000000800092a                BusFault_Handler
 .text.UsageFault_Handler
                0x000000000800092c        0x2 build/stm32f1xx_it.o
                0x000000000800092c                UsageFault_Handler
 .text.DebugMon_Handler
                0x000000000800092e        0x2 build/stm32f1xx_it.o
                0x000000000800092e                DebugMon_Handler
 .text.TIM1_UP_IRQHandler
                0x0000000008000930       0x14 build/stm32f1xx_it.o
                0x0000000008000930                TIM1_UP_IRQHandler
 .text.USART1_IRQHandler
                0x0000000008000944       0x14 build/stm32f1xx_it.o
                0x0000000008000944                USART1_IRQHandler
 .text.USART2_IRQHandler
                0x0000000008000958       0x14 build/stm32f1xx_it.o
                0x0000000008000958                USART2_IRQHandler
 .text.HAL_MspInit
                0x000000000800096c       0x58 build/stm32f1xx_hal_msp.o
                0x000000000800096c                HAL_MspInit
 .text.HAL_InitTick
                0x00000000080009c4       0x90 build/stm32f1xx_hal_timebase_tim.o
                0x00000000080009c4                HAL_InitTick
 .text.HAL_Init
                0x0000000008000a54       0x30 build/stm32f1xx_hal.o
                0x0000000008000a54                HAL_Init
 .text.HAL_IncTick
                0x0000000008000a84       0x18 build/stm32f1xx_hal.o
                0x0000000008000a84                HAL_IncTick
 .text.HAL_GetTick
                0x0000000008000a9c        0xc build/stm32f1xx_hal.o
                0x0000000008000a9c                HAL_GetTick
 .text.RCC_Delay
                0x0000000008000aa8       0x2c build/stm32f1xx_hal_rcc.o
 .text.HAL_RCC_OscConfig
                0x0000000008000ad4      0x41c build/stm32f1xx_hal_rcc.o
                0x0000000008000ad4                HAL_RCC_OscConfig
 .text.HAL_RCC_GetSysClockFreq
                0x0000000008000ef0       0x6c build/stm32f1xx_hal_rcc.o
                0x0000000008000ef0                HAL_RCC_GetSysClockFreq
 .text.HAL_RCC_ClockConfig
                0x0000000008000f5c      0x178 build/stm32f1xx_hal_rcc.o
                0x0000000008000f5c                HAL_RCC_ClockConfig
 .text.HAL_RCC_GetHCLKFreq
                0x00000000080010d4        0xc build/stm32f1xx_hal_rcc.o
                0x00000000080010d4                HAL_RCC_GetHCLKFreq
 .text.HAL_RCC_GetPCLK1Freq
                0x00000000080010e0       0x24 build/stm32f1xx_hal_rcc.o
                0x00000000080010e0                HAL_RCC_GetPCLK1Freq
 .text.HAL_RCC_GetPCLK2Freq
                0x0000000008001104       0x24 build/stm32f1xx_hal_rcc.o
                0x0000000008001104                HAL_RCC_GetPCLK2Freq
 .text.HAL_RCC_GetClockConfig
                0x0000000008001128       0x3c build/stm32f1xx_hal_rcc.o
                0x0000000008001128                HAL_RCC_GetClockConfig
 .text.HAL_GPIO_Init
                0x0000000008001164      0x218 build/stm32f1xx_hal_gpio.o
                0x0000000008001164                HAL_GPIO_Init
 .text.HAL_DMA_Abort_IT
                0x000000000800137c       0x98 build/stm32f1xx_hal_dma.o
                0x000000000800137c                HAL_DMA_Abort_IT
 .text.HAL_NVIC_SetPriorityGrouping
                0x0000000008001414       0x24 build/stm32f1xx_hal_cortex.o
                0x0000000008001414                HAL_NVIC_SetPriorityGrouping
 .text.HAL_NVIC_SetPriority
                0x0000000008001438       0x68 build/stm32f1xx_hal_cortex.o
                0x0000000008001438                HAL_NVIC_SetPriority
 .text.HAL_NVIC_EnableIRQ
                0x00000000080014a0       0x1c build/stm32f1xx_hal_cortex.o
                0x00000000080014a0                HAL_NVIC_EnableIRQ
 .text.HAL_TIM_Base_MspInit
                0x00000000080014bc        0x2 build/stm32f1xx_hal_tim.o
                0x00000000080014bc                HAL_TIM_Base_MspInit
 *fill*         0x00000000080014be        0x2 
 .text.HAL_TIM_Base_Start_IT
                0x00000000080014c0       0x60 build/stm32f1xx_hal_tim.o
                0x00000000080014c0                HAL_TIM_Base_Start_IT
 .text.HAL_TIM_OC_DelayElapsedCallback
                0x0000000008001520        0x2 build/stm32f1xx_hal_tim.o
                0x0000000008001520                HAL_TIM_OC_DelayElapsedCallback
 .text.HAL_TIM_IC_CaptureCallback
                0x0000000008001522        0x2 build/stm32f1xx_hal_tim.o
                0x0000000008001522                HAL_TIM_IC_CaptureCallback
 .text.HAL_TIM_PWM_PulseFinishedCallback
                0x0000000008001524        0x2 build/stm32f1xx_hal_tim.o
                0x0000000008001524                HAL_TIM_PWM_PulseFinishedCallback
 .text.HAL_TIM_TriggerCallback
                0x0000000008001526        0x2 build/stm32f1xx_hal_tim.o
                0x0000000008001526                HAL_TIM_TriggerCallback
 .text.HAL_TIM_IRQHandler
                0x0000000008001528      0x198 build/stm32f1xx_hal_tim.o
                0x0000000008001528                HAL_TIM_IRQHandler
 .text.TIM_Base_SetConfig
                0x00000000080016c0       0x64 build/stm32f1xx_hal_tim.o
                0x00000000080016c0                TIM_Base_SetConfig
 .text.HAL_TIM_Base_Init
                0x0000000008001724       0x60 build/stm32f1xx_hal_tim.o
                0x0000000008001724                HAL_TIM_Base_Init
 .text.HAL_TIMEx_CommutCallback
                0x0000000008001784        0x2 build/stm32f1xx_hal_tim_ex.o
                0x0000000008001784                HAL_TIMEx_CommutCallback
 .text.HAL_TIMEx_BreakCallback
                0x0000000008001786        0x2 build/stm32f1xx_hal_tim_ex.o
                0x0000000008001786                HAL_TIMEx_BreakCallback
 .text.UART_EndRxTransfer
                0x0000000008001788       0x1c build/stm32f1xx_hal_uart.o
 .text.UART_Transmit_IT
                0x00000000080017a4       0x60 build/stm32f1xx_hal_uart.o
 .text.UART_SetConfig
                0x0000000008001804       0x98 build/stm32f1xx_hal_uart.o
 .text.HAL_UART_Init
                0x000000000800189c       0x68 build/stm32f1xx_hal_uart.o
                0x000000000800189c                HAL_UART_Init
 .text.HAL_UART_Transmit_IT
                0x0000000008001904       0x48 build/stm32f1xx_hal_uart.o
                0x0000000008001904                HAL_UART_Transmit_IT
 .text.HAL_UART_Receive_IT
                0x000000000800194c       0x5c build/stm32f1xx_hal_uart.o
                0x000000000800194c                HAL_UART_Receive_IT
 .text.UART_EndTransmit_IT
                0x00000000080019a8       0x20 build/stm32f1xx_hal_uart.o
 .text.UART_Receive_IT
                0x00000000080019c8       0x98 build/stm32f1xx_hal_uart.o
 .text.HAL_UART_ErrorCallback
                0x0000000008001a60        0x2 build/stm32f1xx_hal_uart.o
                0x0000000008001a60                HAL_UART_ErrorCallback
 *fill*         0x0000000008001a62        0x2 
 .text.HAL_UART_IRQHandler
                0x0000000008001a64      0x140 build/stm32f1xx_hal_uart.o
                0x0000000008001a64                HAL_UART_IRQHandler
 .text.UART_DMAAbortOnError
                0x0000000008001ba4       0x14 build/stm32f1xx_hal_uart.o
 .text.SystemInit
                0x0000000008001bb8        0x2 build/system_stm32f1xx.o
                0x0000000008001bb8                SystemInit
 .text.vListInitialise
                0x0000000008001bba       0x16 build/list.o
                0x0000000008001bba                vListInitialise
 .text.vListInitialiseItem
                0x0000000008001bd0        0x6 build/list.o
                0x0000000008001bd0                vListInitialiseItem
 .text.vListInsertEnd
                0x0000000008001bd6       0x16 build/list.o
                0x0000000008001bd6                vListInsertEnd
 .text.vListInsert
                0x0000000008001bec       0x32 build/list.o
                0x0000000008001bec                vListInsert
 .text.uxListRemove
                0x0000000008001c1e       0x26 build/list.o
                0x0000000008001c1e                uxListRemove
 .text.prvGetDisinheritPriorityAfterTimeout
                0x0000000008001c44       0x10 build/queue.o
 .text.prvIsQueueFull
                0x0000000008001c54       0x28 build/queue.o
 .text.prvIsQueueEmpty
                0x0000000008001c7c       0x24 build/queue.o
 .text.prvCopyDataToQueue
                0x0000000008001ca0       0x80 build/queue.o
 .text.prvCopyDataFromQueue
                0x0000000008001d20       0x28 build/queue.o
 .text.prvUnlockQueue
                0x0000000008001d48       0x80 build/queue.o
 .text.xQueueGenericReset
                0x0000000008001dc8       0x94 build/queue.o
                0x0000000008001dc8                xQueueGenericReset
 .text.prvInitialiseNewQueue
                0x0000000008001e5c       0x28 build/queue.o
 .text.xQueueGenericCreateStatic
                0x0000000008001e84       0x98 build/queue.o
                0x0000000008001e84                xQueueGenericCreateStatic
 .text.xQueueGenericCreate
                0x0000000008001f1c       0x58 build/queue.o
                0x0000000008001f1c                xQueueGenericCreate
 .text.xQueueGenericSend
                0x0000000008001f74      0x1b0 build/queue.o
                0x0000000008001f74                xQueueGenericSend
 .text.prvInitialiseMutex
                0x0000000008002124       0x1c build/queue.o
 .text.xQueueCreateMutex
                0x0000000008002140       0x20 build/queue.o
                0x0000000008002140                xQueueCreateMutex
 .text.xQueueGenericSendFromISR
                0x0000000008002160       0xdc build/queue.o
                0x0000000008002160                xQueueGenericSendFromISR
 .text.xQueueReceive
                0x000000000800223c      0x18c build/queue.o
                0x000000000800223c                xQueueReceive
 .text.xQueueSemaphoreTake
                0x00000000080023c8      0x1e0 build/queue.o
                0x00000000080023c8                xQueueSemaphoreTake
 .text.vQueueAddToRegistry
                0x00000000080025a8       0x28 build/queue.o
                0x00000000080025a8                vQueueAddToRegistry
 .text.vQueueWaitForMessageRestricted
                0x00000000080025d0       0x64 build/queue.o
                0x00000000080025d0                vQueueWaitForMessageRestricted
 .text.prvResetNextTaskUnblockTime
                0x0000000008002634       0x2c build/tasks.o
 .text.prvInitialiseNewTask
                0x0000000008002660       0x9c build/tasks.o
 .text.prvInitialiseTaskLists
                0x00000000080026fc       0x64 build/tasks.o
 .text.prvAddNewTaskToReadyList
                0x0000000008002760       0xbc build/tasks.o
 .text.prvDeleteTCB
                0x000000000800281c       0x3c build/tasks.o
 .text.prvCheckTasksWaitingTermination
                0x0000000008002858       0x5c build/tasks.o
 .text.prvIdleTask
                0x00000000080028b4       0x2c build/tasks.o
 .text.prvAddCurrentTaskToDelayedList
                0x00000000080028e0       0x88 build/tasks.o
 .text.xTaskCreateStatic
                0x0000000008002968       0x7c build/tasks.o
                0x0000000008002968                xTaskCreateStatic
 .text.xTaskCreate
                0x00000000080029e4       0x78 build/tasks.o
                0x00000000080029e4                xTaskCreate
 .text.vTaskStartScheduler
                0x0000000008002a5c       0xa4 build/tasks.o
                0x0000000008002a5c                vTaskStartScheduler
 .text.vTaskSuspendAll
                0x0000000008002b00       0x10 build/tasks.o
                0x0000000008002b00                vTaskSuspendAll
 .text.xTaskGetTickCount
                0x0000000008002b10        0xc build/tasks.o
                0x0000000008002b10                xTaskGetTickCount
 .text.xTaskIncrementTick
                0x0000000008002b1c      0x124 build/tasks.o
                0x0000000008002b1c                xTaskIncrementTick
 .text.xTaskResumeAll
                0x0000000008002c40      0x10c build/tasks.o
                0x0000000008002c40                xTaskResumeAll
 .text.vTaskDelay
                0x0000000008002d4c       0x58 build/tasks.o
                0x0000000008002d4c                vTaskDelay
 .text.vTaskSwitchContext
                0x0000000008002da4       0x94 build/tasks.o
                0x0000000008002da4                vTaskSwitchContext
 .text.vTaskPlaceOnEventList
                0x0000000008002e38       0x38 build/tasks.o
                0x0000000008002e38                vTaskPlaceOnEventList
 .text.vTaskPlaceOnEventListRestricted
                0x0000000008002e70       0x40 build/tasks.o
                0x0000000008002e70                vTaskPlaceOnEventListRestricted
 .text.xTaskRemoveFromEventList
                0x0000000008002eb0       0x94 build/tasks.o
                0x0000000008002eb0                xTaskRemoveFromEventList
 .text.vTaskInternalSetTimeOutState
                0x0000000008002f44       0x18 build/tasks.o
                0x0000000008002f44                vTaskInternalSetTimeOutState
 .text.xTaskCheckForTimeOut
                0x0000000008002f5c       0x90 build/tasks.o
                0x0000000008002f5c                xTaskCheckForTimeOut
 .text.vTaskMissedYield
                0x0000000008002fec        0xc build/tasks.o
                0x0000000008002fec                vTaskMissedYield
 .text.xTaskGetSchedulerState
                0x0000000008002ff8       0x20 build/tasks.o
                0x0000000008002ff8                xTaskGetSchedulerState
 .text.xTaskPriorityInherit
                0x0000000008003018       0xa0 build/tasks.o
                0x0000000008003018                xTaskPriorityInherit
 .text.xTaskPriorityDisinherit
                0x00000000080030b8       0x98 build/tasks.o
                0x00000000080030b8                xTaskPriorityDisinherit
 .text.vTaskPriorityDisinheritAfterTimeout
                0x0000000008003150       0xac build/tasks.o
                0x0000000008003150                vTaskPriorityDisinheritAfterTimeout
 .text.pvTaskIncrementMutexHeldCount
                0x00000000080031fc       0x1c build/tasks.o
                0x00000000080031fc                pvTaskIncrementMutexHeldCount
 .text.ulTaskNotifyTake
                0x0000000008003218       0x84 build/tasks.o
                0x0000000008003218                ulTaskNotifyTake
 .text.vTaskNotifyGiveFromISR
                0x000000000800329c       0xdc build/tasks.o
                0x000000000800329c                vTaskNotifyGiveFromISR
 .text.prvGetNextExpireTime
                0x0000000008003378       0x20 build/timers.o
 .text.prvInsertTimerInActiveList
                0x0000000008003398       0x4c build/timers.o
 .text.prvCheckForValidListAndQueue
                0x00000000080033e4       0x80 build/timers.o
 .text.xTimerCreateTimerTask
                0x0000000008003464       0x70 build/timers.o
                0x0000000008003464                xTimerCreateTimerTask
 .text.xTimerGenericCommand
                0x00000000080034d4       0x78 build/timers.o
                0x00000000080034d4                xTimerGenericCommand
 .text.prvSwitchTimerLists
                0x000000000800354c       0x88 build/timers.o
 .text.prvSampleTimeNow
                0x00000000080035d4       0x34 build/timers.o
 .text.prvProcessExpiredTimer
                0x0000000008003608       0x6c build/timers.o
 .text.prvProcessTimerOrBlockTask
                0x0000000008003674       0x88 build/timers.o
 .text.prvProcessReceivedCommands
                0x00000000080036fc      0x110 build/timers.o
 .text.prvTimerTask
                0x000000000800380c       0x24 build/timers.o
 .text.osKernelInitialize
                0x0000000008003830       0x44 build/cmsis_os2.o
                0x0000000008003830                osKernelInitialize
 .text.osKernelStart
                0x0000000008003874       0x50 build/cmsis_os2.o
                0x0000000008003874                osKernelStart
 .text.osThreadNew
                0x00000000080038c4       0xf4 build/cmsis_os2.o
                0x00000000080038c4                osThreadNew
 .text.osDelay  0x00000000080039b8       0x48 build/cmsis_os2.o
                0x00000000080039b8                osDelay
 .text.vApplicationGetIdleTaskMemory
                0x0000000008003a00       0x18 build/cmsis_os2.o
                0x0000000008003a00                vApplicationGetIdleTaskMemory
 .text.vApplicationGetTimerTaskMemory
                0x0000000008003a18       0x18 build/cmsis_os2.o
                0x0000000008003a18                vApplicationGetTimerTaskMemory
 .text.prvHeapInit
                0x0000000008003a30       0x64 build/heap_4.o
 .text.prvInsertBlockIntoFreeList
                0x0000000008003a94       0x54 build/heap_4.o
 .text.pvPortMalloc
                0x0000000008003ae8      0x100 build/heap_4.o
                0x0000000008003ae8                pvPortMalloc
 .text.vPortFree
                0x0000000008003be8       0x7c build/heap_4.o
                0x0000000008003be8                vPortFree
 .text.prvTaskExitError
                0x0000000008003c64       0x40 build/port.o
 .text.prvPortStartFirstTask
                0x0000000008003ca4       0x20 build/port.o
 .text.pxPortInitialiseStack
                0x0000000008003cc4       0x24 build/port.o
                0x0000000008003cc4                pxPortInitialiseStack
 *fill*         0x0000000008003ce8        0x8 
 .text.SVC_Handler
                0x0000000008003cf0       0x24 build/port.o
                0x0000000008003cf0                SVC_Handler
 .text.vPortEnterCritical
                0x0000000008003d14       0x44 build/port.o
                0x0000000008003d14                vPortEnterCritical
 .text.vPortExitCritical
                0x0000000008003d58       0x2c build/port.o
                0x0000000008003d58                vPortExitCritical
 *fill*         0x0000000008003d84        0xc 
 .text.PendSV_Handler
                0x0000000008003d90       0x44 build/port.o
                0x0000000008003d90                PendSV_Handler
 .text.SysTick_Handler
                0x0000000008003dd4       0x30 build/port.o
                0x0000000008003dd4                SysTick_Handler
 .text.vPortSetupTimerInterrupt
                0x0000000008003e04       0x38 build/port.o
                0x0000000008003e04                vPortSetupTimerInterrupt
 .text.xPortStartScheduler
                0x0000000008003e3c       0xb0 build/port.o
                0x0000000008003e3c                xPortStartScheduler
 .text.vPortValidateInterruptPriority
                0x0000000008003eec       0x5c build/port.o
                0x0000000008003eec                vPortValidateInterruptPriority
 .text.Reset_Handler
                0x0000000008003f48       0x48 build/startup_stm32f103x6.o
                0x0000000008003f48                Reset_Handler
 .text.Default_Handler
                0x0000000008003f90        0x2 build/startup_stm32f103x6.o
                0x0000000008003f90                RTC_Alarm_IRQHandler
                0x0000000008003f90                EXTI2_IRQHandler
                0x0000000008003f90                TIM1_CC_IRQHandler
                0x0000000008003f90                PVD_IRQHandler
                0x0000000008003f90                EXTI3_IRQHandler
                0x0000000008003f90                EXTI0_IRQHandler
                0x0000000008003f90                ADC1_2_IRQHandler
                0x0000000008003f90                SPI1_IRQHandler
                0x0000000008003f90                TAMPER_IRQHandler
                0x0000000008003f90                DMA1_Channel4_IRQHandler
                0x0000000008003f90                RTC_IRQHandler
                0x0000000008003f90                DMA1_Channel7_IRQHandler
                0x0000000008003f90                CAN1_RX1_IRQHandler
                0x0000000008003f90                I2C1_EV_IRQHandler
                0x0000000008003f90                DMA1_Channel6_IRQHandler
                0x0000000008003f90                TIM3_IRQHandler
                0x0000000008003f90                RCC_IRQHandler
                0x0000000008003f90                TIM1_TRG_COM_IRQHandler
                0x0000000008003f90                DMA1_Channel1_IRQHandler
                0x0000000008003f90                Default_Handler
                0x0000000008003f90                EXTI15_10_IRQHandler
                0x0000000008003f90                EXTI9_5_IRQHandler
                0x0000000008003f90                DMA1_Channel5_IRQHandler
                0x0000000008003f90                EXTI4_IRQHandler
                0x0000000008003f90                USB_LP_CAN1_RX0_IRQHandler
                0x0000000008003f90                USB_HP_CAN1_TX_IRQHandler
                0x0000000008003f90                DMA1_Channel3_IRQHandler
                0x0000000008003f90                WWDG_IRQHandler
                0x0000000008003f90                TIM2_IRQHandler
                0x0000000008003f90                TIM1_BRK_IRQHandler
                0x0000000008003f90                EXTI1_IRQHandler
                0x0000000008003f90                DMA1_Channel2_IRQHandler
                0x0000000008003f90                CAN1_SCE_IRQHandler
                0x0000000008003f90                FLASH_IRQHandler
                0x0000000008003f90                I2C1_ER_IRQHandler
                0x0000000008003f90                USBWakeUp_IRQHandler
 *fill*         0x0000000008003f92        0x2 
 .text.__libc_init_array
                0x0000000008003f94       0x48 c:/users/38164/onedrive/desktop/gnu mcu/arm-none-eabi-gcc-9.3.1-1.1/bin/../lib/gcc/arm-none-eabi/9.3.1/../../../../arm-none-eabi/lib/thumb/v7-m/nofp\libc_nano.a(lib_a-init.o)
                0x0000000008003f94                __libc_init_array
 .text.memcpy   0x0000000008003fdc       0x1c c:/users/38164/onedrive/desktop/gnu mcu/arm-none-eabi-gcc-9.3.1-1.1/bin/../lib/gcc/arm-none-eabi/9.3.1/../../../../arm-none-eabi/lib/thumb/v7-m/nofp\libc_nano.a(lib_a-memcpy-stub.o)
                0x0000000008003fdc                memcpy
 .text.memset   0x0000000008003ff8       0x10 c:/users/38164/onedrive/desktop/gnu mcu/arm-none-eabi-gcc-9.3.1-1.1/bin/../lib/gcc/arm-none-eabi/9.3.1/../../../../arm-none-eabi/lib/thumb/v7-m/nofp\libc_nano.a(lib_a-memset.o)
                0x0000000008003ff8                memset
 *(.glue_7)
 .glue_7        0x0000000008004008        0x0 linker stubs
 *(.glue_7t)
 .glue_7t       0x0000000008004008        0x0 linker stubs
 *(.eh_frame)
 .eh_frame      0x0000000008004008        0x0 c:/users/38164/onedrive/desktop/gnu mcu/arm-none-eabi-gcc-9.3.1-1.1/bin/../lib/gcc/arm-none-eabi/9.3.1/thumb/v7-m/nofp/crtbegin.o
 *(.init)
 .init          0x0000000008004008        0x4 c:/users/38164/onedrive/desktop/gnu mcu/arm-none-eabi-gcc-9.3.1-1.1/bin/../lib/gcc/arm-none-eabi/9.3.1/thumb/v7-m/nofp/crti.o
                0x0000000008004008                _init
 .init          0x000000000800400c        0x8 c:/users/38164/onedrive/desktop/gnu mcu/arm-none-eabi-gcc-9.3.1-1.1/bin/../lib/gcc/arm-none-eabi/9.3.1/thumb/v7-m/nofp/crtn.o
 *(.fini)
 .fini          0x0000000008004014        0x4 c:/users/38164/onedrive/desktop/gnu mcu/arm-none-eabi-gcc-9.3.1-1.1/bin/../lib/gcc/arm-none-eabi/9.3.1/thumb/v7-m/nofp/crti.o
                0x0000000008004014                _fini
 .fini          0x0000000008004018        0x8 c:/users/38164/onedrive/desktop/gnu mcu/arm-none-eabi-gcc-9.3.1-1.1/bin/../lib/gcc/arm-none-eabi/9.3.1/thumb/v7-m/nofp/crtn.o
                0x0000000008004020                . = ALIGN (0x4)
                0x0000000008004020                _etext = .

.vfp11_veneer   0x0000000008004020        0x0
 .vfp11_veneer  0x0000000008004020        0x0 linker stubs

.v4_bx          0x0000000008004020        0x0
 .v4_bx         0x0000000008004020        0x0 linker stubs

.iplt           0x0000000008004020        0x0
 .iplt          0x0000000008004020        0x0 c:/users/38164/onedrive/desktop/gnu mcu/arm-none-eabi-gcc-9.3.1-1.1/bin/../lib/gcc/arm-none-eabi/9.3.1/thumb/v7-m/nofp/crtbegin.o

.rodata         0x0000000008004020      0x110
                0x0000000008004020                . = ALIGN (0x4)
 *(.rodata)
 *(.rodata*)
 .rodata.task_work_function.str1.4
                0x0000000008004020       0x3e build/work.o
                                         0x42 (size before relaxing)
 *fill*         0x000000000800405e        0x2 
 .rodata.init_Work.str1.4
                0x0000000008004060        0xa build/work.o
 *fill*         0x000000000800406a        0x2 
 .rodata.init_MCU_one.str1.4
                0x000000000800406c       0x4e build/mcu_one.o
 *fill*         0x00000000080040ba        0x2 
 .rodata.str1.4
                0x00000000080040bc        0xc build/freertos.o
 .rodata.defaultTask_attributes
                0x00000000080040c8       0x24 build/freertos.o
                0x00000000080040c8                defaultTask_attributes
 .rodata.HAL_RCC_GetSysClockFreq.str1.4
                0x00000000080040ec       0x11 build/stm32f1xx_hal_rcc.o
 *fill*         0x00000000080040fd        0x3 
 .rodata.AHBPrescTable
                0x0000000008004100       0x10 build/system_stm32f1xx.o
                0x0000000008004100                AHBPrescTable
 .rodata.APBPrescTable
                0x0000000008004110        0x8 build/system_stm32f1xx.o
                0x0000000008004110                APBPrescTable
 .rodata.vTaskStartScheduler.str1.4
                0x0000000008004118        0x5 build/tasks.o
 *fill*         0x000000000800411d        0x3 
 .rodata.prvCheckForValidListAndQueue.str1.4
                0x0000000008004120        0x5 build/timers.o
 *fill*         0x0000000008004125        0x3 
 .rodata.xTimerCreateTimerTask.str1.4
                0x0000000008004128        0x8 build/timers.o
                0x0000000008004130                . = ALIGN (0x4)

.rel.dyn        0x0000000008004130        0x0
 .rel.iplt      0x0000000008004130        0x0 c:/users/38164/onedrive/desktop/gnu mcu/arm-none-eabi-gcc-9.3.1-1.1/bin/../lib/gcc/arm-none-eabi/9.3.1/thumb/v7-m/nofp/crtbegin.o

.ARM.extab
 *(.ARM.extab* .gnu.linkonce.armextab.*)

.ARM            0x0000000008004130        0x0
                0x0000000008004130                __exidx_start = .
 *(.ARM.exidx*)
                0x0000000008004130                __exidx_end = .

.preinit_array  0x0000000008004130        0x0
                0x0000000008004130                PROVIDE (__preinit_array_start = .)
 *(.preinit_array*)
                0x0000000008004130                PROVIDE (__preinit_array_end = .)

.init_array     0x0000000008004130        0x4
                0x0000000008004130                PROVIDE (__init_array_start = .)
 *(SORT_BY_NAME(.init_array.*))
 *(.init_array*)
 .init_array    0x0000000008004130        0x4 c:/users/38164/onedrive/desktop/gnu mcu/arm-none-eabi-gcc-9.3.1-1.1/bin/../lib/gcc/arm-none-eabi/9.3.1/thumb/v7-m/nofp/crtbegin.o
                0x0000000008004134                PROVIDE (__init_array_end = .)

.fini_array     0x0000000008004134        0x4
                [!provide]                        PROVIDE (__fini_array_start = .)
 *(SORT_BY_NAME(.fini_array.*))
 *(.fini_array*)
 .fini_array    0x0000000008004134        0x4 c:/users/38164/onedrive/desktop/gnu mcu/arm-none-eabi-gcc-9.3.1-1.1/bin/../lib/gcc/arm-none-eabi/9.3.1/thumb/v7-m/nofp/crtbegin.o
                [!provide]                        PROVIDE (__fini_array_end = .)
                0x0000000008004138                _sidata = LOADADDR (.data)

.data           0x0000000020000000       0x10 load address 0x0000000008004138
                0x0000000020000000                . = ALIGN (0x4)
                0x0000000020000000                _sdata = .
 *(.data)
 *(.data*)
 .data.uwTickFreq
                0x0000000020000000        0x1 build/stm32f1xx_hal.o
                0x0000000020000000                uwTickFreq
 *fill*         0x0000000020000001        0x3 
 .data.uwTickPrio
                0x0000000020000004        0x4 build/stm32f1xx_hal.o
                0x0000000020000004                uwTickPrio
 .data.SystemCoreClock
                0x0000000020000008        0x4 build/system_stm32f1xx.o
                0x0000000020000008                SystemCoreClock
 .data.uxCriticalNesting
                0x000000002000000c        0x4 build/port.o
                0x0000000020000010                . = ALIGN (0x4)
                0x0000000020000010                _edata = .

.igot.plt       0x0000000020000010        0x0 load address 0x0000000008004148
 .igot.plt      0x0000000020000010        0x0 c:/users/38164/onedrive/desktop/gnu mcu/arm-none-eabi-gcc-9.3.1-1.1/bin/../lib/gcc/arm-none-eabi/9.3.1/thumb/v7-m/nofp/crtbegin.o
                0x0000000020000010                . = ALIGN (0x4)

.bss            0x0000000020000010     0x1e64 load address 0x0000000008004148
                0x0000000020000010                _sbss = .
                0x0000000020000010                __bss_start__ = _sbss
 *(.bss)
 *(.bss*)
 .bss.completed.8914
                0x0000000020000010        0x1 c:/users/38164/onedrive/desktop/gnu mcu/arm-none-eabi-gcc-9.3.1-1.1/bin/../lib/gcc/arm-none-eabi/9.3.1/thumb/v7-m/nofp/crtbegin.o
 *fill*         0x0000000020000011        0x3 
 .bss.object.8919
                0x0000000020000014       0x18 c:/users/38164/onedrive/desktop/gnu mcu/arm-none-eabi-gcc-9.3.1-1.1/bin/../lib/gcc/arm-none-eabi/9.3.1/thumb/v7-m/nofp/crtbegin.o
 .bss.velocities
                0x000000002000002c        0x2 build/mcu_one.o
                0x000000002000002c                velocities
 *fill*         0x000000002000002e        0x2 
 .bss.pxCurrentTCB
                0x0000000020000030        0x4 build/tasks.o
                0x0000000020000030                pxCurrentTCB
 .bss.pxDelayedTaskList
                0x0000000020000034        0x4 build/tasks.o
 .bss.pxOverflowDelayedTaskList
                0x0000000020000038        0x4 build/tasks.o
 .bss.pxReadyTasksLists
                0x000000002000003c      0x460 build/tasks.o
 .bss.uxCurrentNumberOfTasks
                0x000000002000049c        0x4 build/tasks.o
 .bss.uxDeletedTasksWaitingCleanUp
                0x00000000200004a0        0x4 build/tasks.o
 .bss.uxPendedTicks
                0x00000000200004a4        0x4 build/tasks.o
 .bss.uxSchedulerSuspended
                0x00000000200004a8        0x4 build/tasks.o
 .bss.uxTaskNumber
                0x00000000200004ac        0x4 build/tasks.o
 .bss.uxTopReadyPriority
                0x00000000200004b0        0x4 build/tasks.o
 .bss.xDelayedTaskList1
                0x00000000200004b4       0x14 build/tasks.o
 .bss.xDelayedTaskList2
                0x00000000200004c8       0x14 build/tasks.o
 .bss.xNextTaskUnblockTime
                0x00000000200004dc        0x4 build/tasks.o
 .bss.xNumOfOverflows
                0x00000000200004e0        0x4 build/tasks.o
 .bss.xPendingReadyList
                0x00000000200004e4       0x14 build/tasks.o
 .bss.xSchedulerRunning
                0x00000000200004f8        0x4 build/tasks.o
 .bss.xSuspendedTaskList
                0x00000000200004fc       0x14 build/tasks.o
 .bss.xTasksWaitingTermination
                0x0000000020000510       0x14 build/tasks.o
 .bss.xTickCount
                0x0000000020000524        0x4 build/tasks.o
 .bss.xYieldPending
                0x0000000020000528        0x4 build/tasks.o
 .bss.pxCurrentTimerList
                0x000000002000052c        0x4 build/timers.o
 .bss.pxOverflowTimerList
                0x0000000020000530        0x4 build/timers.o
 .bss.ucStaticTimerQueueStorage.5559
                0x0000000020000534       0xa0 build/timers.o
 .bss.xActiveTimerList1
                0x00000000200005d4       0x14 build/timers.o
 .bss.xActiveTimerList2
                0x00000000200005e8       0x14 build/timers.o
 .bss.xLastTime.5508
                0x00000000200005fc        0x4 build/timers.o
 .bss.xStaticTimerQueue.5558
                0x0000000020000600       0x50 build/timers.o
 .bss.xTimerQueue
                0x0000000020000650        0x4 build/timers.o
 .bss.xTimerTaskHandle
                0x0000000020000654        0x4 build/timers.o
 .bss.Idle_Stack
                0x0000000020000658      0x200 build/cmsis_os2.o
 .bss.Idle_TCB  0x0000000020000858       0x5c build/cmsis_os2.o
 .bss.KernelState
                0x00000000200008b4        0x4 build/cmsis_os2.o
 .bss.Timer_Stack
                0x00000000200008b8      0x400 build/cmsis_os2.o
 .bss.Timer_TCB
                0x0000000020000cb8       0x5c build/cmsis_os2.o
 .bss.pxEnd     0x0000000020000d14        0x4 build/heap_4.o
 .bss.ucHeap    0x0000000020000d18     0x1000 build/heap_4.o
 .bss.xBlockAllocatedBit
                0x0000000020001d18        0x4 build/heap_4.o
 .bss.xFreeBytesRemaining
                0x0000000020001d1c        0x4 build/heap_4.o
 .bss.xMinimumEverFreeBytesRemaining
                0x0000000020001d20        0x4 build/heap_4.o
 .bss.xStart    0x0000000020001d24        0x8 build/heap_4.o
 .bss.ucMaxSysCallPriority
                0x0000000020001d2c        0x1 build/port.o
 *fill*         0x0000000020001d2d        0x3 
 .bss.ulMaxPRIGROUPValue
                0x0000000020001d30        0x4 build/port.o
 *(COMMON)
 COMMON         0x0000000020001d34       0x30 build/mcu_one.o
                0x0000000020001d34                task_handle_send_to_terminal_from_MCU_one
                0x0000000020001d38                task_handle_send_to_MCU_two_from_MCU_one
                0x0000000020001d3c                mutex_handle_receive_from_terminal_on_MCU_one
                0x0000000020001d40                queue_handle_receive_from_MCU_two_on_MCU_one
                0x0000000020001d44                task_handle_receive_from_MCU_two_on_MCU_one
                0x0000000020001d48                task_handle_receive_from_terminal_on_MCU_one
                0x0000000020001d4c                mutex_handle_send_to_MCU_two_from_MCU_one
                0x0000000020001d50                queue_handle_send_to_terminal_from_MCU_one
                0x0000000020001d54                mutex_handle_receive_from_MCU_two_on_MCU_one
                0x0000000020001d58                queue_handle_receive_from_terminal_on_MCU_one
                0x0000000020001d5c                queue_handle_send_to_MCU_two_from_MCU_one
                0x0000000020001d60                mutex_handle_send_to_terminal_from_MCU_one
 COMMON         0x0000000020001d64        0x4 build/freertos.o
                0x0000000020001d64                defaultTaskHandle
 COMMON         0x0000000020001d68       0x80 build/usart.o
                0x0000000020001d68                huart1
                0x0000000020001da8                huart2
 COMMON         0x0000000020001de8       0x48 build/stm32f1xx_hal_timebase_tim.o
                0x0000000020001de8                htim1
 COMMON         0x0000000020001e30        0x4 build/stm32f1xx_hal.o
                0x0000000020001e30                uwTick
 COMMON         0x0000000020001e34       0x40 build/queue.o
                0x0000000020001e34                xQueueRegistry
                0x0000000020001e74                . = ALIGN (0x4)
                0x0000000020001e74                _ebss = .
                0x0000000020001e74                __bss_end__ = _ebss

._user_heap_stack
                0x0000000020001e74      0x604 load address 0x0000000008004148
                0x0000000020001e78                . = ALIGN (0x8)
 *fill*         0x0000000020001e74        0x4 
                [!provide]                        PROVIDE (end = .)
                [!provide]                        PROVIDE (_end = .)
                0x0000000020002078                . = (. + _Min_Heap_Size)
 *fill*         0x0000000020001e78      0x200 
                0x0000000020002478                . = (. + _Min_Stack_Size)
 *fill*         0x0000000020002078      0x400 
                0x0000000020002478                . = ALIGN (0x8)

/DISCARD/
 libc.a(*)
 libm.a(*)
 libgcc.a(*)

.ARM.attributes
                0x0000000000000000       0x29
 *(.ARM.attributes)
 .ARM.attributes
                0x0000000000000000       0x1d c:/users/38164/onedrive/desktop/gnu mcu/arm-none-eabi-gcc-9.3.1-1.1/bin/../lib/gcc/arm-none-eabi/9.3.1/thumb/v7-m/nofp/crti.o
 .ARM.attributes
                0x000000000000001d       0x2d c:/users/38164/onedrive/desktop/gnu mcu/arm-none-eabi-gcc-9.3.1-1.1/bin/../lib/gcc/arm-none-eabi/9.3.1/thumb/v7-m/nofp/crtbegin.o
 .ARM.attributes
                0x000000000000004a       0x2d build/main.o
 .ARM.attributes
                0x0000000000000077       0x2d build/work.o
 .ARM.attributes
                0x00000000000000a4       0x2d build/mcu_one.o
 .ARM.attributes
                0x00000000000000d1       0x2d build/gpio.o
 .ARM.attributes
                0x00000000000000fe       0x2d build/freertos.o
 .ARM.attributes
                0x000000000000012b       0x2d build/usart.o
 .ARM.attributes
                0x0000000000000158       0x2d build/stm32f1xx_it.o
 .ARM.attributes
                0x0000000000000185       0x2d build/stm32f1xx_hal_msp.o
 .ARM.attributes
                0x00000000000001b2       0x2d build/stm32f1xx_hal_timebase_tim.o
 .ARM.attributes
                0x00000000000001df       0x2d build/stm32f1xx_hal.o
 .ARM.attributes
                0x000000000000020c       0x2d build/stm32f1xx_hal_rcc.o
 .ARM.attributes
                0x0000000000000239       0x2d build/stm32f1xx_hal_gpio.o
 .ARM.attributes
                0x0000000000000266       0x2d build/stm32f1xx_hal_dma.o
 .ARM.attributes
                0x0000000000000293       0x2d build/stm32f1xx_hal_cortex.o
 .ARM.attributes
                0x00000000000002c0       0x2d build/stm32f1xx_hal_tim.o
 .ARM.attributes
                0x00000000000002ed       0x2d build/stm32f1xx_hal_tim_ex.o
 .ARM.attributes
                0x000000000000031a       0x2d build/stm32f1xx_hal_uart.o
 .ARM.attributes
                0x0000000000000347       0x2d build/system_stm32f1xx.o
 .ARM.attributes
                0x0000000000000374       0x2d build/list.o
 .ARM.attributes
                0x00000000000003a1       0x2d build/queue.o
 .ARM.attributes
                0x00000000000003ce       0x2d build/tasks.o
 .ARM.attributes
                0x00000000000003fb       0x2d build/timers.o
 .ARM.attributes
                0x0000000000000428       0x2d build/cmsis_os2.o
 .ARM.attributes
                0x0000000000000455       0x2d build/heap_4.o
 .ARM.attributes
                0x0000000000000482       0x2d build/port.o
 .ARM.attributes
                0x00000000000004af       0x21 build/startup_stm32f103x6.o
 .ARM.attributes
                0x00000000000004d0       0x2d c:/users/38164/onedrive/desktop/gnu mcu/arm-none-eabi-gcc-9.3.1-1.1/bin/../lib/gcc/arm-none-eabi/9.3.1/../../../../arm-none-eabi/lib/thumb/v7-m/nofp\libc_nano.a(lib_a-init.o)
 .ARM.attributes
                0x00000000000004fd       0x2d c:/users/38164/onedrive/desktop/gnu mcu/arm-none-eabi-gcc-9.3.1-1.1/bin/../lib/gcc/arm-none-eabi/9.3.1/../../../../arm-none-eabi/lib/thumb/v7-m/nofp\libc_nano.a(lib_a-memcpy-stub.o)
 .ARM.attributes
                0x000000000000052a       0x2d c:/users/38164/onedrive/desktop/gnu mcu/arm-none-eabi-gcc-9.3.1-1.1/bin/../lib/gcc/arm-none-eabi/9.3.1/../../../../arm-none-eabi/lib/thumb/v7-m/nofp\libc_nano.a(lib_a-memset.o)
 .ARM.attributes
                0x0000000000000557       0x17 c:/users/38164/onedrive/desktop/gnu mcu/arm-none-eabi-gcc-9.3.1-1.1/bin/../lib/gcc/arm-none-eabi/9.3.1/../../../../arm-none-eabi/lib/thumb/v7-m/nofp\libc_nano.a(lib_a-strlen.o)
 .ARM.attributes
                0x000000000000056e       0x1d c:/users/38164/onedrive/desktop/gnu mcu/arm-none-eabi-gcc-9.3.1-1.1/bin/../lib/gcc/arm-none-eabi/9.3.1/thumb/v7-m/nofp/crtn.o
OUTPUT(build/code.elf elf32-littlearm)
LOAD linker stubs
LOAD c:/users/38164/onedrive/desktop/gnu mcu/arm-none-eabi-gcc-9.3.1-1.1/bin/../lib/gcc/arm-none-eabi/9.3.1/../../../../arm-none-eabi/lib/thumb/v7-m/nofp\libc.a
LOAD c:/users/38164/onedrive/desktop/gnu mcu/arm-none-eabi-gcc-9.3.1-1.1/bin/../lib/gcc/arm-none-eabi/9.3.1/../../../../arm-none-eabi/lib/thumb/v7-m/nofp\libm.a
LOAD c:/users/38164/onedrive/desktop/gnu mcu/arm-none-eabi-gcc-9.3.1-1.1/bin/../lib/gcc/arm-none-eabi/9.3.1/thumb/v7-m/nofp\libgcc.a

.debug_info     0x0000000000000000    0x226ee
 .debug_info    0x0000000000000000     0x172d build/main.o
 .debug_info    0x000000000000172d     0x1221 build/work.o
 .debug_info    0x000000000000294e     0x19d7 build/mcu_one.o
 .debug_info    0x0000000000004325      0x276 build/gpio.o
 .debug_info    0x000000000000459b      0x478 build/freertos.o
 .debug_info    0x0000000000004a13      0xc63 build/usart.o
 .debug_info    0x0000000000005676      0xb22 build/stm32f1xx_it.o
 .debug_info    0x0000000000006198      0x48c build/stm32f1xx_hal_msp.o
 .debug_info    0x0000000000006624      0xba0 build/stm32f1xx_hal_timebase_tim.o
 .debug_info    0x00000000000071c4      0x8c6 build/stm32f1xx_hal.o
 .debug_info    0x0000000000007a8a      0xb67 build/stm32f1xx_hal_rcc.o
 .debug_info    0x00000000000085f1      0x7d1 build/stm32f1xx_hal_gpio.o
 .debug_info    0x0000000000008dc2      0x9b5 build/stm32f1xx_hal_dma.o
 .debug_info    0x0000000000009777      0xed9 build/stm32f1xx_hal_cortex.o
 .debug_info    0x000000000000a650     0x3ebf build/stm32f1xx_hal_tim.o
 .debug_info    0x000000000000e50f     0x1c1a build/stm32f1xx_hal_tim_ex.o
 .debug_info    0x0000000000010129     0x1a94 build/stm32f1xx_hal_uart.o
 .debug_info    0x0000000000011bbd      0x2f7 build/system_stm32f1xx.o
 .debug_info    0x0000000000011eb4      0xc9e build/list.o
 .debug_info    0x0000000000012b52     0x31f0 build/queue.o
 .debug_info    0x0000000000015d42     0x3b3f build/tasks.o
 .debug_info    0x0000000000019881     0x23f5 build/timers.o
 .debug_info    0x000000000001bc76     0x56d9 build/cmsis_os2.o
 .debug_info    0x000000000002134f      0xe30 build/heap_4.o
 .debug_info    0x000000000002217f      0x54d build/port.o
 .debug_info    0x00000000000226cc       0x22 build/startup_stm32f103x6.o

.debug_abbrev   0x0000000000000000     0x42be
 .debug_abbrev  0x0000000000000000      0x2dc build/main.o
 .debug_abbrev  0x00000000000002dc      0x2b3 build/work.o
 .debug_abbrev  0x000000000000058f      0x30f build/mcu_one.o
 .debug_abbrev  0x000000000000089e      0x111 build/gpio.o
 .debug_abbrev  0x00000000000009af      0x14d build/freertos.o
 .debug_abbrev  0x0000000000000afc      0x1fa build/usart.o
 .debug_abbrev  0x0000000000000cf6      0x196 build/stm32f1xx_it.o
 .debug_abbrev  0x0000000000000e8c      0x15d build/stm32f1xx_hal_msp.o
 .debug_abbrev  0x0000000000000fe9      0x21c build/stm32f1xx_hal_timebase_tim.o
 .debug_abbrev  0x0000000000001205      0x21c build/stm32f1xx_hal.o
 .debug_abbrev  0x0000000000001421      0x2ad build/stm32f1xx_hal_rcc.o
 .debug_abbrev  0x00000000000016ce      0x24f build/stm32f1xx_hal_gpio.o
 .debug_abbrev  0x000000000000191d      0x283 build/stm32f1xx_hal_dma.o
 .debug_abbrev  0x0000000000001ba0      0x37f build/stm32f1xx_hal_cortex.o
 .debug_abbrev  0x0000000000001f1f      0x2c3 build/stm32f1xx_hal_tim.o
 .debug_abbrev  0x00000000000021e2      0x2ab build/stm32f1xx_hal_tim_ex.o
 .debug_abbrev  0x000000000000248d      0x2ea build/stm32f1xx_hal_uart.o
 .debug_abbrev  0x0000000000002777      0x153 build/system_stm32f1xx.o
 .debug_abbrev  0x00000000000028ca      0x245 build/list.o
 .debug_abbrev  0x0000000000002b0f      0x478 build/queue.o
 .debug_abbrev  0x0000000000002f87      0x476 build/tasks.o
 .debug_abbrev  0x00000000000033fd      0x3de build/timers.o
 .debug_abbrev  0x00000000000037db      0x4c7 build/cmsis_os2.o
 .debug_abbrev  0x0000000000003ca2      0x36d build/heap_4.o
 .debug_abbrev  0x000000000000400f      0x29d build/port.o
 .debug_abbrev  0x00000000000042ac       0x12 build/startup_stm32f103x6.o

.debug_loc      0x0000000000000000    0x18b22
 .debug_loc     0x0000000000000000       0xc8 build/main.o
 .debug_loc     0x00000000000000c8      0x141 build/work.o
 .debug_loc     0x0000000000000209      0x476 build/mcu_one.o
 .debug_loc     0x000000000000067f       0x2c build/gpio.o
 .debug_loc     0x00000000000006ab       0x65 build/freertos.o
 .debug_loc     0x0000000000000710      0x162 build/usart.o
 .debug_loc     0x0000000000000872       0x60 build/stm32f1xx_it.o
 .debug_loc     0x00000000000008d2       0x4d build/stm32f1xx_hal_msp.o
 .debug_loc     0x000000000000091f       0xcd build/stm32f1xx_hal_timebase_tim.o
 .debug_loc     0x00000000000009ec      0x1e1 build/stm32f1xx_hal.o
 .debug_loc     0x0000000000000bcd      0x7c0 build/stm32f1xx_hal_rcc.o
 .debug_loc     0x000000000000138d      0x532 build/stm32f1xx_hal_gpio.o
 .debug_loc     0x00000000000018bf      0x901 build/stm32f1xx_hal_dma.o
 .debug_loc     0x00000000000021c0      0x7af build/stm32f1xx_hal_cortex.o
 .debug_loc     0x000000000000296f     0x55c1 build/stm32f1xx_hal_tim.o
 .debug_loc     0x0000000000007f30     0x209d build/stm32f1xx_hal_tim_ex.o
 .debug_loc     0x0000000000009fcd     0x1e37 build/stm32f1xx_hal_uart.o
 .debug_loc     0x000000000000be04       0xff build/system_stm32f1xx.o
 .debug_loc     0x000000000000bf03       0xe5 build/list.o
 .debug_loc     0x000000000000bfe8     0x2076 build/queue.o
 .debug_loc     0x000000000000e05e     0x2b30 build/tasks.o
 .debug_loc     0x0000000000010b8e     0x154c build/timers.o
 .debug_loc     0x00000000000120da     0x6527 build/cmsis_os2.o
 .debug_loc     0x0000000000018601      0x3b5 build/heap_4.o
 .debug_loc     0x00000000000189b6      0x16c build/port.o

.debug_aranges  0x0000000000000000     0x1398
 .debug_aranges
                0x0000000000000000       0x38 build/main.o
 .debug_aranges
                0x0000000000000038       0x28 build/work.o
 .debug_aranges
                0x0000000000000060       0x78 build/mcu_one.o
 .debug_aranges
                0x00000000000000d8       0x20 build/gpio.o
 .debug_aranges
                0x00000000000000f8       0x28 build/freertos.o
 .debug_aranges
                0x0000000000000120       0x38 build/usart.o
 .debug_aranges
                0x0000000000000158       0x60 build/stm32f1xx_it.o
 .debug_aranges
                0x00000000000001b8       0x20 build/stm32f1xx_hal_msp.o
 .debug_aranges
                0x00000000000001d8       0x30 build/stm32f1xx_hal_timebase_tim.o
 .debug_aranges
                0x0000000000000208       0xe0 build/stm32f1xx_hal.o
 .debug_aranges
                0x00000000000002e8       0x90 build/stm32f1xx_hal_rcc.o
 .debug_aranges
                0x0000000000000378       0x58 build/stm32f1xx_hal_gpio.o
 .debug_aranges
                0x00000000000003d0       0x80 build/stm32f1xx_hal_dma.o
 .debug_aranges
                0x0000000000000450       0x90 build/stm32f1xx_hal_cortex.o
 .debug_aranges
                0x00000000000004e0      0x3d0 build/stm32f1xx_hal_tim.o
 .debug_aranges
                0x00000000000008b0      0x168 build/stm32f1xx_hal_tim_ex.o
 .debug_aranges
                0x0000000000000a18      0x1d0 build/stm32f1xx_hal_uart.o
 .debug_aranges
                0x0000000000000be8       0x28 build/system_stm32f1xx.o
 .debug_aranges
                0x0000000000000c10       0x40 build/list.o
 .debug_aranges
                0x0000000000000c50      0x158 build/queue.o
 .debug_aranges
                0x0000000000000da8      0x1f8 build/tasks.o
 .debug_aranges
                0x0000000000000fa0       0xe0 build/timers.o
 .debug_aranges
                0x0000000000001080      0x228 build/cmsis_os2.o
 .debug_aranges
                0x00000000000012a8       0x50 build/heap_4.o
 .debug_aranges
                0x00000000000012f8       0x78 build/port.o
 .debug_aranges
                0x0000000000001370       0x28 build/startup_stm32f103x6.o

.debug_ranges   0x0000000000000000     0x14a8
 .debug_ranges  0x0000000000000000       0x28 build/main.o
 .debug_ranges  0x0000000000000028       0x30 build/work.o
 .debug_ranges  0x0000000000000058       0x68 build/mcu_one.o
 .debug_ranges  0x00000000000000c0       0x10 build/gpio.o
 .debug_ranges  0x00000000000000d0       0x18 build/freertos.o
 .debug_ranges  0x00000000000000e8       0x28 build/usart.o
 .debug_ranges  0x0000000000000110       0x50 build/stm32f1xx_it.o
 .debug_ranges  0x0000000000000160       0x10 build/stm32f1xx_hal_msp.o
 .debug_ranges  0x0000000000000170       0x20 build/stm32f1xx_hal_timebase_tim.o
 .debug_ranges  0x0000000000000190       0xd0 build/stm32f1xx_hal.o
 .debug_ranges  0x0000000000000260       0xa0 build/stm32f1xx_hal_rcc.o
 .debug_ranges  0x0000000000000300       0x48 build/stm32f1xx_hal_gpio.o
 .debug_ranges  0x0000000000000348       0x70 build/stm32f1xx_hal_dma.o
 .debug_ranges  0x00000000000003b8       0xe0 build/stm32f1xx_hal_cortex.o
 .debug_ranges  0x0000000000000498      0x3c0 build/stm32f1xx_hal_tim.o
 .debug_ranges  0x0000000000000858      0x158 build/stm32f1xx_hal_tim_ex.o
 .debug_ranges  0x00000000000009b0      0x1c0 build/stm32f1xx_hal_uart.o
 .debug_ranges  0x0000000000000b70       0x18 build/system_stm32f1xx.o
 .debug_ranges  0x0000000000000b88       0x30 build/list.o
 .debug_ranges  0x0000000000000bb8      0x218 build/queue.o
 .debug_ranges  0x0000000000000dd0      0x328 build/tasks.o
 .debug_ranges  0x00000000000010f8       0xd0 build/timers.o
 .debug_ranges  0x00000000000011c8      0x218 build/cmsis_os2.o
 .debug_ranges  0x00000000000013e0       0x40 build/heap_4.o
 .debug_ranges  0x0000000000001420       0x68 build/port.o
 .debug_ranges  0x0000000000001488       0x20 build/startup_stm32f103x6.o

.debug_line     0x0000000000000000    0x16856
 .debug_line    0x0000000000000000      0x4a9 build/main.o
 .debug_line    0x00000000000004a9      0x433 build/work.o
 .debug_line    0x00000000000008dc      0x6e3 build/mcu_one.o
 .debug_line    0x0000000000000fbf      0x1e9 build/gpio.o
 .debug_line    0x00000000000011a8      0x274 build/freertos.o
 .debug_line    0x000000000000141c      0x43e build/usart.o
 .debug_line    0x000000000000185a      0x348 build/stm32f1xx_it.o
 .debug_line    0x0000000000001ba2      0x21e build/stm32f1xx_hal_msp.o
 .debug_line    0x0000000000001dc0      0x303 build/stm32f1xx_hal_timebase_tim.o
 .debug_line    0x00000000000020c3      0x546 build/stm32f1xx_hal.o
 .debug_line    0x0000000000002609      0xc63 build/stm32f1xx_hal_rcc.o
 .debug_line    0x000000000000326c      0x637 build/stm32f1xx_hal_gpio.o
 .debug_line    0x00000000000038a3      0xabb build/stm32f1xx_hal_dma.o
 .debug_line    0x000000000000435e      0x69c build/stm32f1xx_hal_cortex.o
 .debug_line    0x00000000000049fa     0x46a6 build/stm32f1xx_hal_tim.o
 .debug_line    0x00000000000090a0     0x1ca8 build/stm32f1xx_hal_tim_ex.o
 .debug_line    0x000000000000ad48     0x1c1a build/stm32f1xx_hal_uart.o
 .debug_line    0x000000000000c962      0x2b6 build/system_stm32f1xx.o
 .debug_line    0x000000000000cc18      0x4aa build/list.o
 .debug_line    0x000000000000d0c2     0x20ff build/queue.o
 .debug_line    0x000000000000f1c1     0x2ca8 build/tasks.o
 .debug_line    0x0000000000011e69      0xed3 build/timers.o
 .debug_line    0x0000000000012d3c     0x2dc4 build/cmsis_os2.o
 .debug_line    0x0000000000015b00      0x728 build/heap_4.o
 .debug_line    0x0000000000016228      0x5bc build/port.o
 .debug_line    0x00000000000167e4       0x72 build/startup_stm32f103x6.o

.debug_str      0x0000000000000000     0x6d0a
 .debug_str     0x0000000000000000      0xe1c build/main.o
                                        0xf33 (size before relaxing)
 .debug_str     0x0000000000000e1c       0xf5 build/work.o
                                        0xaf8 (size before relaxing)
 .debug_str     0x0000000000000f11      0x4a6 build/mcu_one.o
                                        0xf4a (size before relaxing)
 .debug_str     0x00000000000013b7       0x59 build/gpio.o
                                        0x2c3 (size before relaxing)
 .debug_str     0x0000000000001410      0x4d5 build/freertos.o
                                        0x748 (size before relaxing)
 .debug_str     0x00000000000018e5      0x389 build/usart.o
                                        0xa31 (size before relaxing)
 .debug_str     0x0000000000001c6e       0xe4 build/stm32f1xx_it.o
                                        0x9c7 (size before relaxing)
 .debug_str     0x0000000000001d52       0x5a build/stm32f1xx_hal_msp.o
                                        0x5ad (size before relaxing)
 .debug_str     0x0000000000001dac       0xf8 build/stm32f1xx_hal_timebase_tim.o
                                        0xb94 (size before relaxing)
 .debug_str     0x0000000000001ea4      0x242 build/stm32f1xx_hal.o
                                        0x837 (size before relaxing)
 .debug_str     0x00000000000020e6      0x1be build/stm32f1xx_hal_rcc.o
                                        0x6c0 (size before relaxing)
 .debug_str     0x00000000000022a4      0x148 build/stm32f1xx_hal_gpio.o
                                        0x4de (size before relaxing)
 .debug_str     0x00000000000023ec      0x23a build/stm32f1xx_hal_dma.o
                                        0x6db (size before relaxing)
 .debug_str     0x0000000000002626      0x38b build/stm32f1xx_hal_cortex.o
                                        0x953 (size before relaxing)
 .debug_str     0x00000000000029b1      0xea7 build/stm32f1xx_hal_tim.o
                                       0x1716 (size before relaxing)
 .debug_str     0x0000000000003858      0x5bd build/stm32f1xx_hal_tim_ex.o
                                        0xf40 (size before relaxing)
 .debug_str     0x0000000000003e15      0x4b2 build/stm32f1xx_hal_uart.o
                                        0xc6e (size before relaxing)
 .debug_str     0x00000000000042c7       0x52 build/system_stm32f1xx.o
                                        0x2f4 (size before relaxing)
 .debug_str     0x0000000000004319      0x14f build/list.o
                                        0x6eb (size before relaxing)
 .debug_str     0x0000000000004468      0x936 build/queue.o
                                       0x1069 (size before relaxing)
 .debug_str     0x0000000000004d9e      0xc0d build/tasks.o
                                       0x1676 (size before relaxing)
 .debug_str     0x00000000000059ab      0x5ac build/timers.o
                                        0xfdc (size before relaxing)
 .debug_str     0x0000000000005f57      0xa37 build/cmsis_os2.o
                                       0x1cc7 (size before relaxing)
 .debug_str     0x000000000000698e      0x1d8 build/heap_4.o
                                        0x7d4 (size before relaxing)
 .debug_str     0x0000000000006b66      0x180 build/port.o
                                        0x461 (size before relaxing)
 .debug_str     0x0000000000006ce6       0x24 build/startup_stm32f103x6.o
                                         0x64 (size before relaxing)

.comment        0x0000000000000000       0x43
 .comment       0x0000000000000000       0x43 build/main.o
                                         0x44 (size before relaxing)
 .comment       0x0000000000000043       0x44 build/work.o
 .comment       0x0000000000000043       0x44 build/mcu_one.o
 .comment       0x0000000000000043       0x44 build/gpio.o
 .comment       0x0000000000000043       0x44 build/freertos.o
 .comment       0x0000000000000043       0x44 build/usart.o
 .comment       0x0000000000000043       0x44 build/stm32f1xx_it.o
 .comment       0x0000000000000043       0x44 build/stm32f1xx_hal_msp.o
 .comment       0x0000000000000043       0x44 build/stm32f1xx_hal_timebase_tim.o
 .comment       0x0000000000000043       0x44 build/stm32f1xx_hal.o
 .comment       0x0000000000000043       0x44 build/stm32f1xx_hal_rcc.o
 .comment       0x0000000000000043       0x44 build/stm32f1xx_hal_gpio.o
 .comment       0x0000000000000043       0x44 build/stm32f1xx_hal_dma.o
 .comment       0x0000000000000043       0x44 build/stm32f1xx_hal_cortex.o
 .comment       0x0000000000000043       0x44 build/stm32f1xx_hal_tim.o
 .comment       0x0000000000000043       0x44 build/stm32f1xx_hal_tim_ex.o
 .comment       0x0000000000000043       0x44 build/stm32f1xx_hal_uart.o
 .comment       0x0000000000000043       0x44 build/system_stm32f1xx.o
 .comment       0x0000000000000043       0x44 build/list.o
 .comment       0x0000000000000043       0x44 build/queue.o
 .comment       0x0000000000000043       0x44 build/tasks.o
 .comment       0x0000000000000043       0x44 build/timers.o
 .comment       0x0000000000000043       0x44 build/cmsis_os2.o
 .comment       0x0000000000000043       0x44 build/heap_4.o
 .comment       0x0000000000000043       0x44 build/port.o

.debug_frame    0x0000000000000000     0x3758
 .debug_frame   0x0000000000000000       0x70 build/main.o
 .debug_frame   0x0000000000000070       0x4c build/work.o
 .debug_frame   0x00000000000000bc      0x180 build/mcu_one.o
 .debug_frame   0x000000000000023c       0x28 build/gpio.o
 .debug_frame   0x0000000000000264       0x40 build/freertos.o
 .debug_frame   0x00000000000002a4       0x7c build/usart.o
 .debug_frame   0x0000000000000320       0xb8 build/stm32f1xx_it.o
 .debug_frame   0x00000000000003d8       0x2c build/stm32f1xx_hal_msp.o
 .debug_frame   0x0000000000000404       0x50 build/stm32f1xx_hal_timebase_tim.o
 .debug_frame   0x0000000000000454      0x1cc build/stm32f1xx_hal.o
 .debug_frame   0x0000000000000620      0x190 build/stm32f1xx_hal_rcc.o
 .debug_frame   0x00000000000007b0       0xe8 build/stm32f1xx_hal_gpio.o
 .debug_frame   0x0000000000000898      0x148 build/stm32f1xx_hal_dma.o
 .debug_frame   0x00000000000009e0      0x12c build/stm32f1xx_hal_cortex.o
 .debug_frame   0x0000000000000b0c      0xb44 build/stm32f1xx_hal_tim.o
 .debug_frame   0x0000000000001650      0x418 build/stm32f1xx_hal_tim_ex.o
 .debug_frame   0x0000000000001a68      0x500 build/stm32f1xx_hal_uart.o
 .debug_frame   0x0000000000001f68       0x30 build/system_stm32f1xx.o
 .debug_frame   0x0000000000001f98       0x70 build/list.o
 .debug_frame   0x0000000000002008      0x45c build/queue.o
 .debug_frame   0x0000000000002464      0x650 build/tasks.o
 .debug_frame   0x0000000000002ab4      0x2cc build/timers.o
 .debug_frame   0x0000000000002d80      0x7c8 build/cmsis_os2.o
 .debug_frame   0x0000000000003548       0xac build/heap_4.o
 .debug_frame   0x00000000000035f4       0xf0 build/port.o
 .debug_frame   0x00000000000036e4       0x2c c:/users/38164/onedrive/desktop/gnu mcu/arm-none-eabi-gcc-9.3.1-1.1/bin/../lib/gcc/arm-none-eabi/9.3.1/../../../../arm-none-eabi/lib/thumb/v7-m/nofp\libc_nano.a(lib_a-init.o)
 .debug_frame   0x0000000000003710       0x28 c:/users/38164/onedrive/desktop/gnu mcu/arm-none-eabi-gcc-9.3.1-1.1/bin/../lib/gcc/arm-none-eabi/9.3.1/../../../../arm-none-eabi/lib/thumb/v7-m/nofp\libc_nano.a(lib_a-memcpy-stub.o)
 .debug_frame   0x0000000000003738       0x20 c:/users/38164/onedrive/desktop/gnu mcu/arm-none-eabi-gcc-9.3.1-1.1/bin/../lib/gcc/arm-none-eabi/9.3.1/../../../../arm-none-eabi/lib/thumb/v7-m/nofp\libc_nano.a(lib_a-memset.o)

Cross Reference Table

Symbol                                            File
ADC1_2_IRQHandler                                 build/startup_stm32f103x6.o
AHBPrescTable                                     build/system_stm32f1xx.o
                                                  build/stm32f1xx_hal_rcc.o
APBPrescTable                                     build/system_stm32f1xx.o
                                                  build/stm32f1xx_hal_rcc.o
BusFault_Handler                                  build/stm32f1xx_it.o
CAN1_RX1_IRQHandler                               build/startup_stm32f103x6.o
CAN1_SCE_IRQHandler                               build/startup_stm32f103x6.o
DMA1_Channel1_IRQHandler                          build/startup_stm32f103x6.o
DMA1_Channel2_IRQHandler                          build/startup_stm32f103x6.o
DMA1_Channel3_IRQHandler                          build/startup_stm32f103x6.o
DMA1_Channel4_IRQHandler                          build/startup_stm32f103x6.o
DMA1_Channel5_IRQHandler                          build/startup_stm32f103x6.o
DMA1_Channel6_IRQHandler                          build/startup_stm32f103x6.o
DMA1_Channel7_IRQHandler                          build/startup_stm32f103x6.o
DebugMon_Handler                                  build/stm32f1xx_it.o
Default_Handler                                   build/startup_stm32f103x6.o
EXTI0_IRQHandler                                  build/startup_stm32f103x6.o
EXTI15_10_IRQHandler                              build/startup_stm32f103x6.o
EXTI1_IRQHandler                                  build/startup_stm32f103x6.o
EXTI2_IRQHandler                                  build/startup_stm32f103x6.o
EXTI3_IRQHandler                                  build/startup_stm32f103x6.o
EXTI4_IRQHandler                                  build/startup_stm32f103x6.o
EXTI9_5_IRQHandler                                build/startup_stm32f103x6.o
Error_Handler                                     build/main.o
                                                  build/usart.o
FLASH_IRQHandler                                  build/startup_stm32f103x6.o
FLASH_PageErase                                   build/stm32f1xx_hal_flash_ex.o
                                                  build/stm32f1xx_hal_flash.o
FLASH_WaitForLastOperation                        build/stm32f1xx_hal_flash.o
                                                  build/stm32f1xx_hal_flash_ex.o
HAL_DBGMCU_DisableDBGSleepMode                    build/stm32f1xx_hal.o
HAL_DBGMCU_DisableDBGStandbyMode                  build/stm32f1xx_hal.o
HAL_DBGMCU_DisableDBGStopMode                     build/stm32f1xx_hal.o
HAL_DBGMCU_EnableDBGSleepMode                     build/stm32f1xx_hal.o
HAL_DBGMCU_EnableDBGStandbyMode                   build/stm32f1xx_hal.o
HAL_DBGMCU_EnableDBGStopMode                      build/stm32f1xx_hal.o
HAL_DMA_Abort                                     build/stm32f1xx_hal_dma.o
                                                  build/stm32f1xx_hal_uart.o
HAL_DMA_Abort_IT                                  build/stm32f1xx_hal_dma.o
                                                  build/stm32f1xx_hal_uart.o
                                                  build/stm32f1xx_hal_tim_ex.o
                                                  build/stm32f1xx_hal_tim.o
HAL_DMA_DeInit                                    build/stm32f1xx_hal_dma.o
HAL_DMA_GetError                                  build/stm32f1xx_hal_dma.o
                                                  build/stm32f1xx_hal_uart.o
HAL_DMA_GetState                                  build/stm32f1xx_hal_dma.o
HAL_DMA_IRQHandler                                build/stm32f1xx_hal_dma.o
HAL_DMA_Init                                      build/stm32f1xx_hal_dma.o
HAL_DMA_PollForTransfer                           build/stm32f1xx_hal_dma.o
HAL_DMA_RegisterCallback                          build/stm32f1xx_hal_dma.o
HAL_DMA_Start                                     build/stm32f1xx_hal_dma.o
HAL_DMA_Start_IT                                  build/stm32f1xx_hal_dma.o
                                                  build/stm32f1xx_hal_uart.o
                                                  build/stm32f1xx_hal_tim_ex.o
                                                  build/stm32f1xx_hal_tim.o
HAL_DMA_UnRegisterCallback                        build/stm32f1xx_hal_dma.o
HAL_DeInit                                        build/stm32f1xx_hal.o
HAL_Delay                                         build/stm32f1xx_hal.o
HAL_EXTI_ClearConfigLine                          build/stm32f1xx_hal_exti.o
HAL_EXTI_ClearPending                             build/stm32f1xx_hal_exti.o
HAL_EXTI_GenerateSWI                              build/stm32f1xx_hal_exti.o
HAL_EXTI_GetConfigLine                            build/stm32f1xx_hal_exti.o
HAL_EXTI_GetHandle                                build/stm32f1xx_hal_exti.o
HAL_EXTI_GetPending                               build/stm32f1xx_hal_exti.o
HAL_EXTI_IRQHandler                               build/stm32f1xx_hal_exti.o
HAL_EXTI_RegisterCallback                         build/stm32f1xx_hal_exti.o
HAL_EXTI_SetConfigLine                            build/stm32f1xx_hal_exti.o
HAL_FLASHEx_Erase                                 build/stm32f1xx_hal_flash_ex.o
HAL_FLASHEx_Erase_IT                              build/stm32f1xx_hal_flash_ex.o
HAL_FLASHEx_OBErase                               build/stm32f1xx_hal_flash_ex.o
HAL_FLASHEx_OBGetConfig                           build/stm32f1xx_hal_flash_ex.o
HAL_FLASHEx_OBGetUserData                         build/stm32f1xx_hal_flash_ex.o
HAL_FLASHEx_OBProgram                             build/stm32f1xx_hal_flash_ex.o
HAL_FLASH_EndOfOperationCallback                  build/stm32f1xx_hal_flash.o
HAL_FLASH_GetError                                build/stm32f1xx_hal_flash.o
HAL_FLASH_IRQHandler                              build/stm32f1xx_hal_flash.o
HAL_FLASH_Lock                                    build/stm32f1xx_hal_flash.o
HAL_FLASH_OB_Launch                               build/stm32f1xx_hal_flash.o
HAL_FLASH_OB_Lock                                 build/stm32f1xx_hal_flash.o
HAL_FLASH_OB_Unlock                               build/stm32f1xx_hal_flash.o
HAL_FLASH_OperationErrorCallback                  build/stm32f1xx_hal_flash.o
HAL_FLASH_Program                                 build/stm32f1xx_hal_flash.o
HAL_FLASH_Program_IT                              build/stm32f1xx_hal_flash.o
HAL_FLASH_Unlock                                  build/stm32f1xx_hal_flash.o
HAL_GPIOEx_ConfigEventout                         build/stm32f1xx_hal_gpio_ex.o
HAL_GPIOEx_DisableEventout                        build/stm32f1xx_hal_gpio_ex.o
HAL_GPIOEx_EnableEventout                         build/stm32f1xx_hal_gpio_ex.o
HAL_GPIO_DeInit                                   build/stm32f1xx_hal_gpio.o
                                                  build/usart.o
HAL_GPIO_EXTI_Callback                            build/stm32f1xx_hal_gpio.o
HAL_GPIO_EXTI_IRQHandler                          build/stm32f1xx_hal_gpio.o
HAL_GPIO_Init                                     build/stm32f1xx_hal_gpio.o
                                                  build/stm32f1xx_hal_rcc.o
                                                  build/usart.o
HAL_GPIO_LockPin                                  build/stm32f1xx_hal_gpio.o
HAL_GPIO_ReadPin                                  build/stm32f1xx_hal_gpio.o
HAL_GPIO_TogglePin                                build/stm32f1xx_hal_gpio.o
HAL_GPIO_WritePin                                 build/stm32f1xx_hal_gpio.o
HAL_GetDEVID                                      build/stm32f1xx_hal.o
HAL_GetHalVersion                                 build/stm32f1xx_hal.o
HAL_GetREVID                                      build/stm32f1xx_hal.o
HAL_GetTick                                       build/stm32f1xx_hal.o
                                                  build/stm32f1xx_hal_uart.o
                                                  build/stm32f1xx_hal_flash.o
                                                  build/stm32f1xx_hal_dma.o
                                                  build/stm32f1xx_hal_rcc_ex.o
                                                  build/stm32f1xx_hal_rcc.o
HAL_GetTickFreq                                   build/stm32f1xx_hal.o
HAL_GetTickPrio                                   build/stm32f1xx_hal.o
HAL_GetUIDw0                                      build/stm32f1xx_hal.o
HAL_GetUIDw1                                      build/stm32f1xx_hal.o
HAL_GetUIDw2                                      build/stm32f1xx_hal.o
HAL_HalfDuplex_EnableReceiver                     build/stm32f1xx_hal_uart.o
HAL_HalfDuplex_EnableTransmitter                  build/stm32f1xx_hal_uart.o
HAL_HalfDuplex_Init                               build/stm32f1xx_hal_uart.o
HAL_IncTick                                       build/stm32f1xx_hal.o
                                                  build/main.o
HAL_Init                                          build/stm32f1xx_hal.o
                                                  build/main.o
HAL_InitTick                                      build/stm32f1xx_hal_timebase_tim.o
                                                  build/stm32f1xx_hal_rcc.o
HAL_LIN_Init                                      build/stm32f1xx_hal_uart.o
HAL_LIN_SendBreak                                 build/stm32f1xx_hal_uart.o
HAL_MspDeInit                                     build/stm32f1xx_hal.o
HAL_MspInit                                       build/stm32f1xx_hal_msp.o
HAL_MultiProcessor_EnterMuteMode                  build/stm32f1xx_hal_uart.o
HAL_MultiProcessor_ExitMuteMode                   build/stm32f1xx_hal_uart.o
HAL_MultiProcessor_Init                           build/stm32f1xx_hal_uart.o
HAL_NVIC_ClearPendingIRQ                          build/stm32f1xx_hal_cortex.o
HAL_NVIC_DisableIRQ                               build/stm32f1xx_hal_cortex.o
                                                  build/usart.o
HAL_NVIC_EnableIRQ                                build/stm32f1xx_hal_cortex.o
                                                  build/stm32f1xx_hal_timebase_tim.o
                                                  build/usart.o
HAL_NVIC_GetActive                                build/stm32f1xx_hal_cortex.o
HAL_NVIC_GetPendingIRQ                            build/stm32f1xx_hal_cortex.o
HAL_NVIC_GetPriority                              build/stm32f1xx_hal_cortex.o
HAL_NVIC_GetPriorityGrouping                      build/stm32f1xx_hal_cortex.o
HAL_NVIC_SetPendingIRQ                            build/stm32f1xx_hal_cortex.o
HAL_NVIC_SetPriority                              build/stm32f1xx_hal_cortex.o
                                                  build/stm32f1xx_hal.o
                                                  build/stm32f1xx_hal_timebase_tim.o
                                                  build/stm32f1xx_hal_msp.o
                                                  build/usart.o
HAL_NVIC_SetPriorityGrouping                      build/stm32f1xx_hal_cortex.o
                                                  build/stm32f1xx_hal.o
HAL_NVIC_SystemReset                              build/stm32f1xx_hal_cortex.o
                                                  build/stm32f1xx_hal_flash.o
HAL_PWR_ConfigPVD                                 build/stm32f1xx_hal_pwr.o
HAL_PWR_DeInit                                    build/stm32f1xx_hal_pwr.o
HAL_PWR_DisableBkUpAccess                         build/stm32f1xx_hal_pwr.o
HAL_PWR_DisablePVD                                build/stm32f1xx_hal_pwr.o
HAL_PWR_DisableSEVOnPend                          build/stm32f1xx_hal_pwr.o
HAL_PWR_DisableSleepOnExit                        build/stm32f1xx_hal_pwr.o
HAL_PWR_DisableWakeUpPin                          build/stm32f1xx_hal_pwr.o
HAL_PWR_EnableBkUpAccess                          build/stm32f1xx_hal_pwr.o
HAL_PWR_EnablePVD                                 build/stm32f1xx_hal_pwr.o
HAL_PWR_EnableSEVOnPend                           build/stm32f1xx_hal_pwr.o
HAL_PWR_EnableSleepOnExit                         build/stm32f1xx_hal_pwr.o
HAL_PWR_EnableWakeUpPin                           build/stm32f1xx_hal_pwr.o
HAL_PWR_EnterSLEEPMode                            build/stm32f1xx_hal_pwr.o
HAL_PWR_EnterSTANDBYMode                          build/stm32f1xx_hal_pwr.o
HAL_PWR_EnterSTOPMode                             build/stm32f1xx_hal_pwr.o
HAL_PWR_PVDCallback                               build/stm32f1xx_hal_pwr.o
HAL_PWR_PVD_IRQHandler                            build/stm32f1xx_hal_pwr.o
HAL_RCCEx_GetPeriphCLKConfig                      build/stm32f1xx_hal_rcc_ex.o
HAL_RCCEx_GetPeriphCLKFreq                        build/stm32f1xx_hal_rcc_ex.o
HAL_RCCEx_PeriphCLKConfig                         build/stm32f1xx_hal_rcc_ex.o
HAL_RCC_CSSCallback                               build/stm32f1xx_hal_rcc.o
HAL_RCC_ClockConfig                               build/stm32f1xx_hal_rcc.o
                                                  build/main.o
HAL_RCC_DeInit                                    build/stm32f1xx_hal_rcc.o
HAL_RCC_DisableCSS                                build/stm32f1xx_hal_rcc.o
HAL_RCC_EnableCSS                                 build/stm32f1xx_hal_rcc.o
HAL_RCC_GetClockConfig                            build/stm32f1xx_hal_rcc.o
                                                  build/stm32f1xx_hal_timebase_tim.o
HAL_RCC_GetHCLKFreq                               build/stm32f1xx_hal_rcc.o
HAL_RCC_GetOscConfig                              build/stm32f1xx_hal_rcc.o
HAL_RCC_GetPCLK1Freq                              build/stm32f1xx_hal_rcc.o
                                                  build/stm32f1xx_hal_uart.o
HAL_RCC_GetPCLK2Freq                              build/stm32f1xx_hal_rcc.o
                                                  build/stm32f1xx_hal_uart.o
                                                  build/stm32f1xx_hal_rcc_ex.o
                                                  build/stm32f1xx_hal_timebase_tim.o
HAL_RCC_GetSysClockFreq                           build/stm32f1xx_hal_rcc.o
HAL_RCC_MCOConfig                                 build/stm32f1xx_hal_rcc.o
HAL_RCC_NMI_IRQHandler                            build/stm32f1xx_hal_rcc.o
HAL_RCC_OscConfig                                 build/stm32f1xx_hal_rcc.o
                                                  build/main.o
HAL_ResumeTick                                    build/stm32f1xx_hal_timebase_tim.o
HAL_SYSTICK_CLKSourceConfig                       build/stm32f1xx_hal_cortex.o
HAL_SYSTICK_Callback                              build/stm32f1xx_hal_cortex.o
HAL_SYSTICK_Config                                build/stm32f1xx_hal_cortex.o
                                                  build/stm32f1xx_hal.o
HAL_SYSTICK_IRQHandler                            build/stm32f1xx_hal_cortex.o
HAL_SetTickFreq                                   build/stm32f1xx_hal.o
HAL_SuspendTick                                   build/stm32f1xx_hal_timebase_tim.o
HAL_TIMEx_BreakCallback                           build/stm32f1xx_hal_tim_ex.o
                                                  build/stm32f1xx_hal_tim.o
HAL_TIMEx_CommutCallback                          build/stm32f1xx_hal_tim_ex.o
                                                  build/stm32f1xx_hal_tim.o
HAL_TIMEx_CommutHalfCpltCallback                  build/stm32f1xx_hal_tim_ex.o
HAL_TIMEx_ConfigBreakDeadTime                     build/stm32f1xx_hal_tim_ex.o
HAL_TIMEx_ConfigCommutEvent                       build/stm32f1xx_hal_tim_ex.o
HAL_TIMEx_ConfigCommutEvent_DMA                   build/stm32f1xx_hal_tim_ex.o
HAL_TIMEx_ConfigCommutEvent_IT                    build/stm32f1xx_hal_tim_ex.o
HAL_TIMEx_GetChannelNState                        build/stm32f1xx_hal_tim_ex.o
HAL_TIMEx_HallSensor_DeInit                       build/stm32f1xx_hal_tim_ex.o
HAL_TIMEx_HallSensor_GetState                     build/stm32f1xx_hal_tim_ex.o
HAL_TIMEx_HallSensor_Init                         build/stm32f1xx_hal_tim_ex.o
HAL_TIMEx_HallSensor_MspDeInit                    build/stm32f1xx_hal_tim_ex.o
HAL_TIMEx_HallSensor_MspInit                      build/stm32f1xx_hal_tim_ex.o
HAL_TIMEx_HallSensor_Start                        build/stm32f1xx_hal_tim_ex.o
HAL_TIMEx_HallSensor_Start_DMA                    build/stm32f1xx_hal_tim_ex.o
HAL_TIMEx_HallSensor_Start_IT                     build/stm32f1xx_hal_tim_ex.o
HAL_TIMEx_HallSensor_Stop                         build/stm32f1xx_hal_tim_ex.o
HAL_TIMEx_HallSensor_Stop_DMA                     build/stm32f1xx_hal_tim_ex.o
HAL_TIMEx_HallSensor_Stop_IT                      build/stm32f1xx_hal_tim_ex.o
HAL_TIMEx_MasterConfigSynchronization             build/stm32f1xx_hal_tim_ex.o
HAL_TIMEx_OCN_Start                               build/stm32f1xx_hal_tim_ex.o
HAL_TIMEx_OCN_Start_DMA                           build/stm32f1xx_hal_tim_ex.o
HAL_TIMEx_OCN_Start_IT                            build/stm32f1xx_hal_tim_ex.o
HAL_TIMEx_OCN_Stop                                build/stm32f1xx_hal_tim_ex.o
HAL_TIMEx_OCN_Stop_DMA                            build/stm32f1xx_hal_tim_ex.o
HAL_TIMEx_OCN_Stop_IT                             build/stm32f1xx_hal_tim_ex.o
HAL_TIMEx_OnePulseN_Start                         build/stm32f1xx_hal_tim_ex.o
HAL_TIMEx_OnePulseN_Start_IT                      build/stm32f1xx_hal_tim_ex.o
HAL_TIMEx_OnePulseN_Stop                          build/stm32f1xx_hal_tim_ex.o
HAL_TIMEx_OnePulseN_Stop_IT                       build/stm32f1xx_hal_tim_ex.o
HAL_TIMEx_PWMN_Start                              build/stm32f1xx_hal_tim_ex.o
HAL_TIMEx_PWMN_Start_DMA                          build/stm32f1xx_hal_tim_ex.o
HAL_TIMEx_PWMN_Start_IT                           build/stm32f1xx_hal_tim_ex.o
HAL_TIMEx_PWMN_Stop                               build/stm32f1xx_hal_tim_ex.o
HAL_TIMEx_PWMN_Stop_DMA                           build/stm32f1xx_hal_tim_ex.o
HAL_TIMEx_PWMN_Stop_IT                            build/stm32f1xx_hal_tim_ex.o
HAL_TIMEx_RemapConfig                             build/stm32f1xx_hal_tim_ex.o
HAL_TIM_Base_DeInit                               build/stm32f1xx_hal_tim.o
HAL_TIM_Base_GetState                             build/stm32f1xx_hal_tim.o
HAL_TIM_Base_Init                                 build/stm32f1xx_hal_tim.o
                                                  build/stm32f1xx_hal_timebase_tim.o
HAL_TIM_Base_MspDeInit                            build/stm32f1xx_hal_tim.o
HAL_TIM_Base_MspInit                              build/stm32f1xx_hal_tim.o
HAL_TIM_Base_Start                                build/stm32f1xx_hal_tim.o
HAL_TIM_Base_Start_DMA                            build/stm32f1xx_hal_tim.o
HAL_TIM_Base_Start_IT                             build/stm32f1xx_hal_tim.o
                                                  build/stm32f1xx_hal_timebase_tim.o
HAL_TIM_Base_Stop                                 build/stm32f1xx_hal_tim.o
HAL_TIM_Base_Stop_DMA                             build/stm32f1xx_hal_tim.o
HAL_TIM_Base_Stop_IT                              build/stm32f1xx_hal_tim.o
HAL_TIM_ConfigClockSource                         build/stm32f1xx_hal_tim.o
HAL_TIM_ConfigOCrefClear                          build/stm32f1xx_hal_tim.o
HAL_TIM_ConfigTI1Input                            build/stm32f1xx_hal_tim.o
HAL_TIM_DMABurstState                             build/stm32f1xx_hal_tim.o
HAL_TIM_DMABurst_MultiReadStart                   build/stm32f1xx_hal_tim.o
HAL_TIM_DMABurst_MultiWriteStart                  build/stm32f1xx_hal_tim.o
HAL_TIM_DMABurst_ReadStart                        build/stm32f1xx_hal_tim.o
HAL_TIM_DMABurst_ReadStop                         build/stm32f1xx_hal_tim.o
HAL_TIM_DMABurst_WriteStart                       build/stm32f1xx_hal_tim.o
HAL_TIM_DMABurst_WriteStop                        build/stm32f1xx_hal_tim.o
HAL_TIM_Encoder_DeInit                            build/stm32f1xx_hal_tim.o
HAL_TIM_Encoder_GetState                          build/stm32f1xx_hal_tim.o
HAL_TIM_Encoder_Init                              build/stm32f1xx_hal_tim.o
HAL_TIM_Encoder_MspDeInit                         build/stm32f1xx_hal_tim.o
HAL_TIM_Encoder_MspInit                           build/stm32f1xx_hal_tim.o
HAL_TIM_Encoder_Start                             build/stm32f1xx_hal_tim.o
HAL_TIM_Encoder_Start_DMA                         build/stm32f1xx_hal_tim.o
HAL_TIM_Encoder_Start_IT                          build/stm32f1xx_hal_tim.o
HAL_TIM_Encoder_Stop                              build/stm32f1xx_hal_tim.o
HAL_TIM_Encoder_Stop_DMA                          build/stm32f1xx_hal_tim.o
HAL_TIM_Encoder_Stop_IT                           build/stm32f1xx_hal_tim.o
HAL_TIM_ErrorCallback                             build/stm32f1xx_hal_tim.o
                                                  build/stm32f1xx_hal_tim_ex.o
HAL_TIM_GenerateEvent                             build/stm32f1xx_hal_tim.o
HAL_TIM_GetActiveChannel                          build/stm32f1xx_hal_tim.o
HAL_TIM_GetChannelState                           build/stm32f1xx_hal_tim.o
HAL_TIM_IC_CaptureCallback                        build/stm32f1xx_hal_tim.o
HAL_TIM_IC_CaptureHalfCpltCallback                build/stm32f1xx_hal_tim.o
HAL_TIM_IC_ConfigChannel                          build/stm32f1xx_hal_tim.o
HAL_TIM_IC_DeInit                                 build/stm32f1xx_hal_tim.o
HAL_TIM_IC_GetState                               build/stm32f1xx_hal_tim.o
HAL_TIM_IC_Init                                   build/stm32f1xx_hal_tim.o
HAL_TIM_IC_MspDeInit                              build/stm32f1xx_hal_tim.o
HAL_TIM_IC_MspInit                                build/stm32f1xx_hal_tim.o
HAL_TIM_IC_Start                                  build/stm32f1xx_hal_tim.o
HAL_TIM_IC_Start_DMA                              build/stm32f1xx_hal_tim.o
HAL_TIM_IC_Start_IT                               build/stm32f1xx_hal_tim.o
HAL_TIM_IC_Stop                                   build/stm32f1xx_hal_tim.o
HAL_TIM_IC_Stop_DMA                               build/stm32f1xx_hal_tim.o
HAL_TIM_IC_Stop_IT                                build/stm32f1xx_hal_tim.o
HAL_TIM_IRQHandler                                build/stm32f1xx_hal_tim.o
                                                  build/stm32f1xx_it.o
HAL_TIM_OC_ConfigChannel                          build/stm32f1xx_hal_tim.o
HAL_TIM_OC_DeInit                                 build/stm32f1xx_hal_tim.o
HAL_TIM_OC_DelayElapsedCallback                   build/stm32f1xx_hal_tim.o
HAL_TIM_OC_GetState                               build/stm32f1xx_hal_tim.o
HAL_TIM_OC_Init                                   build/stm32f1xx_hal_tim.o
HAL_TIM_OC_MspDeInit                              build/stm32f1xx_hal_tim.o
HAL_TIM_OC_MspInit                                build/stm32f1xx_hal_tim.o
HAL_TIM_OC_Start                                  build/stm32f1xx_hal_tim.o
HAL_TIM_OC_Start_DMA                              build/stm32f1xx_hal_tim.o
HAL_TIM_OC_Start_IT                               build/stm32f1xx_hal_tim.o
HAL_TIM_OC_Stop                                   build/stm32f1xx_hal_tim.o
HAL_TIM_OC_Stop_DMA                               build/stm32f1xx_hal_tim.o
HAL_TIM_OC_Stop_IT                                build/stm32f1xx_hal_tim.o
HAL_TIM_OnePulse_ConfigChannel                    build/stm32f1xx_hal_tim.o
HAL_TIM_OnePulse_DeInit                           build/stm32f1xx_hal_tim.o
HAL_TIM_OnePulse_GetState                         build/stm32f1xx_hal_tim.o
HAL_TIM_OnePulse_Init                             build/stm32f1xx_hal_tim.o
HAL_TIM_OnePulse_MspDeInit                        build/stm32f1xx_hal_tim.o
HAL_TIM_OnePulse_MspInit                          build/stm32f1xx_hal_tim.o
HAL_TIM_OnePulse_Start                            build/stm32f1xx_hal_tim.o
HAL_TIM_OnePulse_Start_IT                         build/stm32f1xx_hal_tim.o
HAL_TIM_OnePulse_Stop                             build/stm32f1xx_hal_tim.o
HAL_TIM_OnePulse_Stop_IT                          build/stm32f1xx_hal_tim.o
HAL_TIM_PWM_ConfigChannel                         build/stm32f1xx_hal_tim.o
HAL_TIM_PWM_DeInit                                build/stm32f1xx_hal_tim.o
HAL_TIM_PWM_GetState                              build/stm32f1xx_hal_tim.o
HAL_TIM_PWM_Init                                  build/stm32f1xx_hal_tim.o
HAL_TIM_PWM_MspDeInit                             build/stm32f1xx_hal_tim.o
HAL_TIM_PWM_MspInit                               build/stm32f1xx_hal_tim.o
HAL_TIM_PWM_PulseFinishedCallback                 build/stm32f1xx_hal_tim.o
                                                  build/stm32f1xx_hal_tim_ex.o
HAL_TIM_PWM_PulseFinishedHalfCpltCallback         build/stm32f1xx_hal_tim.o
HAL_TIM_PWM_Start                                 build/stm32f1xx_hal_tim.o
HAL_TIM_PWM_Start_DMA                             build/stm32f1xx_hal_tim.o
HAL_TIM_PWM_Start_IT                              build/stm32f1xx_hal_tim.o
HAL_TIM_PWM_Stop                                  build/stm32f1xx_hal_tim.o
HAL_TIM_PWM_Stop_DMA                              build/stm32f1xx_hal_tim.o
HAL_TIM_PWM_Stop_IT                               build/stm32f1xx_hal_tim.o
HAL_TIM_PeriodElapsedCallback                     build/main.o
HAL_TIM_PeriodElapsedHalfCpltCallback             build/stm32f1xx_hal_tim.o
HAL_TIM_ReadCapturedValue                         build/stm32f1xx_hal_tim.o
HAL_TIM_SlaveConfigSynchro                        build/stm32f1xx_hal_tim.o
HAL_TIM_SlaveConfigSynchro_IT                     build/stm32f1xx_hal_tim.o
HAL_TIM_TriggerCallback                           build/stm32f1xx_hal_tim.o
HAL_TIM_TriggerHalfCpltCallback                   build/stm32f1xx_hal_tim.o
HAL_UART_Abort                                    build/stm32f1xx_hal_uart.o
HAL_UART_AbortCpltCallback                        build/stm32f1xx_hal_uart.o
HAL_UART_AbortReceive                             build/stm32f1xx_hal_uart.o
HAL_UART_AbortReceiveCpltCallback                 build/stm32f1xx_hal_uart.o
HAL_UART_AbortReceive_IT                          build/stm32f1xx_hal_uart.o
HAL_UART_AbortTransmit                            build/stm32f1xx_hal_uart.o
HAL_UART_AbortTransmitCpltCallback                build/stm32f1xx_hal_uart.o
HAL_UART_AbortTransmit_IT                         build/stm32f1xx_hal_uart.o
HAL_UART_Abort_IT                                 build/stm32f1xx_hal_uart.o
HAL_UART_DMAPause                                 build/stm32f1xx_hal_uart.o
HAL_UART_DMAResume                                build/stm32f1xx_hal_uart.o
HAL_UART_DMAStop                                  build/stm32f1xx_hal_uart.o
HAL_UART_DeInit                                   build/stm32f1xx_hal_uart.o
HAL_UART_ErrorCallback                            build/stm32f1xx_hal_uart.o
HAL_UART_GetError                                 build/stm32f1xx_hal_uart.o
HAL_UART_GetState                                 build/stm32f1xx_hal_uart.o