Archive member included to satisfy reference by file (symbol)

c:/users/38164/onedrive/desktop/gnu mcu/arm-none-eabi-gcc-9.3.1-1.1/bin/../lib/gcc/arm-none-eabi/9.3.1/../../../../arm-none-eabi/lib/thumb/v7-m/nofp\libc_nano.a(lib_a-exit.o)
                              c:/users/38164/onedrive/desktop/gnu mcu/arm-none-eabi-gcc-9.3.1-1.1/bin/../lib/gcc/arm-none-eabi/9.3.1/../../../../arm-none-eabi/lib/thumb/v7-m/nofp/crt0.o (exit)
c:/users/38164/onedrive/desktop/gnu mcu/arm-none-eabi-gcc-9.3.1-1.1/bin/../lib/gcc/arm-none-eabi/9.3.1/../../../../arm-none-eabi/lib/thumb/v7-m/nofp\libc_nano.a(lib_a-impure.o)
                              c:/users/38164/onedrive/desktop/gnu mcu/arm-none-eabi-gcc-9.3.1-1.1/bin/../lib/gcc/arm-none-eabi/9.3.1/../../../../arm-none-eabi/lib/thumb/v7-m/nofp\libc_nano.a(lib_a-exit.o) (_global_impure_ptr)
c:/users/38164/onedrive/desktop/gnu mcu/arm-none-eabi-gcc-9.3.1-1.1/bin/../lib/gcc/arm-none-eabi/9.3.1/../../../../arm-none-eabi/lib/thumb/v7-m/nofp\libc_nano.a(lib_a-init.o)
                              c:/users/38164/onedrive/desktop/gnu mcu/arm-none-eabi-gcc-9.3.1-1.1/bin/../lib/gcc/arm-none-eabi/9.3.1/../../../../arm-none-eabi/lib/thumb/v7-m/nofp/crt0.o (__libc_init_array)
c:/users/38164/onedrive/desktop/gnu mcu/arm-none-eabi-gcc-9.3.1-1.1/bin/../lib/gcc/arm-none-eabi/9.3.1/../../../../arm-none-eabi/lib/thumb/v7-m/nofp\libc_nano.a(lib_a-memcpy-stub.o)
                              build/queue.o (memcpy)
c:/users/38164/onedrive/desktop/gnu mcu/arm-none-eabi-gcc-9.3.1-1.1/bin/../lib/gcc/arm-none-eabi/9.3.1/../../../../arm-none-eabi/lib/thumb/v7-m/nofp\libc_nano.a(lib_a-memset.o)
                              c:/users/38164/onedrive/desktop/gnu mcu/arm-none-eabi-gcc-9.3.1-1.1/bin/../lib/gcc/arm-none-eabi/9.3.1/../../../../arm-none-eabi/lib/thumb/v7-m/nofp/crt0.o (memset)
c:/users/38164/onedrive/desktop/gnu mcu/arm-none-eabi-gcc-9.3.1-1.1/bin/../lib/gcc/arm-none-eabi/9.3.1/../../../../arm-none-eabi/lib/thumb/v7-m/nofp\libnosys.a(_exit.o)
                              c:/users/38164/onedrive/desktop/gnu mcu/arm-none-eabi-gcc-9.3.1-1.1/bin/../lib/gcc/arm-none-eabi/9.3.1/../../../../arm-none-eabi/lib/thumb/v7-m/nofp\libc_nano.a(lib_a-exit.o) (_exit)

Allocating common symbols
Common symbol       size              file

defaultTaskHandle   0x4               build/freertos.o
task_handle_receive_from_MCU_one
                    0x4               build/mcu_two.o
queue_handle_send_to_MCU_one
                    0x4               build/mcu_two.o
mutex_handle_send_to_MCU_one
                    0x4               build/mcu_two.o
uwTick              0x4               build/stm32f1xx_hal.o
xQueueRegistry      0x40              build/queue.o
task_handle_send_to_MCU_one
                    0x4               build/mcu_two.o
pFlash              0x20              build/stm32f1xx_hal_flash.o
htim3               0x48              build/tim.o
timer_handle_keypad
                    0x4               build/keypad.o
huart1              0x40              build/usart.o
htim1               0x48              build/stm32f1xx_hal_timebase_tim.o
queue_handle_LCD    0x4               build/lcd.o
mutex_handle_receive_from_MCU_one
                    0x4               build/mcu_two.o
queue_handle_receive_from_MCU_one
                    0x4               build/mcu_two.o
task_handle_keypad  0x4               build/keypad.o

Discarded input sections

 .text          0x0000000000000000        0x0 c:/users/38164/onedrive/desktop/gnu mcu/arm-none-eabi-gcc-9.3.1-1.1/bin/../lib/gcc/arm-none-eabi/9.3.1/thumb/v7-m/nofp/crti.o
 .data          0x0000000000000000        0x0 c:/users/38164/onedrive/desktop/gnu mcu/arm-none-eabi-gcc-9.3.1-1.1/bin/../lib/gcc/arm-none-eabi/9.3.1/thumb/v7-m/nofp/crti.o
 .bss           0x0000000000000000        0x0 c:/users/38164/onedrive/desktop/gnu mcu/arm-none-eabi-gcc-9.3.1-1.1/bin/../lib/gcc/arm-none-eabi/9.3.1/thumb/v7-m/nofp/crti.o
 .text          0x0000000000000000        0x0 c:/users/38164/onedrive/desktop/gnu mcu/arm-none-eabi-gcc-9.3.1-1.1/bin/../lib/gcc/arm-none-eabi/9.3.1/thumb/v7-m/nofp/crtbegin.o
 .data          0x0000000000000000        0x0 c:/users/38164/onedrive/desktop/gnu mcu/arm-none-eabi-gcc-9.3.1-1.1/bin/../lib/gcc/arm-none-eabi/9.3.1/thumb/v7-m/nofp/crtbegin.o
 .bss           0x0000000000000000        0x0 c:/users/38164/onedrive/desktop/gnu mcu/arm-none-eabi-gcc-9.3.1-1.1/bin/../lib/gcc/arm-none-eabi/9.3.1/thumb/v7-m/nofp/crtbegin.o
 .data.__dso_handle
                0x0000000000000000        0x4 c:/users/38164/onedrive/desktop/gnu mcu/arm-none-eabi-gcc-9.3.1-1.1/bin/../lib/gcc/arm-none-eabi/9.3.1/thumb/v7-m/nofp/crtbegin.o
 .text          0x0000000000000000       0x7c c:/users/38164/onedrive/desktop/gnu mcu/arm-none-eabi-gcc-9.3.1-1.1/bin/../lib/gcc/arm-none-eabi/9.3.1/../../../../arm-none-eabi/lib/thumb/v7-m/nofp/crt0.o
[...]
Memory Configuration

Name             Origin             Length             Attributes
RAM              0x0000000020000000 0x0000000000002800 xrw
FLASH            0x0000000008000000 0x0000000000008000 xr
*default*        0x0000000000000000 0xffffffffffffffff

Linker script and memory map

LOAD c:/users/38164/onedrive/desktop/gnu mcu/arm-none-eabi-gcc-9.3.1-1.1/bin/../lib/gcc/arm-none-eabi/9.3.1/thumb/v7-m/nofp/crti.o
LOAD c:/users/38164/onedrive/desktop/gnu mcu/arm-none-eabi-gcc-9.3.1-1.1/bin/../lib/gcc/arm-none-eabi/9.3.1/thumb/v7-m/nofp/crtbegin.o
LOAD c:/users/38164/onedrive/desktop/gnu mcu/arm-none-eabi-gcc-9.3.1-1.1/bin/../lib/gcc/arm-none-eabi/9.3.1/../../../../arm-none-eabi/lib/thumb/v7-m/nofp/crt0.o
LOAD build/main.o
LOAD build/work.o
LOAD build/mcu_two.o
LOAD build/lcd.o
LOAD build/keypad.o
LOAD build/gpio.o
LOAD build/freertos.o
LOAD build/tim.o
LOAD build/usart.o
LOAD build/stm32f1xx_it.o
LOAD build/stm32f1xx_hal_msp.o
LOAD build/stm32f1xx_hal_timebase_tim.o
LOAD build/stm32f1xx_hal_gpio_ex.o
LOAD build/stm32f1xx_hal.o
LOAD build/stm32f1xx_hal_rcc.o
LOAD build/stm32f1xx_hal_rcc_ex.o
LOAD build/stm32f1xx_hal_gpio.o
LOAD build/stm32f1xx_hal_dma.o
LOAD build/stm32f1xx_hal_cortex.o
LOAD build/stm32f1xx_hal_pwr.o
LOAD build/stm32f1xx_hal_flash.o
LOAD build/stm32f1xx_hal_flash_ex.o
LOAD build/stm32f1xx_hal_exti.o
LOAD build/stm32f1xx_hal_tim.o
LOAD build/stm32f1xx_hal_tim_ex.o
LOAD build/stm32f1xx_hal_uart.o
LOAD build/system_stm32f1xx.o
LOAD build/croutine.o
LOAD build/event_groups.o
LOAD build/list.o
LOAD build/queue.o
LOAD build/stream_buffer.o
LOAD build/tasks.o
LOAD build/timers.o
LOAD build/cmsis_os2.o
LOAD build/heap_4.o
LOAD build/port.o
LOAD build/startup_stm32f103x6.o
LOAD c:/users/38164/onedrive/desktop/gnu mcu/arm-none-eabi-gcc-9.3.1-1.1/bin/../lib/gcc/arm-none-eabi/9.3.1/../../../../arm-none-eabi/lib/thumb/v7-m/nofp\libc_nano.a
LOAD c:/users/38164/onedrive/desktop/gnu mcu/arm-none-eabi-gcc-9.3.1-1.1/bin/../lib/gcc/arm-none-eabi/9.3.1/../../../../arm-none-eabi/lib/thumb/v7-m/nofp\libm.a
LOAD c:/users/38164/onedrive/desktop/gnu mcu/arm-none-eabi-gcc-9.3.1-1.1/bin/../lib/gcc/arm-none-eabi/9.3.1/../../../../arm-none-eabi/lib/thumb/v7-m/nofp\libnosys.a
START GROUP
LOAD c:/users/38164/onedrive/desktop/gnu mcu/arm-none-eabi-gcc-9.3.1-1.1/bin/../lib/gcc/arm-none-eabi/9.3.1/thumb/v7-m/nofp\libgcc.a
LOAD c:/users/38164/onedrive/desktop/gnu mcu/arm-none-eabi-gcc-9.3.1-1.1/bin/../lib/gcc/arm-none-eabi/9.3.1/../../../../arm-none-eabi/lib/thumb/v7-m/nofp\libc_nano.a
END GROUP
START GROUP
LOAD c:/users/38164/onedrive/desktop/gnu mcu/arm-none-eabi-gcc-9.3.1-1.1/bin/../lib/gcc/arm-none-eabi/9.3.1/thumb/v7-m/nofp\libgcc.a
LOAD c:/users/38164/onedrive/desktop/gnu mcu/arm-none-eabi-gcc-9.3.1-1.1/bin/../lib/gcc/arm-none-eabi/9.3.1/../../../../arm-none-eabi/lib/thumb/v7-m/nofp\libc_nano.a
END GROUP
LOAD c:/users/38164/onedrive/desktop/gnu mcu/arm-none-eabi-gcc-9.3.1-1.1/bin/../lib/gcc/arm-none-eabi/9.3.1/thumb/v7-m/nofp/crtend.o
LOAD c:/users/38164/onedrive/desktop/gnu mcu/arm-none-eabi-gcc-9.3.1-1.1/bin/../lib/gcc/arm-none-eabi/9.3.1/thumb/v7-m/nofp/crtn.o
                0x0000000020002800                _estack = 0x20002800
                0x0000000000000200                _Min_Heap_Size = 0x200
                0x0000000000000400                _Min_Stack_Size = 0x400

.isr_vector     0x0000000008000000      0x10c
                0x0000000008000000                . = ALIGN (0x4)
 *(.isr_vector)
 .isr_vector    0x0000000008000000      0x10c build/startup_stm32f103x6.o
                0x0000000008000000                g_pfnVectors
                0x000000000800010c                . = ALIGN (0x4)

.text           0x0000000008000110     0x4800
                0x0000000008000110                . = ALIGN (0x4)
 *(.text)
 *(.text*)
 .text.__do_global_dtors_aux
                0x0000000008000110       0x24 c:/users/38164/onedrive/desktop/gnu mcu/arm-none-eabi-gcc-9.3.1-1.1/bin/../lib/gcc/arm-none-eabi/9.3.1/thumb/v7-m/nofp/crtbegin.o
 .text.frame_dummy
                0x0000000008000134       0x1c c:/users/38164/onedrive/desktop/gnu mcu/arm-none-eabi-gcc-9.3.1-1.1/bin/../lib/gcc/arm-none-eabi/9.3.1/thumb/v7-m/nofp/crtbegin.o
 .text.HAL_TIM_PeriodElapsedCallback
                0x0000000008000150       0x1c build/main.o
                0x0000000008000150                HAL_TIM_PeriodElapsedCallback
 .text.Error_Handler
                0x000000000800016c        0x4 build/main.o
                0x000000000800016c                Error_Handler
 .text.SystemClock_Config
                0x0000000008000170       0x64 build/main.o
                0x0000000008000170                SystemClock_Config
 .text.main     0x00000000080001d4       0x4c build/main.o
                0x00000000080001d4                main
 .text.work_task_function
                0x0000000008000220       0xc0 build/work.o
                0x0000000008000220                work_task_function
 .text.init_Work
                0x00000000080002e0       0x40 build/work.o
                0x00000000080002e0                init_Work
 .text.task_send_to_MCU_one
                0x0000000008000320       0x40 build/mcu_two.o
                0x0000000008000320                task_send_to_MCU_one
 .text.init_MCU_two
                0x0000000008000360       0x90 build/mcu_two.o
                0x0000000008000360                init_MCU_two
 .text.add_to_queue_which_changes_the_speed_of_motors
                0x00000000080003f0       0x28 build/mcu_two.o
                0x00000000080003f0                add_to_queue_which_changes_the_speed_of_motors
 .text.task_receive_from_MCU_one
                0x0000000008000418       0x34 build/mcu_two.o
                0x0000000008000418                task_receive_from_MCU_one
 .text.add_to_queue_to_send_to_MCU_one
                0x000000000800044c       0x28 build/mcu_two.o
                0x000000000800044c                add_to_queue_to_send_to_MCU_one
 .text.HAL_UART_RxCpltCallback
                0x0000000008000474       0x48 build/mcu_two.o
                0x0000000008000474                HAL_UART_RxCpltCallback
 .text.receive_motor_command_from_MCU_one
                0x00000000080004bc       0x64 build/mcu_two.o
                0x00000000080004bc                receive_motor_command_from_MCU_one
 .text.HAL_UART_TxCpltCallback
                0x0000000008000520       0x48 build/mcu_two.o
                0x0000000008000520                HAL_UART_TxCpltCallback
 .text.init_LCD
                0x0000000008000568       0x40 build/lcd.o
                0x0000000008000568                init_LCD
 .text.LCD_Write
                0x00000000080005a8       0x28 build/lcd.o
                0x00000000080005a8                LCD_Write
 .text.LCD_CommandInitiate
                0x00000000080005d0       0x24 build/lcd.o
                0x00000000080005d0                LCD_CommandInitiate
 .text.task_function_for_LCD
                0x00000000080005f4       0x60 build/lcd.o
                0x00000000080005f4                task_function_for_LCD
 .text.LCD_add_to_queue
                0x0000000008000654       0x28 build/lcd.o
                0x0000000008000654                LCD_add_to_queue
 .text.timer_function_keypad
                0x000000000800067c       0x50 build/keypad.o
                0x000000000800067c                timer_function_keypad
 .text.task_function_keypad
                0x00000000080006cc      0x144 build/keypad.o
                0x00000000080006cc                task_function_keypad
 .text.init_KeyPad
                0x0000000008000810       0x5c build/keypad.o
                0x0000000008000810                init_KeyPad
 .text.HAL_GPIO_EXTI_Callback
                0x000000000800086c       0x40 build/keypad.o
                0x000000000800086c                HAL_GPIO_EXTI_Callback
 .text.MX_GPIO_Init
                0x00000000080008ac       0xe0 build/gpio.o
                0x00000000080008ac                MX_GPIO_Init
 .text.StartDefaultTask
                0x000000000800098c       0x10 build/freertos.o
                0x000000000800098c                StartDefaultTask
 .text.MX_FREERTOS_Init
                0x000000000800099c       0x24 build/freertos.o
                0x000000000800099c                MX_FREERTOS_Init
 .text.HAL_TIM_Base_MspInit
                0x00000000080009c0       0x2c build/tim.o
                0x00000000080009c0                HAL_TIM_Base_MspInit
 .text.HAL_TIM_MspPostInit
                0x00000000080009ec       0x54 build/tim.o
                0x00000000080009ec                HAL_TIM_MspPostInit
 .text.MX_TIM3_Init
                0x0000000008000a40       0xe4 build/tim.o
                0x0000000008000a40                MX_TIM3_Init
 .text.MX_USART1_UART_Init
                0x0000000008000b24       0x44 build/usart.o
                0x0000000008000b24                MX_USART1_UART_Init
 .text.HAL_UART_MspInit
                0x0000000008000b68       0x94 build/usart.o
                0x0000000008000b68                HAL_UART_MspInit
 .text.NMI_Handler
                0x0000000008000bfc        0x2 build/stm32f1xx_it.o
                0x0000000008000bfc                NMI_Handler
 .text.HardFault_Handler
                0x0000000008000bfe        0x2 build/stm32f1xx_it.o
                0x0000000008000bfe                HardFault_Handler
 .text.MemManage_Handler
                0x0000000008000c00        0x2 build/stm32f1xx_it.o
                0x0000000008000c00                MemManage_Handler
 .text.BusFault_Handler
                0x0000000008000c02        0x2 build/stm32f1xx_it.o
                0x0000000008000c02                BusFault_Handler
 .text.UsageFault_Handler
                0x0000000008000c04        0x2 build/stm32f1xx_it.o
                0x0000000008000c04                UsageFault_Handler
 .text.DebugMon_Handler
                0x0000000008000c06        0x2 build/stm32f1xx_it.o
                0x0000000008000c06                DebugMon_Handler
 .text.EXTI9_5_IRQHandler
                0x0000000008000c08       0x10 build/stm32f1xx_it.o
                0x0000000008000c08                EXTI9_5_IRQHandler
 .text.TIM1_UP_IRQHandler
                0x0000000008000c18       0x14 build/stm32f1xx_it.o
                0x0000000008000c18                TIM1_UP_IRQHandler
 .text.USART1_IRQHandler
                0x0000000008000c2c       0x14 build/stm32f1xx_it.o
                0x0000000008000c2c                USART1_IRQHandler
 .text.HAL_MspInit
                0x0000000008000c40       0x58 build/stm32f1xx_hal_msp.o
                0x0000000008000c40                HAL_MspInit
 .text.HAL_InitTick
                0x0000000008000c98       0x90 build/stm32f1xx_hal_timebase_tim.o
                0x0000000008000c98                HAL_InitTick
 .text.HAL_Init
                0x0000000008000d28       0x30 build/stm32f1xx_hal.o
                0x0000000008000d28                HAL_Init
 .text.HAL_IncTick
                0x0000000008000d58       0x18 build/stm32f1xx_hal.o
                0x0000000008000d58                HAL_IncTick
 .text.HAL_GetTick
                0x0000000008000d70        0xc build/stm32f1xx_hal.o
                0x0000000008000d70                HAL_GetTick
 .text.RCC_Delay
                0x0000000008000d7c       0x2c build/stm32f1xx_hal_rcc.o
 .text.HAL_RCC_OscConfig
                0x0000000008000da8      0x41c build/stm32f1xx_hal_rcc.o
                0x0000000008000da8                HAL_RCC_OscConfig
 .text.HAL_RCC_GetSysClockFreq
                0x00000000080011c4       0x6c build/stm32f1xx_hal_rcc.o
                0x00000000080011c4                HAL_RCC_GetSysClockFreq
 .text.HAL_RCC_ClockConfig
                0x0000000008001230      0x178 build/stm32f1xx_hal_rcc.o
                0x0000000008001230                HAL_RCC_ClockConfig
 .text.HAL_RCC_GetHCLKFreq
                0x00000000080013a8        0xc build/stm32f1xx_hal_rcc.o
                0x00000000080013a8                HAL_RCC_GetHCLKFreq
 .text.HAL_RCC_GetPCLK1Freq
                0x00000000080013b4       0x24 build/stm32f1xx_hal_rcc.o
                0x00000000080013b4                HAL_RCC_GetPCLK1Freq
 .text.HAL_RCC_GetPCLK2Freq
                0x00000000080013d8       0x24 build/stm32f1xx_hal_rcc.o
                0x00000000080013d8                HAL_RCC_GetPCLK2Freq
 .text.HAL_RCC_GetClockConfig
                0x00000000080013fc       0x3c build/stm32f1xx_hal_rcc.o
                0x00000000080013fc                HAL_RCC_GetClockConfig
 .text.HAL_GPIO_Init
                0x0000000008001438      0x218 build/stm32f1xx_hal_gpio.o
                0x0000000008001438                HAL_GPIO_Init
 .text.HAL_GPIO_WritePin
                0x0000000008001650        0xc build/stm32f1xx_hal_gpio.o
                0x0000000008001650                HAL_GPIO_WritePin
 .text.HAL_GPIO_EXTI_IRQHandler
                0x000000000800165c       0x20 build/stm32f1xx_hal_gpio.o
                0x000000000800165c                HAL_GPIO_EXTI_IRQHandler
 .text.HAL_DMA_Abort_IT
                0x000000000800167c       0x98 build/stm32f1xx_hal_dma.o
                0x000000000800167c                HAL_DMA_Abort_IT
 .text.HAL_NVIC_SetPriorityGrouping
                0x0000000008001714       0x24 build/stm32f1xx_hal_cortex.o
                0x0000000008001714                HAL_NVIC_SetPriorityGrouping
 .text.HAL_NVIC_SetPriority
                0x0000000008001738       0x68 build/stm32f1xx_hal_cortex.o
                0x0000000008001738                HAL_NVIC_SetPriority
 .text.HAL_NVIC_EnableIRQ
                0x00000000080017a0       0x1c build/stm32f1xx_hal_cortex.o
                0x00000000080017a0                HAL_NVIC_EnableIRQ
 .text.TIM_OC1_SetConfig
                0x00000000080017bc       0x5c build/stm32f1xx_hal_tim.o
 .text.TIM_OC3_SetConfig
                0x0000000008001818       0x64 build/stm32f1xx_hal_tim.o
 .text.TIM_OC4_SetConfig
                0x000000000800187c       0x48 build/stm32f1xx_hal_tim.o
 .text.TIM_TI1_ConfigInputStage
                0x00000000080018c4       0x24 build/stm32f1xx_hal_tim.o
 .text.TIM_TI2_ConfigInputStage
                0x00000000080018e8       0x26 build/stm32f1xx_hal_tim.o
 .text.TIM_ITRx_SetConfig
                0x000000000800190e       0x10 build/stm32f1xx_hal_tim.o
 *fill*         0x000000000800191e        0x2 
 .text.HAL_TIM_Base_Start_IT
                0x0000000008001920       0x60 build/stm32f1xx_hal_tim.o
                0x0000000008001920                HAL_TIM_Base_Start_IT
 .text.HAL_TIM_PWM_MspInit
                0x0000000008001980        0x2 build/stm32f1xx_hal_tim.o
                0x0000000008001980                HAL_TIM_PWM_MspInit
 .text.HAL_TIM_OC_DelayElapsedCallback
                0x0000000008001982        0x2 build/stm32f1xx_hal_tim.o
                0x0000000008001982                HAL_TIM_OC_DelayElapsedCallback
 .text.HAL_TIM_IC_CaptureCallback
                0x0000000008001984        0x2 build/stm32f1xx_hal_tim.o
                0x0000000008001984                HAL_TIM_IC_CaptureCallback
 .text.HAL_TIM_PWM_PulseFinishedCallback
                0x0000000008001986        0x2 build/stm32f1xx_hal_tim.o
                0x0000000008001986                HAL_TIM_PWM_PulseFinishedCallback
 .text.HAL_TIM_TriggerCallback
                0x0000000008001988        0x2 build/stm32f1xx_hal_tim.o
                0x0000000008001988                HAL_TIM_TriggerCallback
 *fill*         0x000000000800198a        0x2 
 .text.HAL_TIM_IRQHandler
                0x000000000800198c      0x198 build/stm32f1xx_hal_tim.o
                0x000000000800198c                HAL_TIM_IRQHandler
 .text.TIM_Base_SetConfig
                0x0000000008001b24       0x64 build/stm32f1xx_hal_tim.o
                0x0000000008001b24                TIM_Base_SetConfig
 .text.HAL_TIM_Base_Init
                0x0000000008001b88       0x60 build/stm32f1xx_hal_tim.o
                0x0000000008001b88                HAL_TIM_Base_Init
 .text.HAL_TIM_PWM_Init
                0x0000000008001be8       0x60 build/stm32f1xx_hal_tim.o
                0x0000000008001be8                HAL_TIM_PWM_Init
 .text.TIM_OC2_SetConfig
                0x0000000008001c48       0x64 build/stm32f1xx_hal_tim.o
                0x0000000008001c48                TIM_OC2_SetConfig
 .text.HAL_TIM_PWM_ConfigChannel
                0x0000000008001cac       0xe0 build/stm32f1xx_hal_tim.o
                0x0000000008001cac                HAL_TIM_PWM_ConfigChannel
 .text.TIM_ETR_SetConfig
                0x0000000008001d8c       0x16 build/stm32f1xx_hal_tim.o
                0x0000000008001d8c                TIM_ETR_SetConfig
 *fill*         0x0000000008001da2        0x2 
 .text.HAL_TIM_ConfigClockSource
                0x0000000008001da4       0xec build/stm32f1xx_hal_tim.o
                0x0000000008001da4                HAL_TIM_ConfigClockSource
 .text.TIM_CCxChannelCmd
                0x0000000008001e90       0x22 build/stm32f1xx_hal_tim.o
                0x0000000008001e90                TIM_CCxChannelCmd
 *fill*         0x0000000008001eb2        0x2 
 .text.HAL_TIM_PWM_Start
                0x0000000008001eb4       0xd8 build/stm32f1xx_hal_tim.o
                0x0000000008001eb4                HAL_TIM_PWM_Start
 .text.HAL_TIMEx_MasterConfigSynchronization
                0x0000000008001f8c       0x60 build/stm32f1xx_hal_tim_ex.o
                0x0000000008001f8c                HAL_TIMEx_MasterConfigSynchronization
 .text.HAL_TIMEx_CommutCallback
                0x0000000008001fec        0x2 build/stm32f1xx_hal_tim_ex.o
                0x0000000008001fec                HAL_TIMEx_CommutCallback
 .text.HAL_TIMEx_BreakCallback
                0x0000000008001fee        0x2 build/stm32f1xx_hal_tim_ex.o
                0x0000000008001fee                HAL_TIMEx_BreakCallback
 .text.UART_EndRxTransfer
                0x0000000008001ff0       0x1c build/stm32f1xx_hal_uart.o
 .text.UART_Transmit_IT
                0x000000000800200c       0x60 build/stm32f1xx_hal_uart.o
 .text.UART_SetConfig
                0x000000000800206c       0x98 build/stm32f1xx_hal_uart.o
 .text.HAL_UART_Init
                0x0000000008002104       0x68 build/stm32f1xx_hal_uart.o
                0x0000000008002104                HAL_UART_Init
 .text.HAL_UART_Transmit_IT
                0x000000000800216c       0x48 build/stm32f1xx_hal_uart.o
                0x000000000800216c                HAL_UART_Transmit_IT
 .text.HAL_UART_Receive_IT
                0x00000000080021b4       0x5c build/stm32f1xx_hal_uart.o
                0x00000000080021b4                HAL_UART_Receive_IT
 .text.UART_EndTransmit_IT
                0x0000000008002210       0x20 build/stm32f1xx_hal_uart.o
 .text.UART_Receive_IT
                0x0000000008002230       0x98 build/stm32f1xx_hal_uart.o
 .text.HAL_UART_ErrorCallback
                0x00000000080022c8        0x2 build/stm32f1xx_hal_uart.o
                0x00000000080022c8                HAL_UART_ErrorCallback
 *fill*         0x00000000080022ca        0x2 
 .text.HAL_UART_IRQHandler
                0x00000000080022cc      0x140 build/stm32f1xx_hal_uart.o
                0x00000000080022cc                HAL_UART_IRQHandler
 .text.UART_DMAAbortOnError
                0x000000000800240c       0x14 build/stm32f1xx_hal_uart.o
 .text.SystemInit
                0x0000000008002420        0x2 build/system_stm32f1xx.o
                0x0000000008002420                SystemInit
 .text.vListInitialise
                0x0000000008002422       0x16 build/list.o
                0x0000000008002422                vListInitialise
 .text.vListInitialiseItem
                0x0000000008002438        0x6 build/list.o
                0x0000000008002438                vListInitialiseItem
 .text.vListInsertEnd
                0x000000000800243e       0x16 build/list.o
                0x000000000800243e                vListInsertEnd
 .text.vListInsert
                0x0000000008002454       0x32 build/list.o
                0x0000000008002454                vListInsert
 .text.uxListRemove
                0x0000000008002486       0x26 build/list.o
                0x0000000008002486                uxListRemove
 .text.prvGetDisinheritPriorityAfterTimeout
                0x00000000080024ac       0x10 build/queue.o
 .text.prvIsQueueFull
                0x00000000080024bc       0x28 build/queue.o
 .text.prvIsQueueEmpty
                0x00000000080024e4       0x24 build/queue.o
 .text.prvCopyDataToQueue
                0x0000000008002508       0x80 build/queue.o
 .text.prvCopyDataFromQueue
                0x0000000008002588       0x28 build/queue.o
 .text.prvUnlockQueue
                0x00000000080025b0       0x80 build/queue.o
 .text.xQueueGenericReset
                0x0000000008002630       0x94 build/queue.o
                0x0000000008002630                xQueueGenericReset
 .text.prvInitialiseNewQueue
                0x00000000080026c4       0x28 build/queue.o
 .text.xQueueGenericCreateStatic
                0x00000000080026ec       0x98 build/queue.o
                0x00000000080026ec                xQueueGenericCreateStatic
 .text.xQueueGenericCreate
                0x0000000008002784       0x58 build/queue.o
                0x0000000008002784                xQueueGenericCreate
 .text.xQueueGenericSend
                0x00000000080027dc      0x1b0 build/queue.o
                0x00000000080027dc                xQueueGenericSend
 .text.prvInitialiseMutex
                0x000000000800298c       0x1c build/queue.o
 .text.xQueueCreateMutex
                0x00000000080029a8       0x20 build/queue.o
                0x00000000080029a8                xQueueCreateMutex
 .text.xQueueGenericSendFromISR
                0x00000000080029c8       0xdc build/queue.o
                0x00000000080029c8                xQueueGenericSendFromISR
 .text.xQueueReceive
                0x0000000008002aa4      0x18c build/queue.o
                0x0000000008002aa4                xQueueReceive
 .text.xQueueSemaphoreTake
                0x0000000008002c30      0x1e0 build/queue.o
                0x0000000008002c30                xQueueSemaphoreTake
 .text.vQueueAddToRegistry
                0x0000000008002e10       0x28 build/queue.o
                0x0000000008002e10                vQueueAddToRegistry
 .text.vQueueWaitForMessageRestricted
                0x0000000008002e38       0x64 build/queue.o
                0x0000000008002e38                vQueueWaitForMessageRestricted
 .text.prvResetNextTaskUnblockTime
                0x0000000008002e9c       0x2c build/tasks.o
 .text.prvInitialiseNewTask
                0x0000000008002ec8       0x9c build/tasks.o
 .text.prvInitialiseTaskLists
                0x0000000008002f64       0x64 build/tasks.o
 .text.prvAddNewTaskToReadyList
                0x0000000008002fc8       0xbc build/tasks.o
 .text.prvDeleteTCB
                0x0000000008003084       0x3c build/tasks.o
 .text.prvCheckTasksWaitingTermination
                0x00000000080030c0       0x5c build/tasks.o
 .text.prvIdleTask
                0x000000000800311c       0x2c build/tasks.o
 .text.prvAddCurrentTaskToDelayedList
                0x0000000008003148       0x88 build/tasks.o
 .text.xTaskCreateStatic
                0x00000000080031d0       0x7c build/tasks.o
                0x00000000080031d0                xTaskCreateStatic
 .text.xTaskCreate
                0x000000000800324c       0x78 build/tasks.o
                0x000000000800324c                xTaskCreate
 .text.vTaskStartScheduler
                0x00000000080032c4       0xa4 build/tasks.o
                0x00000000080032c4                vTaskStartScheduler
 .text.vTaskSuspendAll
                0x0000000008003368       0x10 build/tasks.o
                0x0000000008003368                vTaskSuspendAll
 .text.xTaskGetTickCount
                0x0000000008003378        0xc build/tasks.o
                0x0000000008003378                xTaskGetTickCount
 .text.xTaskIncrementTick
                0x0000000008003384      0x124 build/tasks.o
                0x0000000008003384                xTaskIncrementTick
 .text.xTaskResumeAll
                0x00000000080034a8      0x10c build/tasks.o
                0x00000000080034a8                xTaskResumeAll
 .text.vTaskDelay
                0x00000000080035b4       0x58 build/tasks.o
                0x00000000080035b4                vTaskDelay
 .text.vTaskSwitchContext
                0x000000000800360c       0x94 build/tasks.o
                0x000000000800360c                vTaskSwitchContext
 .text.vTaskPlaceOnEventList
                0x00000000080036a0       0x38 build/tasks.o
                0x00000000080036a0                vTaskPlaceOnEventList
 .text.vTaskPlaceOnEventListRestricted
                0x00000000080036d8       0x40 build/tasks.o
                0x00000000080036d8                vTaskPlaceOnEventListRestricted
 .text.xTaskRemoveFromEventList
                0x0000000008003718       0x94 build/tasks.o
                0x0000000008003718                xTaskRemoveFromEventList
 .text.vTaskInternalSetTimeOutState
                0x00000000080037ac       0x18 build/tasks.o
                0x00000000080037ac                vTaskInternalSetTimeOutState
 .text.xTaskCheckForTimeOut
                0x00000000080037c4       0x90 build/tasks.o
                0x00000000080037c4                xTaskCheckForTimeOut
 .text.vTaskMissedYield
                0x0000000008003854        0xc build/tasks.o
                0x0000000008003854                vTaskMissedYield
 .text.xTaskGetSchedulerState
                0x0000000008003860       0x20 build/tasks.o
                0x0000000008003860                xTaskGetSchedulerState
 .text.xTaskPriorityInherit
                0x0000000008003880       0xa0 build/tasks.o
                0x0000000008003880                xTaskPriorityInherit
 .text.xTaskPriorityDisinherit
                0x0000000008003920       0x98 build/tasks.o
                0x0000000008003920                xTaskPriorityDisinherit
 .text.vTaskPriorityDisinheritAfterTimeout
                0x00000000080039b8       0xac build/tasks.o
                0x00000000080039b8                vTaskPriorityDisinheritAfterTimeout
 .text.pvTaskIncrementMutexHeldCount
                0x0000000008003a64       0x1c build/tasks.o
                0x0000000008003a64                pvTaskIncrementMutexHeldCount
 .text.ulTaskNotifyTake
                0x0000000008003a80       0x84 build/tasks.o
                0x0000000008003a80                ulTaskNotifyTake
 .text.vTaskNotifyGiveFromISR
                0x0000000008003b04       0xdc build/tasks.o
                0x0000000008003b04                vTaskNotifyGiveFromISR
 .text.prvGetNextExpireTime
                0x0000000008003be0       0x20 build/timers.o
 .text.prvInsertTimerInActiveList
                0x0000000008003c00       0x4c build/timers.o
 .text.prvCheckForValidListAndQueue
                0x0000000008003c4c       0x80 build/timers.o
 .text.prvInitialiseNewTimer
                0x0000000008003ccc       0x48 build/timers.o
 .text.xTimerCreateTimerTask
                0x0000000008003d14       0x70 build/timers.o
                0x0000000008003d14                xTimerCreateTimerTask
 .text.xTimerCreate
                0x0000000008003d84       0x40 build/timers.o
                0x0000000008003d84                xTimerCreate
 .text.xTimerGenericCommand
                0x0000000008003dc4       0x78 build/timers.o
                0x0000000008003dc4                xTimerGenericCommand
 .text.prvSwitchTimerLists
                0x0000000008003e3c       0x88 build/timers.o
 .text.prvSampleTimeNow
                0x0000000008003ec4       0x34 build/timers.o
 .text.prvProcessExpiredTimer
                0x0000000008003ef8       0x6c build/timers.o
 .text.prvProcessTimerOrBlockTask
                0x0000000008003f64       0x88 build/timers.o
 .text.prvProcessReceivedCommands
                0x0000000008003fec      0x110 build/timers.o
 .text.prvTimerTask
                0x00000000080040fc       0x24 build/timers.o
 .text.osKernelInitialize
                0x0000000008004120       0x44 build/cmsis_os2.o
                0x0000000008004120                osKernelInitialize
 .text.osKernelStart
                0x0000000008004164       0x50 build/cmsis_os2.o
                0x0000000008004164                osKernelStart
 .text.osThreadNew
                0x00000000080041b4       0xf4 build/cmsis_os2.o
                0x00000000080041b4                osThreadNew
 .text.osDelay  0x00000000080042a8       0x48 build/cmsis_os2.o
                0x00000000080042a8                osDelay
 .text.vApplicationGetIdleTaskMemory
                0x00000000080042f0       0x18 build/cmsis_os2.o
                0x00000000080042f0                vApplicationGetIdleTaskMemory
 .text.vApplicationGetTimerTaskMemory
                0x0000000008004308       0x18 build/cmsis_os2.o
                0x0000000008004308                vApplicationGetTimerTaskMemory
 .text.prvHeapInit
                0x0000000008004320       0x64 build/heap_4.o
 .text.prvInsertBlockIntoFreeList
                0x0000000008004384       0x54 build/heap_4.o
 .text.pvPortMalloc
                0x00000000080043d8      0x100 build/heap_4.o
                0x00000000080043d8                pvPortMalloc
 .text.vPortFree
                0x00000000080044d8       0x7c build/heap_4.o
                0x00000000080044d8                vPortFree
 .text.prvTaskExitError
                0x0000000008004554       0x40 build/port.o
 .text.prvPortStartFirstTask
                0x0000000008004594       0x20 build/port.o
 .text.pxPortInitialiseStack
                0x00000000080045b4       0x24 build/port.o
                0x00000000080045b4                pxPortInitialiseStack
 *fill*         0x00000000080045d8        0x8 
 .text.SVC_Handler
                0x00000000080045e0       0x24 build/port.o
                0x00000000080045e0                SVC_Handler
 .text.vPortEnterCritical
                0x0000000008004604       0x44 build/port.o
                0x0000000008004604                vPortEnterCritical
 .text.vPortExitCritical
                0x0000000008004648       0x2c build/port.o
                0x0000000008004648                vPortExitCritical
 *fill*         0x0000000008004674        0xc 
 .text.PendSV_Handler
                0x0000000008004680       0x44 build/port.o
                0x0000000008004680                PendSV_Handler
 .text.SysTick_Handler
                0x00000000080046c4       0x30 build/port.o
                0x00000000080046c4                SysTick_Handler
 .text.vPortSetupTimerInterrupt
                0x00000000080046f4       0x38 build/port.o
                0x00000000080046f4                vPortSetupTimerInterrupt
 .text.xPortStartScheduler
                0x000000000800472c       0xb0 build/port.o
                0x000000000800472c                xPortStartScheduler
 .text.vPortValidateInterruptPriority
                0x00000000080047dc       0x5c build/port.o
                0x00000000080047dc                vPortValidateInterruptPriority
 .text.Reset_Handler
                0x0000000008004838       0x48 build/startup_stm32f103x6.o
                0x0000000008004838                Reset_Handler
 .text.Default_Handler
                0x0000000008004880        0x2 build/startup_stm32f103x6.o
                0x0000000008004880                RTC_Alarm_IRQHandler
                0x0000000008004880                EXTI2_IRQHandler
                0x0000000008004880                TIM1_CC_IRQHandler
                0x0000000008004880                PVD_IRQHandler
                0x0000000008004880                EXTI3_IRQHandler
                0x0000000008004880                EXTI0_IRQHandler
                0x0000000008004880                ADC1_2_IRQHandler
                0x0000000008004880                SPI1_IRQHandler
                0x0000000008004880                TAMPER_IRQHandler
                0x0000000008004880                DMA1_Channel4_IRQHandler
                0x0000000008004880                RTC_IRQHandler
                0x0000000008004880                DMA1_Channel7_IRQHandler
                0x0000000008004880                CAN1_RX1_IRQHandler
                0x0000000008004880                I2C1_EV_IRQHandler
                0x0000000008004880                DMA1_Channel6_IRQHandler
                0x0000000008004880                TIM3_IRQHandler
                0x0000000008004880                RCC_IRQHandler
                0x0000000008004880                TIM1_TRG_COM_IRQHandler
                0x0000000008004880                DMA1_Channel1_IRQHandler
                0x0000000008004880                Default_Handler
                0x0000000008004880                EXTI15_10_IRQHandler
                0x0000000008004880                DMA1_Channel5_IRQHandler
                0x0000000008004880                EXTI4_IRQHandler
                0x0000000008004880                USB_LP_CAN1_RX0_IRQHandler
                0x0000000008004880                USB_HP_CAN1_TX_IRQHandler
                0x0000000008004880                DMA1_Channel3_IRQHandler
                0x0000000008004880                WWDG_IRQHandler
                0x0000000008004880                TIM2_IRQHandler
                0x0000000008004880                TIM1_BRK_IRQHandler
                0x0000000008004880                EXTI1_IRQHandler
                0x0000000008004880                USART2_IRQHandler
                0x0000000008004880                DMA1_Channel2_IRQHandler
                0x0000000008004880                CAN1_SCE_IRQHandler
                0x0000000008004880                FLASH_IRQHandler
                0x0000000008004880                I2C1_ER_IRQHandler
                0x0000000008004880                USBWakeUp_IRQHandler
 *fill*         0x0000000008004882        0x2 
 .text.__libc_init_array
                0x0000000008004884       0x48 c:/users/38164/onedrive/desktop/gnu mcu/arm-none-eabi-gcc-9.3.1-1.1/bin/../lib/gcc/arm-none-eabi/9.3.1/../../../../arm-none-eabi/lib/thumb/v7-m/nofp\libc_nano.a(lib_a-init.o)
                0x0000000008004884                __libc_init_array
 .text.memcpy   0x00000000080048cc       0x1c c:/users/38164/onedrive/desktop/gnu mcu/arm-none-eabi-gcc-9.3.1-1.1/bin/../lib/gcc/arm-none-eabi/9.3.1/../../../../arm-none-eabi/lib/thumb/v7-m/nofp\libc_nano.a(lib_a-memcpy-stub.o)
                0x00000000080048cc                memcpy
 .text.memset   0x00000000080048e8       0x10 c:/users/38164/onedrive/desktop/gnu mcu/arm-none-eabi-gcc-9.3.1-1.1/bin/../lib/gcc/arm-none-eabi/9.3.1/../../../../arm-none-eabi/lib/thumb/v7-m/nofp\libc_nano.a(lib_a-memset.o)
                0x00000000080048e8                memset
 *(.glue_7)
 .glue_7        0x00000000080048f8        0x0 linker stubs
 *(.glue_7t)
 .glue_7t       0x00000000080048f8        0x0 linker stubs
 *(.eh_frame)
 .eh_frame      0x00000000080048f8        0x0 c:/users/38164/onedrive/desktop/gnu mcu/arm-none-eabi-gcc-9.3.1-1.1/bin/../lib/gcc/arm-none-eabi/9.3.1/thumb/v7-m/nofp/crtbegin.o
 *(.init)
 .init          0x00000000080048f8        0x4 c:/users/38164/onedrive/desktop/gnu mcu/arm-none-eabi-gcc-9.3.1-1.1/bin/../lib/gcc/arm-none-eabi/9.3.1/thumb/v7-m/nofp/crti.o
                0x00000000080048f8                _init
 .init          0x00000000080048fc        0x8 c:/users/38164/onedrive/desktop/gnu mcu/arm-none-eabi-gcc-9.3.1-1.1/bin/../lib/gcc/arm-none-eabi/9.3.1/thumb/v7-m/nofp/crtn.o
 *(.fini)
 .fini          0x0000000008004904        0x4 c:/users/38164/onedrive/desktop/gnu mcu/arm-none-eabi-gcc-9.3.1-1.1/bin/../lib/gcc/arm-none-eabi/9.3.1/thumb/v7-m/nofp/crti.o
                0x0000000008004904                _fini
 .fini          0x0000000008004908        0x8 c:/users/38164/onedrive/desktop/gnu mcu/arm-none-eabi-gcc-9.3.1-1.1/bin/../lib/gcc/arm-none-eabi/9.3.1/thumb/v7-m/nofp/crtn.o
                0x0000000008004910                . = ALIGN (0x4)
                0x0000000008004910                _etext = .

.vfp11_veneer   0x0000000008004910        0x0
 .vfp11_veneer  0x0000000008004910        0x0 linker stubs

.v4_bx          0x0000000008004910        0x0
 .v4_bx         0x0000000008004910        0x0 linker stubs

.iplt           0x0000000008004910        0x0
 .iplt          0x0000000008004910        0x0 c:/users/38164/onedrive/desktop/gnu mcu/arm-none-eabi-gcc-9.3.1-1.1/bin/../lib/gcc/arm-none-eabi/9.3.1/thumb/v7-m/nofp/crtbegin.o

.rodata         0x0000000008004910       0xdc
                0x0000000008004910                . = ALIGN (0x4)
 *(.rodata)
 *(.rodata*)
 .rodata.init_Work.str1.4
                0x0000000008004910        0xf build/work.o
 *fill*         0x000000000800491f        0x1 
 .rodata.init_MCU_two.str1.4
                0x0000000008004920       0x21 build/mcu_two.o
 *fill*         0x0000000008004941        0x3 
 .rodata.init_LCD.str1.4
                0x0000000008004944       0x16 build/lcd.o
 *fill*         0x000000000800495a        0x2 
 .rodata.init_KeyPad.str1.4
                0x000000000800495c       0x19 build/keypad.o
 *fill*         0x0000000008004975        0x3 
 .rodata.str1.4
                0x0000000008004978        0xc build/freertos.o
 .rodata.defaultTask_attributes
                0x0000000008004984       0x24 build/freertos.o
                0x0000000008004984                defaultTask_attributes
 .rodata.HAL_RCC_GetSysClockFreq.str1.4
                0x00000000080049a8       0x11 build/stm32f1xx_hal_rcc.o
 *fill*         0x00000000080049b9        0x3 
 .rodata.AHBPrescTable
                0x00000000080049bc       0x10 build/system_stm32f1xx.o
                0x00000000080049bc                AHBPrescTable
 .rodata.APBPrescTable
                0x00000000080049cc        0x8 build/system_stm32f1xx.o
                0x00000000080049cc                APBPrescTable
 .rodata.vTaskStartScheduler.str1.4
                0x00000000080049d4        0x5 build/tasks.o
 *fill*         0x00000000080049d9        0x3 
 .rodata.prvCheckForValidListAndQueue.str1.4
                0x00000000080049dc        0x5 build/timers.o
 *fill*         0x00000000080049e1        0x3 
 .rodata.xTimerCreateTimerTask.str1.4
                0x00000000080049e4        0x8 build/timers.o
                0x00000000080049ec                . = ALIGN (0x4)

.rel.dyn        0x00000000080049ec        0x0
 .rel.iplt      0x00000000080049ec        0x0 c:/users/38164/onedrive/desktop/gnu mcu/arm-none-eabi-gcc-9.3.1-1.1/bin/../lib/gcc/arm-none-eabi/9.3.1/thumb/v7-m/nofp/crtbegin.o

.ARM.extab
 *(.ARM.extab* .gnu.linkonce.armextab.*)

.ARM            0x00000000080049ec        0x0
                0x00000000080049ec                __exidx_start = .
 *(.ARM.exidx*)
                0x00000000080049ec                __exidx_end = .

.preinit_array  0x00000000080049ec        0x0
                0x00000000080049ec                PROVIDE (__preinit_array_start = .)
 *(.preinit_array*)
                0x00000000080049ec                PROVIDE (__preinit_array_end = .)

.init_array     0x00000000080049ec        0x4
                0x00000000080049ec                PROVIDE (__init_array_start = .)
 *(SORT_BY_NAME(.init_array.*))
 *(.init_array*)
 .init_array    0x00000000080049ec        0x4 c:/users/38164/onedrive/desktop/gnu mcu/arm-none-eabi-gcc-9.3.1-1.1/bin/../lib/gcc/arm-none-eabi/9.3.1/thumb/v7-m/nofp/crtbegin.o
                0x00000000080049f0                PROVIDE (__init_array_end = .)

.fini_array     0x00000000080049f0        0x4
                [!provide]                        PROVIDE (__fini_array_start = .)
 *(SORT_BY_NAME(.fini_array.*))
 *(.fini_array*)
 .fini_array    0x00000000080049f0        0x4 c:/users/38164/onedrive/desktop/gnu mcu/arm-none-eabi-gcc-9.3.1-1.1/bin/../lib/gcc/arm-none-eabi/9.3.1/thumb/v7-m/nofp/crtbegin.o
                [!provide]                        PROVIDE (__fini_array_end = .)
                0x00000000080049f4                _sidata = LOADADDR (.data)

.data           0x0000000020000000       0x20 load address 0x00000000080049f4
                0x0000000020000000                . = ALIGN (0x4)
                0x0000000020000000                _sdata = .
 *(.data)
 *(.data*)
 .data.Key_Map  0x0000000020000000        0xc build/keypad.o
                0x0000000020000000                Key_Map
 .data.key_which_was_pressed_is_now_released
                0x000000002000000c        0x1 build/keypad.o
                0x000000002000000c                key_which_was_pressed_is_now_released
 *fill*         0x000000002000000d        0x3 
 .data.motor_and_velocity
                0x0000000020000010        0x3 build/keypad.o
                0x0000000020000010                motor_and_velocity
 .data.uwTickFreq
                0x0000000020000013        0x1 build/stm32f1xx_hal.o
                0x0000000020000013                uwTickFreq
 .data.uwTickPrio
                0x0000000020000014        0x4 build/stm32f1xx_hal.o
                0x0000000020000014                uwTickPrio
 .data.SystemCoreClock
                0x0000000020000018        0x4 build/system_stm32f1xx.o
                0x0000000020000018                SystemCoreClock
 .data.uxCriticalNesting
                0x000000002000001c        0x4 build/port.o
                0x0000000020000020                . = ALIGN (0x4)
                0x0000000020000020                _edata = .

.igot.plt       0x0000000020000020        0x0 load address 0x0000000008004a14
 .igot.plt      0x0000000020000020        0x0 c:/users/38164/onedrive/desktop/gnu mcu/arm-none-eabi-gcc-9.3.1-1.1/bin/../lib/gcc/arm-none-eabi/9.3.1/thumb/v7-m/nofp/crtbegin.o
                0x0000000020000020                . = ALIGN (0x4)

.bss            0x0000000020000020     0x1e60 load address 0x0000000008004a14
                0x0000000020000020                _sbss = .
                0x0000000020000020                __bss_start__ = _sbss
 *(.bss)
 *(.bss*)
 .bss.completed.8914
                0x0000000020000020        0x1 c:/users/38164/onedrive/desktop/gnu mcu/arm-none-eabi-gcc-9.3.1-1.1/bin/../lib/gcc/arm-none-eabi/9.3.1/thumb/v7-m/nofp/crtbegin.o
 *fill*         0x0000000020000021        0x3 
 .bss.object.8919
                0x0000000020000024       0x18 c:/users/38164/onedrive/desktop/gnu mcu/arm-none-eabi-gcc-9.3.1-1.1/bin/../lib/gcc/arm-none-eabi/9.3.1/thumb/v7-m/nofp/crtbegin.o
 .bss.indexx    0x000000002000003c        0x1 build/keypad.o
                0x000000002000003c                indexx
 *fill*         0x000000002000003d        0x3 
 .bss.pxCurrentTCB
                0x0000000020000040        0x4 build/tasks.o
                0x0000000020000040                pxCurrentTCB
 .bss.pxDelayedTaskList
                0x0000000020000044        0x4 build/tasks.o
 .bss.pxOverflowDelayedTaskList
                0x0000000020000048        0x4 build/tasks.o
 .bss.pxReadyTasksLists
                0x000000002000004c      0x460 build/tasks.o
 .bss.uxCurrentNumberOfTasks
                0x00000000200004ac        0x4 build/tasks.o
 .bss.uxDeletedTasksWaitingCleanUp
                0x00000000200004b0        0x4 build/tasks.o
 .bss.uxPendedTicks
                0x00000000200004b4        0x4 build/tasks.o
 .bss.uxSchedulerSuspended
                0x00000000200004b8        0x4 build/tasks.o
 .bss.uxTaskNumber
                0x00000000200004bc        0x4 build/tasks.o
 .bss.uxTopReadyPriority
                0x00000000200004c0        0x4 build/tasks.o
 .bss.xDelayedTaskList1
                0x00000000200004c4       0x14 build/tasks.o
 .bss.xDelayedTaskList2
                0x00000000200004d8       0x14 build/tasks.o
 .bss.xNextTaskUnblockTime
                0x00000000200004ec        0x4 build/tasks.o
 .bss.xNumOfOverflows
                0x00000000200004f0        0x4 build/tasks.o
 .bss.xPendingReadyList
                0x00000000200004f4       0x14 build/tasks.o
 .bss.xSchedulerRunning
                0x0000000020000508        0x4 build/tasks.o
 .bss.xSuspendedTaskList
                0x000000002000050c       0x14 build/tasks.o
 .bss.xTasksWaitingTermination
                0x0000000020000520       0x14 build/tasks.o
 .bss.xTickCount
                0x0000000020000534        0x4 build/tasks.o
 .bss.xYieldPending
                0x0000000020000538        0x4 build/tasks.o
 .bss.pxCurrentTimerList
                0x000000002000053c        0x4 build/timers.o
 .bss.pxOverflowTimerList
                0x0000000020000540        0x4 build/timers.o
 .bss.ucStaticTimerQueueStorage.5559
                0x0000000020000544       0xa0 build/timers.o
 .bss.xActiveTimerList1
                0x00000000200005e4       0x14 build/timers.o
 .bss.xActiveTimerList2
                0x00000000200005f8       0x14 build/timers.o
 .bss.xLastTime.5508
                0x000000002000060c        0x4 build/timers.o
 .bss.xStaticTimerQueue.5558
                0x0000000020000610       0x50 build/timers.o
 .bss.xTimerQueue
                0x0000000020000660        0x4 build/timers.o
 .bss.xTimerTaskHandle
                0x0000000020000664        0x4 build/timers.o
 .bss.Idle_Stack
                0x0000000020000668      0x200 build/cmsis_os2.o
 .bss.Idle_TCB  0x0000000020000868       0x5c build/cmsis_os2.o
 .bss.KernelState
                0x00000000200008c4        0x4 build/cmsis_os2.o
 .bss.Timer_Stack
                0x00000000200008c8      0x400 build/cmsis_os2.o
 .bss.Timer_TCB
                0x0000000020000cc8       0x5c build/cmsis_os2.o
 .bss.pxEnd     0x0000000020000d24        0x4 build/heap_4.o
 .bss.ucHeap    0x0000000020000d28     0x1000 build/heap_4.o
 .bss.xBlockAllocatedBit
                0x0000000020001d28        0x4 build/heap_4.o
 .bss.xFreeBytesRemaining
                0x0000000020001d2c        0x4 build/heap_4.o
 .bss.xMinimumEverFreeBytesRemaining
                0x0000000020001d30        0x4 build/heap_4.o
 .bss.xStart    0x0000000020001d34        0x8 build/heap_4.o
 .bss.ucMaxSysCallPriority
                0x0000000020001d3c        0x1 build/port.o
 *fill*         0x0000000020001d3d        0x3 
 .bss.ulMaxPRIGROUPValue
                0x0000000020001d40        0x4 build/port.o
 *(COMMON)
 COMMON         0x0000000020001d44       0x18 build/mcu_two.o
                0x0000000020001d44                task_handle_receive_from_MCU_one
                0x0000000020001d48                queue_handle_send_to_MCU_one
                0x0000000020001d4c                mutex_handle_send_to_MCU_one
                0x0000000020001d50                task_handle_send_to_MCU_one
                0x0000000020001d54                mutex_handle_receive_from_MCU_one
                0x0000000020001d58                queue_handle_receive_from_MCU_one
 COMMON         0x0000000020001d5c        0x4 build/lcd.o
                0x0000000020001d5c                queue_handle_LCD
 COMMON         0x0000000020001d60        0x8 build/keypad.o
                0x0000000020001d60                timer_handle_keypad
                0x0000000020001d64                task_handle_keypad
 COMMON         0x0000000020001d68        0x4 build/freertos.o
                0x0000000020001d68                defaultTaskHandle
 COMMON         0x0000000020001d6c       0x48 build/tim.o
                0x0000000020001d6c                htim3
 COMMON         0x0000000020001db4       0x40 build/usart.o
                0x0000000020001db4                huart1
 COMMON         0x0000000020001df4       0x48 build/stm32f1xx_hal_timebase_tim.o
                0x0000000020001df4                htim1
 COMMON         0x0000000020001e3c        0x4 build/stm32f1xx_hal.o
                0x0000000020001e3c                uwTick
 COMMON         0x0000000020001e40       0x40 build/queue.o
                0x0000000020001e40                xQueueRegistry
                0x0000000020001e80                . = ALIGN (0x4)
                0x0000000020001e80                _ebss = .
                0x0000000020001e80                __bss_end__ = _ebss

._user_heap_stack
                0x0000000020001e80      0x600 load address 0x0000000008004a14
                0x0000000020001e80                . = ALIGN (0x8)
                [!provide]                        PROVIDE (end = .)
                [!provide]                        PROVIDE (_end = .)
                0x0000000020002080                . = (. + _Min_Heap_Size)
 *fill*         0x0000000020001e80      0x200 
                0x0000000020002480                . = (. + _Min_Stack_Size)
 *fill*         0x0000000020002080      0x400 
                0x0000000020002480                . = ALIGN (0x8)

/DISCARD/
 libc.a(*)
 libm.a(*)
 libgcc.a(*)

.ARM.attributes
                0x0000000000000000       0x29
 *(.ARM.attributes)
 .ARM.attributes
                0x0000000000000000       0x1d c:/users/38164/onedrive/desktop/gnu mcu/arm-none-eabi-gcc-9.3.1-1.1/bin/../lib/gcc/arm-none-eabi/9.3.1/thumb/v7-m/nofp/crti.o
 .ARM.attributes
                0x000000000000001d       0x2d c:/users/38164/onedrive/desktop/gnu mcu/arm-none-eabi-gcc-9.3.1-1.1/bin/../lib/gcc/arm-none-eabi/9.3.1/thumb/v7-m/nofp/crtbegin.o
 .ARM.attributes
                0x000000000000004a       0x2d build/main.o
 .ARM.attributes
                0x0000000000000077       0x2d build/work.o
 .ARM.attributes
                0x00000000000000a4       0x2d build/mcu_two.o
 .ARM.attributes
                0x00000000000000d1       0x2d build/lcd.o
 .ARM.attributes
                0x00000000000000fe       0x2d build/keypad.o
 .ARM.attributes
                0x000000000000012b       0x2d build/gpio.o
 .ARM.attributes
                0x0000000000000158       0x2d build/freertos.o
 .ARM.attributes
                0x0000000000000185       0x2d build/tim.o
 .ARM.attributes
                0x00000000000001b2       0x2d build/usart.o
 .ARM.attributes
                0x00000000000001df       0x2d build/stm32f1xx_it.o
 .ARM.attributes
                0x000000000000020c       0x2d build/stm32f1xx_hal_msp.o
 .ARM.attributes
                0x0000000000000239       0x2d build/stm32f1xx_hal_timebase_tim.o
 .ARM.attributes
                0x0000000000000266       0x2d build/stm32f1xx_hal.o
 .ARM.attributes
                0x0000000000000293       0x2d build/stm32f1xx_hal_rcc.o
 .ARM.attributes
                0x00000000000002c0       0x2d build/stm32f1xx_hal_gpio.o
 .ARM.attributes
                0x00000000000002ed       0x2d build/stm32f1xx_hal_dma.o
 .ARM.attributes
                0x000000000000031a       0x2d build/stm32f1xx_hal_cortex.o
 .ARM.attributes
                0x0000000000000347       0x2d build/stm32f1xx_hal_tim.o
 .ARM.attributes
                0x0000000000000374       0x2d build/stm32f1xx_hal_tim_ex.o
 .ARM.attributes
                0x00000000000003a1       0x2d build/stm32f1xx_hal_uart.o
 .ARM.attributes
                0x00000000000003ce       0x2d build/system_stm32f1xx.o
 .ARM.attributes
                0x00000000000003fb       0x2d build/list.o
 .ARM.attributes
                0x0000000000000428       0x2d build/queue.o
 .ARM.attributes
                0x0000000000000455       0x2d build/tasks.o
 .ARM.attributes
                0x0000000000000482       0x2d build/timers.o
 .ARM.attributes
                0x00000000000004af       0x2d build/cmsis_os2.o
 .ARM.attributes
                0x00000000000004dc       0x2d build/heap_4.o
 .ARM.attributes
                0x0000000000000509       0x2d build/port.o
 .ARM.attributes
                0x0000000000000536       0x21 build/startup_stm32f103x6.o
 .ARM.attributes
                0x0000000000000557       0x2d c:/users/38164/onedrive/desktop/gnu mcu/arm-none-eabi-gcc-9.3.1-1.1/bin/../lib/gcc/arm-none-eabi/9.3.1/../../../../arm-none-eabi/lib/thumb/v7-m/nofp\libc_nano.a(lib_a-init.o)
 .ARM.attributes
                0x0000000000000584       0x2d c:/users/38164/onedrive/desktop/gnu mcu/arm-none-eabi-gcc-9.3.1-1.1/bin/../lib/gcc/arm-none-eabi/9.3.1/../../../../arm-none-eabi/lib/thumb/v7-m/nofp\libc_nano.a(lib_a-memcpy-stub.o)
 .ARM.attributes
                0x00000000000005b1       0x2d c:/users/38164/onedrive/desktop/gnu mcu/arm-none-eabi-gcc-9.3.1-1.1/bin/../lib/gcc/arm-none-eabi/9.3.1/../../../../arm-none-eabi/lib/thumb/v7-m/nofp\libc_nano.a(lib_a-memset.o)
 .ARM.attributes
                0x00000000000005de       0x1d c:/users/38164/onedrive/desktop/gnu mcu/arm-none-eabi-gcc-9.3.1-1.1/bin/../lib/gcc/arm-none-eabi/9.3.1/thumb/v7-m/nofp/crtn.o
OUTPUT(build/code2.elf elf32-littlearm)
LOAD linker stubs
LOAD c:/users/38164/onedrive/desktop/gnu mcu/arm-none-eabi-gcc-9.3.1-1.1/bin/../lib/gcc/arm-none-eabi/9.3.1/../../../../arm-none-eabi/lib/thumb/v7-m/nofp\libc.a
LOAD c:/users/38164/onedrive/desktop/gnu mcu/arm-none-eabi-gcc-9.3.1-1.1/bin/../lib/gcc/arm-none-eabi/9.3.1/../../../../arm-none-eabi/lib/thumb/v7-m/nofp\libm.a
LOAD c:/users/38164/onedrive/desktop/gnu mcu/arm-none-eabi-gcc-9.3.1-1.1/bin/../lib/gcc/arm-none-eabi/9.3.1/thumb/v7-m/nofp\libgcc.a

.debug_info     0x0000000000000000    0x25ed4
 .debug_info    0x0000000000000000     0x170f build/main.o
 .debug_info    0x000000000000170f     0x166b build/work.o
 .debug_info    0x0000000000002d7a     0x1518 build/mcu_two.o
 .debug_info    0x0000000000004292     0x149e build/lcd.o
 .debug_info    0x0000000000005730     0x1468 build/keypad.o
 .debug_info    0x0000000000006b98      0x60e build/gpio.o
 .debug_info    0x00000000000071a6      0x478 build/freertos.o
 .debug_info    0x000000000000761e      0xcfd build/tim.o
 .debug_info    0x000000000000831b      0xb3a build/usart.o
 .debug_info    0x0000000000008e55      0xb29 build/stm32f1xx_it.o
 .debug_info    0x000000000000997e      0x48c build/stm32f1xx_hal_msp.o
 .debug_info    0x0000000000009e0a      0xba0 build/stm32f1xx_hal_timebase_tim.o
 .debug_info    0x000000000000a9aa      0x8c6 build/stm32f1xx_hal.o
 .debug_info    0x000000000000b270      0xb67 build/stm32f1xx_hal_rcc.o
 .debug_info    0x000000000000bdd7      0x7d1 build/stm32f1xx_hal_gpio.o
 .debug_info    0x000000000000c5a8      0x9b5 build/stm32f1xx_hal_dma.o
 .debug_info    0x000000000000cf5d      0xed9 build/stm32f1xx_hal_cortex.o
 .debug_info    0x000000000000de36     0x3ebf build/stm32f1xx_hal_tim.o
 .debug_info    0x0000000000011cf5     0x1c1a build/stm32f1xx_hal_tim_ex.o
 .debug_info    0x000000000001390f     0x1a94 build/stm32f1xx_hal_uart.o
 .debug_info    0x00000000000153a3      0x2f7 build/system_stm32f1xx.o
 .debug_info    0x000000000001569a      0xc9e build/list.o
 .debug_info    0x0000000000016338     0x31f0 build/queue.o
 .debug_info    0x0000000000019528     0x3b3f build/tasks.o
 .debug_info    0x000000000001d067     0x23f5 build/timers.o
 .debug_info    0x000000000001f45c     0x56d9 build/cmsis_os2.o
 .debug_info    0x0000000000024b35      0xe30 build/heap_4.o
 .debug_info    0x0000000000025965      0x54d build/port.o
 .debug_info    0x0000000000025eb2       0x22 build/startup_stm32f103x6.o

.debug_abbrev   0x0000000000000000     0x4ac1
 .debug_abbrev  0x0000000000000000      0x2dc build/main.o
 .debug_abbrev  0x00000000000002dc      0x2ab build/work.o
 .debug_abbrev  0x0000000000000587      0x2a7 build/mcu_two.o
 .debug_abbrev  0x000000000000082e      0x2aa build/lcd.o
 .debug_abbrev  0x0000000000000ad8      0x2da build/keypad.o
 .debug_abbrev  0x0000000000000db2      0x19b build/gpio.o
 .debug_abbrev  0x0000000000000f4d      0x14d build/freertos.o
 .debug_abbrev  0x000000000000109a      0x23a build/tim.o
 .debug_abbrev  0x00000000000012d4      0x1fa build/usart.o
 .debug_abbrev  0x00000000000014ce      0x1c1 build/stm32f1xx_it.o
 .debug_abbrev  0x000000000000168f      0x15d build/stm32f1xx_hal_msp.o
 .debug_abbrev  0x00000000000017ec      0x21c build/stm32f1xx_hal_timebase_tim.o
 .debug_abbrev  0x0000000000001a08      0x21c build/stm32f1xx_hal.o
 .debug_abbrev  0x0000000000001c24      0x2ad build/stm32f1xx_hal_rcc.o
 .debug_abbrev  0x0000000000001ed1      0x24f build/stm32f1xx_hal_gpio.o
 .debug_abbrev  0x0000000000002120      0x283 build/stm32f1xx_hal_dma.o
 .debug_abbrev  0x00000000000023a3      0x37f build/stm32f1xx_hal_cortex.o
 .debug_abbrev  0x0000000000002722      0x2c3 build/stm32f1xx_hal_tim.o
 .debug_abbrev  0x00000000000029e5      0x2ab build/stm32f1xx_hal_tim_ex.o
 .debug_abbrev  0x0000000000002c90      0x2ea build/stm32f1xx_hal_uart.o
 .debug_abbrev  0x0000000000002f7a      0x153 build/system_stm32f1xx.o
 .debug_abbrev  0x00000000000030cd      0x245 build/list.o
 .debug_abbrev  0x0000000000003312      0x478 build/queue.o
 .debug_abbrev  0x000000000000378a      0x476 build/tasks.o
 .debug_abbrev  0x0000000000003c00      0x3de build/timers.o
 .debug_abbrev  0x0000000000003fde      0x4c7 build/cmsis_os2.o
 .debug_abbrev  0x00000000000044a5      0x36d build/heap_4.o
 .debug_abbrev  0x0000000000004812      0x29d build/port.o
 .debug_abbrev  0x0000000000004aaf       0x12 build/startup_stm32f103x6.o

.debug_loc      0x0000000000000000    0x18eef
 .debug_loc     0x0000000000000000       0xc8 build/main.o
 .debug_loc     0x00000000000000c8       0xc0 build/work.o
 .debug_loc     0x0000000000000188      0x2d4 build/mcu_two.o
 .debug_loc     0x000000000000045c      0x29e build/lcd.o
 .debug_loc     0x00000000000006fa      0x2a8 build/keypad.o
 .debug_loc     0x00000000000009a2       0x38 build/gpio.o
 .debug_loc     0x00000000000009da       0x65 build/freertos.o
 .debug_loc     0x0000000000000a3f       0xf8 build/tim.o
 .debug_loc     0x0000000000000b37      0x108 build/usart.o
 .debug_loc     0x0000000000000c3f       0x60 build/stm32f1xx_it.o
 .debug_loc     0x0000000000000c9f       0x4d build/stm32f1xx_hal_msp.o
 .debug_loc     0x0000000000000cec       0xcd build/stm32f1xx_hal_timebase_tim.o
 .debug_loc     0x0000000000000db9      0x1e1 build/stm32f1xx_hal.o
 .debug_loc     0x0000000000000f9a      0x7c0 build/stm32f1xx_hal_rcc.o
 .debug_loc     0x000000000000175a      0x532 build/stm32f1xx_hal_gpio.o
 .debug_loc     0x0000000000001c8c      0x901 build/stm32f1xx_hal_dma.o
 .debug_loc     0x000000000000258d      0x7af build/stm32f1xx_hal_cortex.o
 .debug_loc     0x0000000000002d3c     0x55c1 build/stm32f1xx_hal_tim.o
 .debug_loc     0x00000000000082fd     0x209d build/stm32f1xx_hal_tim_ex.o
 .debug_loc     0x000000000000a39a     0x1e37 build/stm32f1xx_hal_uart.o
 .debug_loc     0x000000000000c1d1       0xff build/system_stm32f1xx.o
 .debug_loc     0x000000000000c2d0       0xe5 build/list.o
 .debug_loc     0x000000000000c3b5     0x2076 build/queue.o
 .debug_loc     0x000000000000e42b     0x2b30 build/tasks.o
 .debug_loc     0x0000000000010f5b     0x154c build/timers.o
 .debug_loc     0x00000000000124a7     0x6527 build/cmsis_os2.o
 .debug_loc     0x00000000000189ce      0x3b5 build/heap_4.o
 .debug_loc     0x0000000000018d83      0x16c build/port.o

.debug_aranges  0x0000000000000000     0x1428
 .debug_aranges
                0x0000000000000000       0x38 build/main.o
 .debug_aranges
                0x0000000000000038       0x28 build/work.o
 .debug_aranges
                0x0000000000000060       0x58 build/mcu_two.o
 .debug_aranges
                0x00000000000000b8       0x48 build/lcd.o
 .debug_aranges
                0x0000000000000100       0x38 build/keypad.o
 .debug_aranges
                0x0000000000000138       0x20 build/gpio.o
 .debug_aranges
                0x0000000000000158       0x28 build/freertos.o
 .debug_aranges
                0x0000000000000180       0x38 build/tim.o
 .debug_aranges
                0x00000000000001b8       0x30 build/usart.o
 .debug_aranges
                0x00000000000001e8       0x60 build/stm32f1xx_it.o
 .debug_aranges
                0x0000000000000248       0x20 build/stm32f1xx_hal_msp.o
 .debug_aranges
                0x0000000000000268       0x30 build/stm32f1xx_hal_timebase_tim.o
 .debug_aranges
                0x0000000000000298       0xe0 build/stm32f1xx_hal.o
 .debug_aranges
                0x0000000000000378       0x90 build/stm32f1xx_hal_rcc.o
 .debug_aranges
                0x0000000000000408       0x58 build/stm32f1xx_hal_gpio.o
 .debug_aranges
                0x0000000000000460       0x80 build/stm32f1xx_hal_dma.o
 .debug_aranges
                0x00000000000004e0       0x90 build/stm32f1xx_hal_cortex.o
 .debug_aranges
                0x0000000000000570      0x3d0 build/stm32f1xx_hal_tim.o
 .debug_aranges
                0x0000000000000940      0x168 build/stm32f1xx_hal_tim_ex.o
 .debug_aranges
                0x0000000000000aa8      0x1d0 build/stm32f1xx_hal_uart.o
 .debug_aranges
                0x0000000000000c78       0x28 build/system_stm32f1xx.o
 .debug_aranges
                0x0000000000000ca0       0x40 build/list.o
 .debug_aranges
                0x0000000000000ce0      0x158 build/queue.o
 .debug_aranges
                0x0000000000000e38      0x1f8 build/tasks.o
 .debug_aranges
                0x0000000000001030       0xe0 build/timers.o
 .debug_aranges
                0x0000000000001110      0x228 build/cmsis_os2.o
 .debug_aranges
                0x0000000000001338       0x50 build/heap_4.o
 .debug_aranges
                0x0000000000001388       0x78 build/port.o
 .debug_aranges
                0x0000000000001400       0x28 build/startup_stm32f103x6.o

.debug_ranges   0x0000000000000000     0x15b8
 .debug_ranges  0x0000000000000000       0x28 build/main.o
 .debug_ranges  0x0000000000000028       0x50 build/work.o
 .debug_ranges  0x0000000000000078       0x48 build/mcu_two.o
 .debug_ranges  0x00000000000000c0       0x38 build/lcd.o
 .debug_ranges  0x00000000000000f8       0xb8 build/keypad.o
 .debug_ranges  0x00000000000001b0       0x10 build/gpio.o
 .debug_ranges  0x00000000000001c0       0x18 build/freertos.o
 .debug_ranges  0x00000000000001d8       0x28 build/tim.o
 .debug_ranges  0x0000000000000200       0x20 build/usart.o
 .debug_ranges  0x0000000000000220       0x50 build/stm32f1xx_it.o
 .debug_ranges  0x0000000000000270       0x10 build/stm32f1xx_hal_msp.o
 .debug_ranges  0x0000000000000280       0x20 build/stm32f1xx_hal_timebase_tim.o
 .debug_ranges  0x00000000000002a0       0xd0 build/stm32f1xx_hal.o
 .debug_ranges  0x0000000000000370       0xa0 build/stm32f1xx_hal_rcc.o
 .debug_ranges  0x0000000000000410       0x48 build/stm32f1xx_hal_gpio.o
 .debug_ranges  0x0000000000000458       0x70 build/stm32f1xx_hal_dma.o
 .debug_ranges  0x00000000000004c8       0xe0 build/stm32f1xx_hal_cortex.o
 .debug_ranges  0x00000000000005a8      0x3c0 build/stm32f1xx_hal_tim.o
 .debug_ranges  0x0000000000000968      0x158 build/stm32f1xx_hal_tim_ex.o
 .debug_ranges  0x0000000000000ac0      0x1c0 build/stm32f1xx_hal_uart.o
 .debug_ranges  0x0000000000000c80       0x18 build/system_stm32f1xx.o
 .debug_ranges  0x0000000000000c98       0x30 build/list.o
 .debug_ranges  0x0000000000000cc8      0x218 build/queue.o
 .debug_ranges  0x0000000000000ee0      0x328 build/tasks.o
 .debug_ranges  0x0000000000001208       0xd0 build/timers.o
 .debug_ranges  0x00000000000012d8      0x218 build/cmsis_os2.o
 .debug_ranges  0x00000000000014f0       0x40 build/heap_4.o
 .debug_ranges  0x0000000000001530       0x68 build/port.o
 .debug_ranges  0x0000000000001598       0x20 build/startup_stm32f103x6.o

.debug_line     0x0000000000000000    0x174cd
 .debug_line    0x0000000000000000      0x4a5 build/main.o
 .debug_line    0x00000000000004a5      0x43a build/work.o
 .debug_line    0x00000000000008df      0x52d build/mcu_two.o
 .debug_line    0x0000000000000e0c      0x46f build/lcd.o
 .debug_line    0x000000000000127b      0x5bd build/keypad.o
 .debug_line    0x0000000000001838      0x2a7 build/gpio.o
 .debug_line    0x0000000000001adf      0x274 build/freertos.o
 .debug_line    0x0000000000001d53      0x3f0 build/tim.o
 .debug_line    0x0000000000002143      0x376 build/usart.o
 .debug_line    0x00000000000024b9      0x360 build/stm32f1xx_it.o
 .debug_line    0x0000000000002819      0x21e build/stm32f1xx_hal_msp.o
 .debug_line    0x0000000000002a37      0x303 build/stm32f1xx_hal_timebase_tim.o
 .debug_line    0x0000000000002d3a      0x546 build/stm32f1xx_hal.o
 .debug_line    0x0000000000003280      0xc63 build/stm32f1xx_hal_rcc.o
 .debug_line    0x0000000000003ee3      0x637 build/stm32f1xx_hal_gpio.o
 .debug_line    0x000000000000451a      0xabb build/stm32f1xx_hal_dma.o
 .debug_line    0x0000000000004fd5      0x69c build/stm32f1xx_hal_cortex.o
 .debug_line    0x0000000000005671     0x46a6 build/stm32f1xx_hal_tim.o
 .debug_line    0x0000000000009d17     0x1ca8 build/stm32f1xx_hal_tim_ex.o
 .debug_line    0x000000000000b9bf     0x1c1a build/stm32f1xx_hal_uart.o
 .debug_line    0x000000000000d5d9      0x2b6 build/system_stm32f1xx.o
 .debug_line    0x000000000000d88f      0x4aa build/list.o
 .debug_line    0x000000000000dd39     0x20ff build/queue.o
 .debug_line    0x000000000000fe38     0x2ca8 build/tasks.o
 .debug_line    0x0000000000012ae0      0xed3 build/timers.o
 .debug_line    0x00000000000139b3     0x2dc4 build/cmsis_os2.o
 .debug_line    0x0000000000016777      0x728 build/heap_4.o
 .debug_line    0x0000000000016e9f      0x5bc build/port.o
 .debug_line    0x000000000001745b       0x72 build/startup_stm32f103x6.o

.debug_str      0x0000000000000000     0x6c90
 .debug_str     0x0000000000000000      0xe15 build/main.o
                                        0xf21 (size before relaxing)
 .debug_str     0x0000000000000e15       0xcd build/work.o
                                        0xda4 (size before relaxing)
 .debug_str     0x0000000000000ee2      0x2a9 build/mcu_two.o
                                        0xcf4 (size before relaxing)
 .debug_str     0x000000000000118b       0xf0 build/lcd.o
                                        0xb6f (size before relaxing)
 .debug_str     0x000000000000127b      0x12a build/keypad.o
                                        0xbf7 (size before relaxing)
 .debug_str     0x00000000000013a5      0x384 build/gpio.o
                                        0x61f (size before relaxing)
 .debug_str     0x0000000000001729      0x4d5 build/freertos.o
                                        0x749 (size before relaxing)
 .debug_str     0x0000000000001bfe      0x1ea build/tim.o
                                        0x9fa (size before relaxing)
 .debug_str     0x0000000000001de8       0x75 build/usart.o
                                        0xa17 (size before relaxing)
 .debug_str     0x0000000000001e5d       0xfe build/stm32f1xx_it.o
                                        0x9db (size before relaxing)
 .debug_str     0x0000000000001f5b       0x5a build/stm32f1xx_hal_msp.o
                                        0x5ae (size before relaxing)
 .debug_str     0x0000000000001fb5       0xe6 build/stm32f1xx_hal_timebase_tim.o
                                        0xb95 (size before relaxing)
 .debug_str     0x000000000000209b      0x242 build/stm32f1xx_hal.o
                                        0x838 (size before relaxing)
 .debug_str     0x00000000000022dd      0x1be build/stm32f1xx_hal_rcc.o
                                        0x6c1 (size before relaxing)
 .debug_str     0x000000000000249b       0xe1 build/stm32f1xx_hal_gpio.o
                                        0x4df (size before relaxing)
 .debug_str     0x000000000000257c      0x23a build/stm32f1xx_hal_dma.o
                                        0x6dc (size before relaxing)
 .debug_str     0x00000000000027b6      0x38b build/stm32f1xx_hal_cortex.o
                                        0x954 (size before relaxing)
 .debug_str     0x0000000000002b41      0xd76 build/stm32f1xx_hal_tim.o
                                       0x1717 (size before relaxing)
 .debug_str     0x00000000000038b7      0x54d build/stm32f1xx_hal_tim_ex.o
                                        0xf41 (size before relaxing)
 .debug_str     0x0000000000003e04      0x4b2 build/stm32f1xx_hal_uart.o
                                        0xc6f (size before relaxing)
 .debug_str     0x00000000000042b6       0x52 build/system_stm32f1xx.o
                                        0x2f5 (size before relaxing)
 .debug_str     0x0000000000004308      0x14f build/list.o
                                        0x6ec (size before relaxing)
 .debug_str     0x0000000000004457      0x91a build/queue.o
                                       0x106a (size before relaxing)
 .debug_str     0x0000000000004d71      0xbf0 build/tasks.o
                                       0x1677 (size before relaxing)
 .debug_str     0x0000000000005961      0x57c build/timers.o
                                        0xfdd (size before relaxing)
 .debug_str     0x0000000000005edd      0xa37 build/cmsis_os2.o
                                       0x1cc8 (size before relaxing)
 .debug_str     0x0000000000006914      0x1d8 build/heap_4.o
                                        0x7d5 (size before relaxing)
 .debug_str     0x0000000000006aec      0x180 build/port.o
                                        0x462 (size before relaxing)
 .debug_str     0x0000000000006c6c       0x24 build/startup_stm32f103x6.o
                                         0x65 (size before relaxing)

.comment        0x0000000000000000       0x43
 .comment       0x0000000000000000       0x43 build/main.o
                                         0x44 (size before relaxing)
 .comment       0x0000000000000043       0x44 build/work.o
 .comment       0x0000000000000043       0x44 build/mcu_two.o
 .comment       0x0000000000000043       0x44 build/lcd.o
 .comment       0x0000000000000043       0x44 build/keypad.o
 .comment       0x0000000000000043       0x44 build/gpio.o
 .comment       0x0000000000000043       0x44 build/freertos.o
 .comment       0x0000000000000043       0x44 build/tim.o
 .comment       0x0000000000000043       0x44 build/usart.o
 .comment       0x0000000000000043       0x44 build/stm32f1xx_it.o
 .comment       0x0000000000000043       0x44 build/stm32f1xx_hal_msp.o
 .comment       0x0000000000000043       0x44 build/stm32f1xx_hal_timebase_tim.o
 .comment       0x0000000000000043       0x44 build/stm32f1xx_hal.o
 .comment       0x0000000000000043       0x44 build/stm32f1xx_hal_rcc.o
 .comment       0x0000000000000043       0x44 build/stm32f1xx_hal_gpio.o
 .comment       0x0000000000000043       0x44 build/stm32f1xx_hal_dma.o
 .comment       0x0000000000000043       0x44 build/stm32f1xx_hal_cortex.o
 .comment       0x0000000000000043       0x44 build/stm32f1xx_hal_tim.o
 .comment       0x0000000000000043       0x44 build/stm32f1xx_hal_tim_ex.o
 .comment       0x0000000000000043       0x44 build/stm32f1xx_hal_uart.o
 .comment       0x0000000000000043       0x44 build/system_stm32f1xx.o
 .comment       0x0000000000000043       0x44 build/list.o
 .comment       0x0000000000000043       0x44 build/queue.o
 .comment       0x0000000000000043       0x44 build/tasks.o
 .comment       0x0000000000000043       0x44 build/timers.o
 .comment       0x0000000000000043       0x44 build/cmsis_os2.o
 .comment       0x0000000000000043       0x44 build/heap_4.o
 .comment       0x0000000000000043       0x44 build/port.o

.debug_frame    0x0000000000000000     0x38a0
 .debug_frame   0x0000000000000000       0x70 build/main.o
 .debug_frame   0x0000000000000070       0x4c build/work.o
 .debug_frame   0x00000000000000bc      0x108 build/mcu_two.o
 .debug_frame   0x00000000000001c4       0xb8 build/lcd.o
 .debug_frame   0x000000000000027c       0x98 build/keypad.o
 .debug_frame   0x0000000000000314       0x38 build/gpio.o
 .debug_frame   0x000000000000034c       0x40 build/freertos.o
 .debug_frame   0x000000000000038c       0x78 build/tim.o
 .debug_frame   0x0000000000000404       0x64 build/usart.o
 .debug_frame   0x0000000000000468       0xb8 build/stm32f1xx_it.o
 .debug_frame   0x0000000000000520       0x2c build/stm32f1xx_hal_msp.o
 .debug_frame   0x000000000000054c       0x50 build/stm32f1xx_hal_timebase_tim.o
 .debug_frame   0x000000000000059c      0x1cc build/stm32f1xx_hal.o
 .debug_frame   0x0000000000000768      0x190 build/stm32f1xx_hal_rcc.o
 .debug_frame   0x00000000000008f8       0xe8 build/stm32f1xx_hal_gpio.o
 .debug_frame   0x00000000000009e0      0x148 build/stm32f1xx_hal_dma.o
 .debug_frame   0x0000000000000b28      0x12c build/stm32f1xx_hal_cortex.o
 .debug_frame   0x0000000000000c54      0xb44 build/stm32f1xx_hal_tim.o
 .debug_frame   0x0000000000001798      0x418 build/stm32f1xx_hal_tim_ex.o
 .debug_frame   0x0000000000001bb0      0x500 build/stm32f1xx_hal_uart.o
 .debug_frame   0x00000000000020b0       0x30 build/system_stm32f1xx.o
 .debug_frame   0x00000000000020e0       0x70 build/list.o
 .debug_frame   0x0000000000002150      0x45c build/queue.o
 .debug_frame   0x00000000000025ac      0x650 build/tasks.o
 .debug_frame   0x0000000000002bfc      0x2cc build/timers.o
 .debug_frame   0x0000000000002ec8      0x7c8 build/cmsis_os2.o
 .debug_frame   0x0000000000003690       0xac build/heap_4.o
 .debug_frame   0x000000000000373c       0xf0 build/port.o
 .debug_frame   0x000000000000382c       0x2c c:/users/38164/onedrive/desktop/gnu mcu/arm-none-eabi-gcc-9.3.1-1.1/bin/../lib/gcc/arm-none-eabi/9.3.1/../../../../arm-none-eabi/lib/thumb/v7-m/nofp\libc_nano.a(lib_a-init.o)
 .debug_frame   0x0000000000003858       0x28 c:/users/38164/onedrive/desktop/gnu mcu/arm-none-eabi-gcc-9.3.1-1.1/bin/../lib/gcc/arm-none-eabi/9.3.1/../../../../arm-none-eabi/lib/thumb/v7-m/nofp\libc_nano.a(lib_a-memcpy-stub.o)
 .debug_frame   0x0000000000003880       0x20 c:/users/38164/onedrive/desktop/gnu mcu/arm-none-eabi-gcc-9.3.1-1.1/bin/../lib/gcc/arm-none-eabi/9.3.1/../../../../arm-none-eabi/lib/thumb/v7-m/nofp\libc_nano.a(lib_a-memset.o)

Cross Reference Table

Symbol                                            File
ADC1_2_IRQHandler                                 build/startup_stm32f103x6.o
AHBPrescTable                                     build/system_stm32f1xx.o
                                                  build/stm32f1xx_hal_rcc.o
APBPrescTable                                     build/system_stm32f1xx.o
                                                  build/stm32f1xx_hal_rcc.o
BusFault_Handler                                  build/stm32f1xx_it.o
CAN1_RX1_IRQHandler                               build/startup_stm32f103x6.o
CAN1_SCE_IRQHandler                               build/startup_stm32f103x6.o
DMA1_Channel1_IRQHandler                          build/startup_stm32f103x6.o
DMA1_Channel2_IRQHandler                          build/startup_stm32f103x6.o
DMA1_Channel3_IRQHandler                          build/startup_stm32f103x6.o
DMA1_Channel4_IRQHandler                          build/startup_stm32f103x6.o
DMA1_Channel5_IRQHandler                          build/startup_stm32f103x6.o
DMA1_Channel6_IRQHandler                          build/startup_stm32f103x6.o
DMA1_Channel7_IRQHandler                          build/startup_stm32f103x6.o
DebugMon_Handler                                  build/stm32f1xx_it.o
Default_Handler                                   build/startup_stm32f103x6.o
EXTI0_IRQHandler                                  build/startup_stm32f103x6.o
EXTI15_10_IRQHandler                              build/startup_stm32f103x6.o
EXTI1_IRQHandler                                  build/startup_stm32f103x6.o
EXTI2_IRQHandler                                  build/startup_stm32f103x6.o
EXTI3_IRQHandler                                  build/startup_stm32f103x6.o
EXTI4_IRQHandler                                  build/startup_stm32f103x6.o
EXTI9_5_IRQHandler                                build/stm32f1xx_it.o
Error_Handler                                     build/main.o
                                                  build/usart.o
                                                  build/tim.o
FLASH_IRQHandler                                  build/startup_stm32f103x6.o
FLASH_PageErase                                   build/stm32f1xx_hal_flash_ex.o
                                                  build/stm32f1xx_hal_flash.o
FLASH_WaitForLastOperation                        build/stm32f1xx_hal_flash.o
                                                  build/stm32f1xx_hal_flash_ex.o
HAL_DBGMCU_DisableDBGSleepMode                    build/stm32f1xx_hal.o
HAL_DBGMCU_DisableDBGStandbyMode                  build/stm32f1xx_hal.o
HAL_DBGMCU_DisableDBGStopMode                     build/stm32f1xx_hal.o
HAL_DBGMCU_EnableDBGSleepMode                     build/stm32f1xx_hal.o
HAL_DBGMCU_EnableDBGStandbyMode                   build/stm32f1xx_hal.o
HAL_DBGMCU_EnableDBGStopMode                      build/stm32f1xx_hal.o
HAL_DMA_Abort                                     build/stm32f1xx_hal_dma.o
                                                  build/stm32f1xx_hal_uart.o
HAL_DMA_Abort_IT                                  build/stm32f1xx_hal_dma.o
                                                  build/stm32f1xx_hal_uart.o
                                                  build/stm32f1xx_hal_tim_ex.o
                                                  build/stm32f1xx_hal_tim.o
HAL_DMA_DeInit                                    build/stm32f1xx_hal_dma.o
HAL_DMA_GetError                                  build/stm32f1xx_hal_dma.o
                                                  build/stm32f1xx_hal_uart.o
HAL_DMA_GetState                                  build/stm32f1xx_hal_dma.o
HAL_DMA_IRQHandler                                build/stm32f1xx_hal_dma.o
HAL_DMA_Init                                      build/stm32f1xx_hal_dma.o
HAL_DMA_PollForTransfer                           build/stm32f1xx_hal_dma.o
HAL_DMA_RegisterCallback                          build/stm32f1xx_hal_dma.o
HAL_DMA_Start                                     build/stm32f1xx_hal_dma.o
HAL_DMA_Start_IT                                  build/stm32f1xx_hal_dma.o
                                                  build/stm32f1xx_hal_uart.o
                                                  build/stm32f1xx_hal_tim_ex.o
                                                  build/stm32f1xx_hal_tim.o
HAL_DMA_UnRegisterCallback                        build/stm32f1xx_hal_dma.o
HAL_DeInit                                        build/stm32f1xx_hal.o
HAL_Delay                                         build/stm32f1xx_hal.o
HAL_EXTI_ClearConfigLine                          build/stm32f1xx_hal_exti.o
HAL_EXTI_ClearPending                             build/stm32f1xx_hal_exti.o
HAL_EXTI_GenerateSWI                              build/stm32f1xx_hal_exti.o
HAL_EXTI_GetConfigLine                            build/stm32f1xx_hal_exti.o
HAL_EXTI_GetHandle                                build/stm32f1xx_hal_exti.o
HAL_EXTI_GetPending                               build/stm32f1xx_hal_exti.o
HAL_EXTI_IRQHandler                               build/stm32f1xx_hal_exti.o
HAL_EXTI_RegisterCallback                         build/stm32f1xx_hal_exti.o
HAL_EXTI_SetConfigLine                            build/stm32f1xx_hal_exti.o
HAL_FLASHEx_Erase                                 build/stm32f1xx_hal_flash_ex.o
HAL_FLASHEx_Erase_IT                              build/stm32f1xx_hal_flash_ex.o
HAL_FLASHEx_OBErase                               build/stm32f1xx_hal_flash_ex.o
HAL_FLASHEx_OBGetConfig                           build/stm32f1xx_hal_flash_ex.o
HAL_FLASHEx_OBGetUserData                         build/stm32f1xx_hal_flash_ex.o
HAL_FLASHEx_OBProgram                             build/stm32f1xx_hal_flash_ex.o
HAL_FLASH_EndOfOperationCallback                  build/stm32f1xx_hal_flash.o
HAL_FLASH_GetError                                build/stm32f1xx_hal_flash.o
HAL_FLASH_IRQHandler                              build/stm32f1xx_hal_flash.o
HAL_FLASH_Lock                                    build/stm32f1xx_hal_flash.o
HAL_FLASH_OB_Launch                               build/stm32f1xx_hal_flash.o
HAL_FLASH_OB_Lock                                 build/stm32f1xx_hal_flash.o
HAL_FLASH_OB_Unlock                               build/stm32f1xx_hal_flash.o
HAL_FLASH_OperationErrorCallback                  build/stm32f1xx_hal_flash.o
HAL_FLASH_Program                                 build/stm32f1xx_hal_flash.o
HAL_FLASH_Program_IT                              build/stm32f1xx_hal_flash.o
HAL_FLASH_Unlock                                  build/stm32f1xx_hal_flash.o
HAL_GPIOEx_ConfigEventout                         build/stm32f1xx_hal_gpio_ex.o
HAL_GPIOEx_DisableEventout                        build/stm32f1xx_hal_gpio_ex.o
HAL_GPIOEx_EnableEventout                         build/stm32f1xx_hal_gpio_ex.o
HAL_GPIO_DeInit                                   build/stm32f1xx_hal_gpio.o
                                                  build/usart.o
HAL_GPIO_EXTI_Callback                            build/keypad.o
HAL_GPIO_EXTI_IRQHandler                          build/stm32f1xx_hal_gpio.o
                                                  build/stm32f1xx_it.o
HAL_GPIO_Init                                     build/stm32f1xx_hal_gpio.o
                                                  build/stm32f1xx_hal_rcc.o
                                                  build/usart.o
                                                  build/tim.o
                                                  build/gpio.o
HAL_GPIO_LockPin                                  build/stm32f1xx_hal_gpio.o
HAL_GPIO_ReadPin                                  build/stm32f1xx_hal_gpio.o
HAL_GPIO_TogglePin                                build/stm32f1xx_hal_gpio.o
HAL_GPIO_WritePin                                 build/stm32f1xx_hal_gpio.o
                                                  build/gpio.o
HAL_GetDEVID                                      build/stm32f1xx_hal.o
HAL_GetHalVersion                                 build/stm32f1xx_hal.o
HAL_GetREVID                                      build/stm32f1xx_hal.o
HAL_GetTick                                       build/stm32f1xx_hal.o
                                                  build/stm32f1xx_hal_uart.o
                                                  build/stm32f1xx_hal_flash.o
                                                  build/stm32f1xx_hal_dma.o
                                                  build/stm32f1xx_hal_rcc_ex.o
                                                  build/stm32f1xx_hal_rcc.o
HAL_GetTickFreq                                   build/stm32f1xx_hal.o
HAL_GetTickPrio                                   build/stm32f1xx_hal.o
HAL_GetUIDw0                                      build/stm32f1xx_hal.o
HAL_GetUIDw1                                      build/stm32f1xx_hal.o
HAL_GetUIDw2                                      build/stm32f1xx_hal.o
HAL_HalfDuplex_EnableReceiver                     build/stm32f1xx_hal_uart.o
HAL_HalfDuplex_EnableTransmitter                  build/stm32f1xx_hal_uart.o
HAL_HalfDuplex_Init                               build/stm32f1xx_hal_uart.o
HAL_IncTick                                       build/stm32f1xx_hal.o
                                                  build/main.o
HAL_Init                                          build/stm32f1xx_hal.o
                                                  build/main.o
HAL_InitTick                                      build/stm32f1xx_hal_timebase_tim.o
                                                  build/stm32f1xx_hal_rcc.o
HAL_LIN_Init                                      build/stm32f1xx_hal_uart.o
HAL_LIN_SendBreak                                 build/stm32f1xx_hal_uart.o
HAL_MspDeInit                                     build/stm32f1xx_hal.o
HAL_MspInit                                       build/stm32f1xx_hal_msp.o
HAL_MultiProcessor_EnterMuteMode                  build/stm32f1xx_hal_uart.o
HAL_MultiProcessor_ExitMuteMode                   build/stm32f1xx_hal_uart.o
HAL_MultiProcessor_Init                           build/stm32f1xx_hal_uart.o
HAL_NVIC_ClearPendingIRQ                          build/stm32f1xx_hal_cortex.o
HAL_NVIC_DisableIRQ                               build/stm32f1xx_hal_cortex.o
                                                  build/usart.o
HAL_NVIC_EnableIRQ                                build/stm32f1xx_hal_cortex.o
                                                  build/stm32f1xx_hal_timebase_tim.o
                                                  build/usart.o
                                                  build/gpio.o
HAL_NVIC_GetActive                                build/stm32f1xx_hal_cortex.o
HAL_NVIC_GetPendingIRQ                            build/stm32f1xx_hal_cortex.o
HAL_NVIC_GetPriority                              build/stm32f1xx_hal_cortex.o
HAL_NVIC_GetPriorityGrouping                      build/stm32f1xx_hal_cortex.o
HAL_NVIC_SetPendingIRQ                            build/stm32f1xx_hal_cortex.o
HAL_NVIC_SetPriority                              build/stm32f1xx_hal_cortex.o
                                                  build/stm32f1xx_hal.o
                                                  build/stm32f1xx_hal_timebase_tim.o
                                                  build/stm32f1xx_hal_msp.o
                                                  build/usart.o
                                                  build/gpio.o
HAL_NVIC_SetPriorityGrouping                      build/stm32f1xx_hal_cortex.o
                                                  build/stm32f1xx_hal.o
HAL_NVIC_SystemReset                              build/stm32f1xx_hal_cortex.o
                                                  build/stm32f1xx_hal_flash.o
HAL_PWR_ConfigPVD                                 build/stm32f1xx_hal_pwr.o
HAL_PWR_DeInit                                    build/stm32f1xx_hal_pwr.o
HAL_PWR_DisableBkUpAccess                         build/stm32f1xx_hal_pwr.o
HAL_PWR_DisablePVD                                build/stm32f1xx_hal_pwr.o
HAL_PWR_DisableSEVOnPend                          build/stm32f1xx_hal_pwr.o
HAL_PWR_DisableSleepOnExit                        build/stm32f1xx_hal_pwr.o
HAL_PWR_DisableWakeUpPin                          build/stm32f1xx_hal_pwr.o
HAL_PWR_EnableBkUpAccess                          build/stm32f1xx_hal_pwr.o
HAL_PWR_EnablePVD                                 build/stm32f1xx_hal_pwr.o
HAL_PWR_EnableSEVOnPend                           build/stm32f1xx_hal_pwr.o
HAL_PWR_EnableSleepOnExit                         build/stm32f1xx_hal_pwr.o
HAL_PWR_EnableWakeUpPin                           build/stm32f1xx_hal_pwr.o
HAL_PWR_EnterSLEEPMode                            build/stm32f1xx_hal_pwr.o
HAL_PWR_EnterSTANDBYMode                          build/stm32f1xx_hal_pwr.o
HAL_PWR_EnterSTOPMode                             build/stm32f1xx_hal_pwr.o
HAL_PWR_PVDCallback                               build/stm32f1xx_hal_pwr.o
HAL_PWR_PVD_IRQHandler                            build/stm32f1xx_hal_pwr.o
HAL_RCCEx_GetPeriphCLKConfig                      build/stm32f1xx_hal_rcc_ex.o
HAL_RCCEx_GetPeriphCLKFreq                        build/stm32f1xx_hal_rcc_ex.o
HAL_RCCEx_PeriphCLKConfig                         build/stm32f1xx_hal_rcc_ex.o
HAL_RCC_CSSCallback                               build/stm32f1xx_hal_rcc.o
HAL_RCC_ClockConfig                               build/stm32f1xx_hal_rcc.o
                                                  build/main.o
HAL_RCC_DeInit                                    build/stm32f1xx_hal_rcc.o
HAL_RCC_DisableCSS                                build/stm32f1xx_hal_rcc.o
HAL_RCC_EnableCSS                                 build/stm32f1xx_hal_rcc.o
HAL_RCC_GetClockConfig                            build/stm32f1xx_hal_rcc.o
                                                  build/stm32f1xx_hal_timebase_tim.o
HAL_RCC_GetHCLKFreq                               build/stm32f1xx_hal_rcc.o
HAL_RCC_GetOscConfig                              build/stm32f1xx_hal_rcc.o
HAL_RCC_GetPCLK1Freq                              build/stm32f1xx_hal_rcc.o
                                                  build/stm32f1xx_hal_uart.o
HAL_RCC_GetPCLK2Freq                              build/stm32f1xx_hal_rcc.o
                                                  build/stm32f1xx_hal_uart.o
                                                  build/stm32f1xx_hal_rcc_ex.o
                                                  build/stm32f1xx_hal_timebase_tim.o
HAL_RCC_GetSysClockFreq                           build/stm32f1xx_hal_rcc.o
HAL_RCC_MCOConfig                                 build/stm32f1xx_hal_rcc.o
HAL_RCC_NMI_IRQHandler                            build/stm32f1xx_hal_rcc.o
HAL_RCC_OscConfig                                 build/stm32f1xx_hal_rcc.o
                                                  build/main.o
HAL_ResumeTick                                    build/stm32f1xx_hal_timebase_tim.o
HAL_SYSTICK_CLKSourceConfig                       build/stm32f1xx_hal_cortex.o
HAL_SYSTICK_Callback                              build/stm32f1xx_hal_cortex.o
HAL_SYSTICK_Config                                build/stm32f1xx_hal_cortex.o
                                                  build/stm32f1xx_hal.o
HAL_SYSTICK_IRQHandler                            build/stm32f1xx_hal_cortex.o
HAL_SetTickFreq                                   build/stm32f1xx_hal.o
HAL_SuspendTick                                   build/stm32f1xx_hal_timebase_tim.o
HAL_TIMEx_BreakCallback                           build/stm32f1xx_hal_tim_ex.o
                                                  build/stm32f1xx_hal_tim.o
HAL_TIMEx_CommutCallback                          build/stm32f1xx_hal_tim_ex.o
                                                  build/stm32f1xx_hal_tim.o
HAL_TIMEx_CommutHalfCpltCallback                  build/stm32f1xx_hal_tim_ex.o
HAL_TIMEx_ConfigBreakDeadTime                     build/stm32f1xx_hal_tim_ex.o
HAL_TIMEx_ConfigCommutEvent                       build/stm32f1xx_hal_tim_ex.o
HAL_TIMEx_ConfigCommutEvent_DMA                   build/stm32f1xx_hal_tim_ex.o
HAL_TIMEx_ConfigCommutEvent_IT                    build/stm32f1xx_hal_tim_ex.o
HAL_TIMEx_GetChannelNState                        build/stm32f1xx_hal_tim_ex.o
HAL_TIMEx_HallSensor_DeInit                       build/stm32f1xx_hal_tim_ex.o
HAL_TIMEx_HallSensor_GetState                     build/stm32f1xx_hal_tim_ex.o
HAL_TIMEx_HallSensor_Init                         build/stm32f1xx_hal_tim_ex.o
HAL_TIMEx_HallSensor_MspDeInit                    build/stm32f1xx_hal_tim_ex.o
HAL_TIMEx_HallSensor_MspInit                      build/stm32f1xx_hal_tim_ex.o
HAL_TIMEx_HallSensor_Start                        build/stm32f1xx_hal_tim_ex.o
HAL_TIMEx_HallSensor_Start_DMA                    build/stm32f1xx_hal_tim_ex.o
HAL_TIMEx_HallSensor_Start_IT                     build/stm32f1xx_hal_tim_ex.o
HAL_TIMEx_HallSensor_Stop                         build/stm32f1xx_hal_tim_ex.o
HAL_TIMEx_HallSensor_Stop_DMA                     build/stm32f1xx_hal_tim_ex.o
HAL_TIMEx_HallSensor_Stop_IT                      build/stm32f1xx_hal_tim_ex.o
HAL_TIMEx_MasterConfigSynchronization             build/stm32f1xx_hal_tim_ex.o
                                                  build/tim.o
HAL_TIMEx_OCN_Start                               build/stm32f1xx_hal_tim_ex.o
HAL_TIMEx_OCN_Start_DMA                           build/stm32f1xx_hal_tim_ex.o
HAL_TIMEx_OCN_Start_IT                            build/stm32f1xx_hal_tim_ex.o
HAL_TIMEx_OCN_Stop                                build/stm32f1xx_hal_tim_ex.o
HAL_TIMEx_OCN_Stop_DMA                            build/stm32f1xx_hal_tim_ex.o
HAL_TIMEx_OCN_Stop_IT                             build/stm32f1xx_hal_tim_ex.o
HAL_TIMEx_OnePulseN_Start                         build/stm32f1xx_hal_tim_ex.o
HAL_TIMEx_OnePulseN_Start_IT                      build/stm32f1xx_hal_tim_ex.o
HAL_TIMEx_OnePulseN_Stop                          build/stm32f1xx_hal_tim_ex.o
HAL_TIMEx_OnePulseN_Stop_IT                       build/stm32f1xx_hal_tim_ex.o
HAL_TIMEx_PWMN_Start                              build/stm32f1xx_hal_tim_ex.o
HAL_TIMEx_PWMN_Start_DMA                          build/stm32f1xx_hal_tim_ex.o
HAL_TIMEx_PWMN_Start_IT                           build/stm32f1xx_hal_tim_ex.o
HAL_TIMEx_PWMN_Stop                               build/stm32f1xx_hal_tim_ex.o
HAL_TIMEx_PWMN_Stop_DMA                           build/stm32f1xx_hal_tim_ex.o
HAL_TIMEx_PWMN_Stop_IT                            build/stm32f1xx_hal_tim_ex.o
HAL_TIMEx_RemapConfig                             build/stm32f1xx_hal_tim_ex.o
HAL_TIM_Base_DeInit                               build/stm32f1xx_hal_tim.o
HAL_TIM_Base_GetState                             build/stm32f1xx_hal_tim.o
HAL_TIM_Base_Init                                 build/stm32f1xx_hal_tim.o
                                                  build/stm32f1xx_hal_timebase_tim.o
                                                  build/tim.o
HAL_TIM_Base_MspDeInit                            build/tim.o
HAL_TIM_Base_MspInit                              build/tim.o
HAL_TIM_Base_Start                                build/stm32f1xx_hal_tim.o
HAL_TIM_Base_Start_DMA                            build/stm32f1xx_hal_tim.o
HAL_TIM_Base_Start_IT                             build/stm32f1xx_hal_tim.o
                                                  build/stm32f1xx_hal_timebase_tim.o
HAL_TIM_Base_Stop                                 build/stm32f1xx_hal_tim.o
HAL_TIM_Base_Stop_DMA                             build/stm32f1xx_hal_tim.o
HAL_TIM_Base_Stop_IT                              build/stm32f1xx_hal_tim.o
HAL_TIM_ConfigClockSource                         build/stm32f1xx_hal_tim.o
                                                  build/tim.o
HAL_TIM_ConfigOCrefClear                          build/stm32f1xx_hal_tim.o
HAL_TIM_ConfigTI1Input                            build/stm32f1xx_hal_tim.o
HAL_TIM_DMABurstState                             build/stm32f1xx_hal_tim.o
HAL_TIM_DMABurst_MultiReadStart                   build/stm32f1xx_hal_tim.o
HAL_TIM_DMABurst_MultiWriteStart                  build/stm32f1xx_hal_tim.o
HAL_TIM_DMABurst_ReadStart                        build/stm32f1xx_hal_tim.o
HAL_TIM_DMABurst_ReadStop                         build/stm32f1xx_hal_tim.o
HAL_TIM_DMABurst_WriteStart                       build/stm32f1xx_hal_tim.o
HAL_TIM_DMABurst_WriteStop                        build/stm32f1xx_hal_tim.o
HAL_TIM_Encoder_DeInit                            build/stm32f1xx_hal_tim.o
HAL_TIM_Encoder_GetState                          build/stm32f1xx_hal_tim.o
HAL_TIM_Encoder_Init                              build/stm32f1xx_hal_tim.o
HAL_TIM_Encoder_MspDeInit                         build/stm32f1xx_hal_tim.o
HAL_TIM_Encoder_MspInit                           build/stm32f1xx_hal_tim.o
HAL_TIM_Encoder_Start                             build/stm32f1xx_hal_tim.o
HAL_TIM_Encoder_Start_DMA                         build/stm32f1xx_hal_tim.o
HAL_TIM_Encoder_Start_IT                          build/stm32f1xx_hal_tim.o
HAL_TIM_Encoder_Stop                              build/stm32f1xx_hal_tim.o
HAL_TIM_Encoder_Stop_DMA                          build/stm32f1xx_hal_tim.o